vite v6.4.3 building for production...
transforming...
✓ 403 modules transformed.
rendering chunks...
computing gzip size...
../build/fixture.html                           0.28 kB │ gzip:   0.22 kB
../build/.vite/manifest.json                    2.73 kB │ gzip:   0.47 kB
../build/assets/NleWorkspace-D0bNhKEW.css       1.76 kB │ gzip:   0.67 kB
../build/assets/FoundationPages-WKc1tMsE.css    4.76 kB │ gzip:   1.21 kB
../build/assets/fixture-CLljYY65.css           69.13 kB │ gzip:  12.22 kB
../build/assets/ReviewWorkspace-DiPXfl4v.js     7.54 kB │ gzip:   2.69 kB
../build/assets/SemanticDiff-D8_e6CPm.js        9.12 kB │ gzip:   3.44 kB
../build/assets/WorkspaceCanvas-CsLjg6Tu.js    18.21 kB │ gzip:   6.08 kB
../build/assets/NleWorkspace-5Mc0g82q.js       41.59 kB │ gzip:  12.13 kB
../build/assets/FoundationPages-CkoKxWK1.js   119.00 kB │ gzip:  30.82 kB
../build/assets/fixture-CawVIXug.js           695.56 kB │ gzip: 206.02 kB

(!) Some chunks are larger than 500 kB after minification. Consider:
- Using dynamic import() to code-split the application
- Use build.rollupOptions.output.manualChunks to improve chunking: https://rollupjs.org/configuration-options/#output-manualchunks
- Adjust chunk size limit for this warning via build.chunkSizeWarningLimit.
✓ built in 3.57s
