EFFECTIVE_EXTERNAL_OUTPUT=/home/user/Documents/workspace/audit-runs/FRONTEND_WAVE2_WORKFLOW_LOCAL_AUTHORING_UX_V8/continuation-session-title/browser-continuation/build-03
vite v6.4.3 building for production...
transforming...
✓ 405 modules transformed.
rendering chunks...
computing gzip size...
../../../browser-continuation/build-03/index.html                               0.59 kB │ gzip:   0.37 kB
../../../browser-continuation/build-03/.vite/manifest.json                      2.83 kB │ gzip:   0.52 kB
../../../browser-continuation/build-03/assets/FoundationPages-WKc1tMsE.css      4.76 kB │ gzip:   1.21 kB
../../../browser-continuation/build-03/assets/index-DIv6he-3.css               87.10 kB │ gzip:  15.64 kB
../../../browser-continuation/build-03/assets/fixture-DuxqVob1.js               4.21 kB │ gzip:   1.68 kB
../../../browser-continuation/build-03/assets/application-O41ThpZD.js           7.06 kB │ gzip:   2.87 kB
../../../browser-continuation/build-03/assets/SemanticDiff-ilaYmQju.js         16.67 kB │ gzip:   3.82 kB
../../../browser-continuation/build-03/assets/ReviewWorkspace-CH8I_zOE.js      22.61 kB │ gzip:   3.31 kB
../../../browser-continuation/build-03/assets/WorkspaceCanvas-D4XUQ6Yr.js      30.06 kB │ gzip:   6.61 kB
../../../browser-continuation/build-03/assets/NleWorkspace-CCY__tej.js         75.34 kB │ gzip:  11.81 kB
../../../browser-continuation/build-03/assets/FoundationPages-BVTIt0O6.js     307.92 kB │ gzip:  42.80 kB
../../../browser-continuation/build-03/assets/index-BIRQDc7_.js             1,076.87 kB │ gzip: 262.95 kB

(!) Some chunks are larger than 500 kB after minification. Consider:
- Using dynamic import() to code-split the application
- Use build.rollupOptions.output.manualChunks to improve chunking: https://rollupjs.org/configuration-options/#output-manualchunks
- Adjust chunk size limit for this warning via build.chunkSizeWarningLimit.
✓ built in 5.20s
EXPLICIT_FIXTURE_ENTRY=assets/fixture-DuxqVob1.js
