EFFECTIVE_EXTERNAL_OUTPUT=/home/user/Documents/workspace/audit-runs/FRONTEND_WAVE2_WORKFLOW_LOCAL_AUTHORING_UX_V8/continuation-session-title/browser-continuation/build
vite v6.4.3 building for production...
transforming...
✓ 570 modules transformed.
rendering chunks...
computing gzip size...
../../../browser-continuation/build/index.html                             0.59 kB │ gzip:   0.37 kB
../../../browser-continuation/build/.vite/manifest.json                    2.83 kB │ gzip:   0.52 kB
../../../browser-continuation/build/assets/FoundationPages-WKc1tMsE.css    4.76 kB │ gzip:   1.21 kB
../../../browser-continuation/build/assets/index-DIv6he-3.css             87.10 kB │ gzip:  15.64 kB
../../../browser-continuation/build/assets/SemanticDiff-DXf1Wmle.js       16.68 kB │ gzip:   3.83 kB
../../../browser-continuation/build/assets/ReviewWorkspace-Dl8KHxVH.js    22.62 kB │ gzip:   3.32 kB
../../../browser-continuation/build/assets/WorkspaceCanvas-n3tD8vau.js    30.07 kB │ gzip:   6.61 kB
../../../browser-continuation/build/assets/NleWorkspace-BunRK_iu.js       75.35 kB │ gzip:  11.82 kB
../../../browser-continuation/build/assets/FoundationPages-BujSsi4T.js   307.93 kB │ gzip:  42.80 kB
../../../browser-continuation/build/assets/application-B1FAjl-s.js       376.78 kB │ gzip: 114.27 kB
../../../browser-continuation/build/assets/fixture-bmKsbOqO.js           517.99 kB │ gzip: 157.01 kB
../../../browser-continuation/build/assets/index-iRMEACTX.js             705.80 kB │ gzip: 152.17 kB

(!) Some chunks are larger than 500 kB after minification. Consider:
- Using dynamic import() to code-split the application
- Use build.rollupOptions.output.manualChunks to improve chunking: https://rollupjs.org/configuration-options/#output-manualchunks
- Adjust chunk size limit for this warning via build.chunkSizeWarningLimit.
✓ built in 6.62s
EXPLICIT_FIXTURE_ENTRY=assets/fixture-bmKsbOqO.js
