
 RUN  v3.2.6 /home/user/Documents/workspace/projects/.worktrees/frontend-wave2-product-ux-v1/frontend

 ✓ src/product/timeline/TimelineNavigation.test.tsx (25 tests) 1939ms
stderr | src/interaction/InteractionShell.test.tsx > Slice1C malformed or missing route IDs and unsupported surface /w/w/projects/p/unsupported expose no old owner
Warning: A notFoundError was encountered on the route with ID "__root__", but a notFoundComponent option was not configured, nor was a router level defaultNotFoundComponent configured. Consider configuring at least one of these to avoid TanStack Router's overly generic defaultNotFoundComponent (<p>Not Found</p>)

stderr | src/interaction/InteractionShell.test.tsx > Slice1C malformed or missing route IDs and unsupported surface /w/w/projects/canvas expose no old owner
Warning: A notFoundError was encountered on the route with ID "__root__", but a notFoundComponent option was not configured, nor was a router level defaultNotFoundComponent configured. Consider configuring at least one of these to avoid TanStack Router's overly generic defaultNotFoundComponent (<p>Not Found</p>)

 ❯ src/interaction/InteractionShell.test.tsx (50 tests | 1 failed) 3047ms
   ✓ converges direct keyboard, toolbar, inspector, command and Agent reveal on the same selection 253ms
   ✓ modifies a synthetic rename, applies only local presentation, and updates palette discovery 214ms
   ✓ offers two explicit synthetic clips whose modifier selection drives shared shell contexts 119ms
   ✓ keeps Product UI locale independent from generated Agent conversation language 14ms
   ✓ rejects stale UI proposals and resets context synchronously across project and surface changes 40ms
   ✓ opens Inspector through the local Agent action, closes the dialog, and restores launcher focus 109ms
   ✓ keeps technical proposal evidence closed until diagnostics are explicitly opened 62ms
   ✓ traps Agent focus and restores its launcher after Escape and backdrop dismissal 16ms
   ✓ keeps Agent header, conversation body, and composer in independent regions 22ms
   ✓ preserves internal dialog mousedown defaults, text entry and button clicks 13ms
   ✓ refreshes adapter projections after render, invalidates old proposals, and prunes without a render loop 24ms
   ✓ localizes shared multi-selection and unavailable commands with stable action IDs 22ms
   ✓ binds Canvas multi-selection to Inspector, toolbar, Command and Agent and invalidates a primary-only proposal 136ms
   ✓ increases mounted provider revision across workspace, project and surface scopes with fresh empty lifetimes 11ms
   ✓ Slice1C pagehide persisted=false retires synchronously and pageshow starts fresh without restoring proposals 14ms
   ✓ Slice1C pagehide persisted=true retires synchronously and pageshow starts fresh without restoring proposals 13ms
   ✓ Slice1C actual route query and hash preserve the same live exact owner and proposal; focus is independent  412ms
   ✓ Slice1C actual route surface change is empty and fresh with no colliding localId carry and atomic observations 89ms
   ✓ Slice1C actual route project change is empty and fresh with no colliding localId carry and atomic observations 87ms
   ✓ Slice1C actual route workspace change is empty and fresh with no colliding localId carry and atomic observations 81ms
   ✓ Slice1C actual Back and Forward recreate owners without historical membership 131ms
   ✓ Slice1C aborted precommit navigation retains the actual old owner and exact valid proposal 47ms
   ✓ Slice1C committed unresolved and ERROR targets expose no old selection or adapter and late responses cannot reactivate them 57ms
   ✓ Slice1C malformed or missing route IDs and unsupported surface /w/w/projects/%20/canvas expose no old owner 49ms
   ✓ Slice1C malformed or missing route IDs and unsupported surface /w/%20/projects/p/canvas expose no old owner 48ms
   ✓ Slice1C malformed or missing route IDs and unsupported surface /w/w/projects/p/unsupported expose no old owner 51ms
   ✓ Slice1C malformed or missing route IDs and unsupported surface /w/w/projects/canvas expose no old owner 46ms
   ✓ Slice1C BLOCKED unknown project is explicitly provisional and confers no canonical authorization 55ms
   ✓ Slice1C StrictMode adapter and owner recreation stays usable but never resurrects a retired proposal 7ms
   ✓ Slice1C actual route commit cancels drag before old DOM retirement without partial geometry commit 81ms
   ✓ Slice1C actual route commit cancels marquee before old DOM retirement without partial geometry commit 83ms
   ✓ Slice1C actual route commit cancels pan before old DOM retirement without partial geometry commit 101ms
   ✓ palette enters search, clamps enabled arrows, owns result Home/End and scrolls focused buttons 8ms
   ✓ palette preserves editing and modified keys; input Enter is inert and native result click executes once 9ms
   ✓ palette reconciles filter, no-match, all-unavailable and removed or disabled active results 11ms
   ✓ palette resolves replacement by stable ID despite label and order changes 9ms
   ✓ palette blocks simulated IME navigation, activation and Escape (events) 9ms
   ✓ palette blocks simulated IME navigation, activation and Escape (native) 12ms
   ✓ palette blocks simulated IME navigation, activation and Escape (legacy) 9ms
   ✓ palette has localized purpose, one live status and external unavailable descriptions in en 7ms
   ✓ palette has localized purpose, one live status and external unavailable descriptions in zh-CN 7ms
   ✓ palette retains dialog Tab boundary trap, Escape and launcher restoration 52ms
   ✓ palette selection projections reject retained closures and dispatch current primary/query without focus selection changes 17ms
   ✓ palette suppresses a simulated composing Space release after composition ends 6ms
   ✓ retained Selection commands reject changed revisions before dispatch, including untargeted actions 15ms
   ✓ V5 discovers Canvas history in the shared palette, reconciles Inspector and keeps canonical actions disabled 154ms
   ✓ V5 retained contextual history checks live adapter availability even before a new render 2ms
   ✓ Workflow Agent preview rejects overlong titles before shared proposal truncation can bypass validation 49ms
   ✓ IR01-1 shared toolbar rejects retained selection revisions and still dispatches current local actions 14ms
   × IR01-2 current Canvas mobile properties keep title editing live and require a new opening for a new primary 143ms
     → Unable to find an accessible element with the role "button" and name "Reference placeholder"

Here are the accessible roles:

  link:

  Name "Skip to main content":
  [36m<a[39m
    [33mclass[39m=[32m"skip-link"[39m
    [33mhref[39m=[32m"#main-content"[39m
  [36m/>[39m

  Name "Media Platform home":
  [36m<a[39m
    [33maria-label[39m=[32m"Media Platform home"[39m
    [33mclass[39m=[32m"ff-brand"[39m
    [33mhref[39m=[32m"/w/w/home"[39m
  [36m/>[39m

  Name "w":
  [36m<a[39m
    [33mhref[39m=[32m"/w/w/home"[39m
  [36m/>[39m

  Name "Workspace":
  [36m<a[39m
    [33mhref[39m=[32m"/w/w/home"[39m
  [36m/>[39m

  Name "Operations":
  [36m<a[39m
    [33mhref[39m=[32m"/operations/overview"[39m
  [36m/>[39m

  Name "Admin":
  [36m<a[39m
    [33mhref[39m=[32m"/admin/organization"[39m
  [36m/>[39m

  Name "Developer":
  [36m<a[39m
    [33mhref[39m=[32m"/developer/capabilities"[39m
  [36m/>[39m

  Name "Overview":
  [36m<a[39m
    [33mhref[39m=[32m"/w/w/projects/p/overview"[39m
  [36m/>[39m

  Name "Review":
  [36m<a[39m
    [33mhref[39m=[32m"/w/w/projects/p/review"[39m
  [36m/>[39m

  Name "Production":
  [36m<a[39m
    [33mhref[39m=[32m"/w/w/projects/p/production"[39m
  [36m/>[39m

  Name "Overview FOUNDATION":
  [36m<a[39m
    [33mhref[39m=[32m"/w/w/projects/p/overview"[39m
  [36m/>[39m

  Name "Edit FOUNDATION":
  [36m<a[39m
    [33mhref[39m=[32m"/w/w/projects/p/edit"[39m
  [36m/>[39m

  Name "Canvas PREVIEW":
  [36m<a[39m
    [33maria-current[39m=[32m"page"[39m
    [33mhref[39m=[32m"/w/w/projects/p/canvas"[39m
  [36m/>[39m

  Name "Agent PREVIEW":
  [36m<a[39m
    [33mhref[39m=[32m"/w/w/projects/p/agent"[39m
  [36m/>[39m

  Name "Workflow PREVIEW":
  [36m<a[39m
    [33mhref[39m=[32m"/w/w/projects/p/workflow"[39m
  [36m/>[39m

  Name "Review PREVIEW":
  [36m<a[39m
    [33mhref[39m=[32m"/w/w/projects/p/review"[39m
  [36m/>[39m

  Name "Production PREVIEW":
  [36m<a[39m
    [33mhref[39m=[32m"/w/w/projects/p/production"[39m
  [36m/>[39m

  Name "Overview FOUNDATION":
  [36m<a[39m
    [33mhref[39m=[32m"/w/w/projects/p/overview"[39m
  [36m/>[39m

  Name "Edit FOUNDATION":
  [36m<a[39m
    [33mhref[39m=[32m"/w/w/projects/p/edit"[39m
  [36m/>[39m

  Name "Canvas PREVIEW":
  [36m<a[39m
    [33maria-current[39m=[32m"page"[39m
    [33mhref[39m=[32m"/w/w/projects/p/canvas"[39m
  [36m/>[39m

  Name "Agent PREVIEW":
  [36m<a[39m
    [33mhref[39m=[32m"/w/w/projects/p/agent"[39m
  [36m/>[39m

  Name "Workflow PREVIEW":
  [36m<a[39m
    [33mhref[39m=[32m"/w/w/projects/p/workflow"[39m
  [36m/>[39m

  Name "Review PREVIEW":
  [36m<a[39m
    [33mhref[39m=[32m"/w/w/projects/p/review"[39m
  [36m/>[39m

  Name "Production PREVIEW":
  [36m<a[39m
    [33mhref[39m=[32m"/w/w/projects/p/production"[39m
  [36m/>[39m

  --------------------------------------------------
  banner:

  Name "":
  [36m<header[39m
    [33mclass[39m=[32m"ff-workspace-header"[39m
  [36m/>[39m

  Name "":
  [36m<header[39m
    [33mclass[39m=[32m"ff-page-heading"[39m
  [36m/>[39m

  Name "":
  [36m<header[39m
    [33mclass[39m=[32m"ff-dialog-heading"[39m
  [36m/>[39m

  --------------------------------------------------
  strong:

  Name "":
  [36m<strong />[39m

  Name "":
  [36m<strong />[39m

  Name "":
  [36m<strong />[39m

  --------------------------------------------------
  navigation:

  Name "Breadcrumb":
  [36m<nav[39m
    [33maria-label[39m=[32m"Breadcrumb"[39m
  [36m/>[39m

  Name "Global navigation":
  [36m<nav[39m
    [33maria-label[39m=[32m"Global navigation"[39m
    [33mclass[39m=[32m"ff-global-nav"[39m
  [36m/>[39m

  Name "Project navigation":
  [36m<nav[39m
    [33maria-label[39m=[32m"Project navigation"[39m
    [33mclass[39m=[32m"ff-project-nav"[39m
  [36m/>[39m

  Name "Navigation drawer surfaces":
  [36m<nav[39m
    [33maria-label[39m=[32m"Navigation drawer surfaces"[39m
    [33mclass[39m=[32m"ff-surface-switcher"[39m
  [36m/>[39m

  Name "Project surface switcher":
  [36m<nav[39m
    [33maria-label[39m=[32m"Project surface switcher"[39m
    [33mclass[39m=[32m"ff-surface-switcher"[39m
  [36m/>[39m

  --------------------------------------------------
  list:

  Name "":
  [36m<ol[39m
    [33mclass[39m=[32m"ff-breadcrumb"[39m
  [36m/>[39m

  --------------------------------------------------
  listitem:

  Name "":
  [36m<li />[39m

  Name "":
  [36m<li />[39m

  --------------------------------------------------
  combobox:

  Name "Product UI language":
  [36m<select />[39m

  --------------------------------------------------
  option:

  Name "English":
  [36m<option[39m
    [33mvalue[39m=[32m"en"[39m
  [36m/>[39m

  Name "简体中文":
  [36m<option[39m
    [33mvalue[39m=[32m"zh-CN"[39m
  [36m/>[39m

  --------------------------------------------------
  group:

  Name "":
  [36m<details[39m
    [33mclass[39m=[32m"ff-navigation-menu"[39m
  [36m/>[39m

  Name "":
  [36m<details />[39m

  Name "":
  [36m<details />[39m

  Name "Local edit history":
  [36m<div[39m
    [33maria-label[39m=[32m"Local edit history"[39m
    [33mclass[39m=[32m"ff-canvas-toolbar"[39m
    [33mrole[39m=[32m"group"[39m
  [36m/>[39m

  Name "":
  [36m<details />[39m

  Name "":
  [36m<details[39m
    [33mclass[39m=[32m"ff-compact-details"[39m
  [36m/>[39m

  --------------------------------------------------
  button:

  Name "Toggle asset browser":
  [36m<button[39m
    [33maria-pressed[39m=[32m"false"[39m
    [33mclass[39m=[32m"ff-button ff-button--ghost "[39m
  [36m/>[39m

  Name "Commands Mod+K":
  [36m<button[39m
    [33mclass[39m=[32m"ff-button ff-button--ghost "[39m
  [36m/>[39m

  Name "Keyboard shortcut":
  [36m<button[39m
    [33mclass[39m=[32m"ff-button ff-button--ghost "[39m
  [36m/>[39m

  Name "Ask Agent":
  [36m<button[39m
    [33mclass[39m=[32m"ff-button ff-button--secondary ff-agent-launcher"[39m
  [36m/>[39m

  Name "Notifications · unread count unknown":
  [36m<button[39m
    [33maria-expanded[39m=[32m"false"[39m
    [33maria-haspopup[39m=[32m"dialog"[39m
    [33maria-label[39m=[32m"Notifications · unread count unknown"[39m
    [33mclass[39m=[32m"ff-notification-entry"[39m
    [33mtype[39m=[32m"button"[39m
  [36m/>[39m

  Name "Hide inspector":
  [36m<button[39m
    [33maria-controls[39m=[32m"selection-inspector"[39m
    [33maria-expanded[39m=[32m"true"[39m
    [33mclass[39m=[32m"ff-button ff-button--secondary "[39m
  [36m/>[39m

  Name "Reveal primary node":
  [36m<button[39m
    [33mclass[39m=[32m"ff-button ff-button--secondary "[39m
  [36m/>[39m

  Name "Clear selection":
  [36m<button[39m
    [33mclass[39m=[32m"ff-button ff-button--secondary "[39m
  [36m/>[39m

  Name "Edit local properties":
  [36m<button[39m
    [33mclass[39m=[32m"ff-button ff-button--secondary "[39m
  [36m/>[39m

  Name "Apply canonical change":
  [36m<button[39m
    [33mclass[39m=[32m"ff-button ff-button--secondary "[39m
    [33mdisabled[39m=[32m""[39m
  [36m/>[39m

  Name "Ask Agent":
  [36m<button[39m
    [33mclass[39m=[32m"ff-button ff-button--secondary "[39m
  [36m/>[39m

  Name "Multi-select":
  [36m<button[39m
    [33maria-pressed[39m=[32m"false"[39m
    [33mclass[39m=[32m"ff-button ff-button--secondary "[39m
  [36m/>[39m

  Name "Undo local edit":
  [36m<button[39m
    [33maria-describedby[39m=[32m"canvas-history-status"[39m
    [33maria-disabled[39m=[32m"false"[39m
    [33mclass[39m=[32m"ff-button ff-button--secondary "[39m
    [33mdata-canvas-history[39m=[32m"undo"[39m
  [36m/>[39m

  Name "Redo local edit":
  [36m<button[39m
    [33maria-describedby[39m=[32m"canvas-history-status"[39m
    [33maria-disabled[39m=[32m"true"[39m
    [33mclass[39m=[32m"ff-button ff-button--secondary "[39m
    [33mdata-canvas-history[39m=[32m"redo"[39m
  [36m/>[39m

  Name "Select":
  [36m<button[39m
    [33maria-pressed[39m=[32m"true"[39m
    [33mclass[39m=[32m"ff-button ff-button--secondary "[39m
  [36m/>[39m

  Name "Pan":
  [36m<button[39m
    [33maria-pressed[39m=[32m"false"[39m
    [33mclass[39m=[32m"ff-button ff-button--secondary "[39m
  [36m/>[39m

  Name "Fit canvas":
  [36m<button[39m
    [33mclass[39m=[32m"ff-button ff-button--secondary "[39m
  [36m/>[39m

  Name "Pan left":
  [36m<button[39m
    [33mclass[39m=[32m"ff-button ff-button--secondary "[39m
  [36m/>[39m

  Name "Pan right":
  [36m<button[39m
    [33mclass[39m=[32m"ff-button ff-button--secondary "[39m
  [36m/>[39m

  Name "Pan up":
  [36m<button[39m
    [33mclass[39m=[32m"ff-button ff-button--secondary "[39m
  [36m/>[39m

  Name "Pan down":
  [36m<button[39m
    [33mclass[39m=[32m"ff-button ff-button--secondary "[39m
  [36m/>[39m

  Name "Zoom out":
  [36m<button[39m
    [33mclass[39m=[32m"ff-button ff-button--secondary "[39m
  [36m/>[39m

  Name "Zoom in":
  [36m<button[39m
    [33mclass[39m=[32m"ff-button ff-button--secondary "[39m
  [36m/>[39m

  Name "Reset viewport":
  [36m<button[39m
    [33mclass[39m=[32m"ff-button ff-button--secondary "[39m
  [36m/>[39m

  Name "Create semantic relationship":
  [36m<button[39m
    [33mclass[39m=[32m"ff-button ff-button--secondary "[39m
    [33mdisabled[39m=[32m""[39m
    [33mtitle[39m=[32m"No canonical relationship command is integrated."[39m
  [36m/>[39m

  Name "Project reference":
  [36m<button[39m
    [33maria-label[39m=[32m"Project reference"[39m
    [33maria-pressed[39m=[32m"false"[39m
    [33mclass[39m=[32m"ff-canvas-node"[39m
    [33mdata-canvas-node[39m=[32m"project-node"[39m
    [33mstyle[39m=[32m"left: 120px; top: 90px; width: 230px; height: 160px; overflow: hidden;"[39m
    [33mtype[39m=[32m"button"[39m
  [36m/>[39m

  Name "Still editing":
  [36m<button[39m
    [33maria-label[39m=[32m"Still editing"[39m
    [33maria-pressed[39m=[32m"true"[39m
    [33mclass[39m=[32m"ff-canvas-node"[39m
    [33mdata-canvas-node[39m=[32m"note-node"[39m
    [33mstyle[39m=[32m"left: 430px; top: 230px; width: 230px; height: 160px; overflow: hidden;"[39m
    [33mtype[39m=[32m"button"[39m
  [36m/>[39m

  Name "Show primary node":
  [36m<button[39m
    [33mclass[39m=[32m"ff-button ff-button--secondary "[39m
  [36m/>[39m

  Name "Open selection properties":
  [36m<button[39m
    [33mclass[39m=[32m"ff-button ff-button--secondary ff-mobile-inspector-launcher"[39m
  [36m/>[39m

  Name "Close Selection properties":
  [36m<button[39m
    [33maria-label[39m=[32m"Close Selection properties"[39m
    [33mtype[39m=[32m"button"[39m
  [36m/>[39m

  Name "Show primary node":
  [36m<button[39m
    [33mclass[39m=[32m"ff-button ff-button--secondary "[39m
  [36m/>[39m

  Name "Hide inspector":
  [36m<button[39m
    [33mclass[39m=[32m"ff-button ff-button--secondary "[39m
  [36m/>[39m

  --------------------------------------------------
  main:

  Name "":
  [36m<main[39m
    [33mclass[39m=[32m"ff-center-workspace"[39m
    [33mid[39m=[32m"main-content"[39m
    [33mtabindex[39m=[32m"-1"[39m
  [36m/>[39m

  --------------------------------------------------
  heading:

  Name "Infinite canvas":
  [36m<h1 />[39m

  Name "Local node inspector":
  [36m<h3 />[39m

  Name "Selection properties":
  [36m<h2[39m
    [33mid[39m=[32m"_r_3u_"[39m
  [36m/>[39m

  Name "Local node inspector":
  [36m<h3 />[39m

  --------------------------------------------------
  paragraph:

  Name "":
  [36m<p />[39m

  Name "":
  [36m<p />[39m

  Name "":
  [36m<p />[39m

  Name "":
  [36m<p[39m
    [33mclass[39m=[32m"ff-canvas-guidance"[39m
  [36m/>[39m

  Name "":
  [36m<p[39m
    [33mclass[39m=[32m"ff-canvas-guidance"[39m
    [33mid[39m=[32m"canvas-keyboard-help"[39m
  [36m/>[39m

  Name "":
  [36m<p[39m
    [33mclass[39m=[32m"ff-canvas-guidance"[39m
    [33mid[39m=[32m"canvas-pointer-help"[39m
  [36m/>[39m

  Name "":
  [36m<p />[39m

  Name "":
  [36m<p />[39m

  Name "":
  [36m<p />[39m

  Name "":
  [36m<p />[39m

  --------------------------------------------------
  toolbar:

  Name "Selection actions":
  [36m<div[39m
    [33maria-label[39m=[32m"Selection actions"[39m
    [33mclass[39m=[32m"ff-selection-bar"[39m
    [33mdata-testid[39m=[32m"selection-actions"[39m
    [33mrole[39m=[32m"toolbar"[39m
  [36m/>[39m

  --------------------------------------------------
  code:

  Name "":
  [36m<code />[39m

  Name "":
  [36m<code />[39m

  Name "":
  [36m<code />[39m

  Name "":
  [36m<code />[39m

  --------------------------------------------------
  status:

  Name "":
  [36m<span[39m
    [33mid[39m=[32m"canvas-history-status"[39m
    [33mrole[39m=[32m"status"[39m
  [36m/>[39m

  Name "":
  [36m<output[39m
    [33maria-live[39m=[32m"polite"[39m
  [36m/>[39m

  Name "":
  [36m<div[39m
    [33mclass[39m=[32m"ff-canvas-status"[39m
    [33mrole[39m=[32m"status"[39m
  [36m/>[39m

  --------------------------------------------------
  region:

  Name "Infinite canvas workspace":
  [36m<div[39m
    [33maria-describedby[39m=[32m"canvas-keyboard-help canvas-pointer-help"[39m
    [33maria-label[39m=[32m"Infinite canvas workspace"[39m
    [33mclass[39m=[32m"ff-workspace-canvas"[39m
    [33mrole[39m=[32m"region"[39m
    [33mstyle[39m=[32m"background-size: 24px 24px;"[39m
    [33mtabindex[39m=[32m"0"[39m
  [36m/>[39m

  --------------------------------------------------
  complementary:

  Name "Selection inspector":
  [36m<aside[39m
    [33maria-label[39m=[32m"Selection inspector"[39m
    [33mclass[39m=[32m"ff-selection-inspector"[39m
    [33mid[39m=[32m"selection-inspector"[39m
  [36m/>[39m

  --------------------------------------------------
  textbox:

  Name "Local title":
  [36m<input[39m
    [33mclass[39m=[32m"ff-input "[39m
    [33mmaxlength[39m=[32m"120"[39m
    [33mvalue[39m=[32m"Still editing"[39m
  [36m/>[39m

  Name "Local title":
  [36m<input[39m
    [33mclass[39m=[32m"ff-input "[39m
    [33mmaxlength[39m=[32m"120"[39m
    [33mvalue[39m=[32m"Still editing"[39m
  [36m/>[39m

  --------------------------------------------------
  spinbutton:

  Name "Local X":
  [36m<input[39m
    [33mclass[39m=[32m"ff-input "[39m
    [33mmax[39m=[32m"2000"[39m
    [33mmin[39m=[32m"-2000"[39m
    [33mtype[39m=[32m"number"[39m
    [33mvalue[39m=[32m"430"[39m
  [36m/>[39m

  Name "Local Y":
  [36m<input[39m
    [33mclass[39m=[32m"ff-input "[39m
    [33mmax[39m=[32m"2000"[39m
    [33mmin[39m=[32m"-2000"[39m
    [33mtype[39m=[32m"number"[39m
    [33mvalue[39m=[32m"230"[39m
  [36m/>[39m

  Name "Local X":
  [36m<input[39m
    [33mclass[39m=[32m"ff-input "[39m
    [33mmax[39m=[32m"2000"[39m
    [33mmin[39m=[32m"-2000"[39m
    [33mtype[39m=[32m"number"[39m
    [33mvalue[39m=[32m"430"[39m
  [36m/>[39m

  Name "Local Y":
  [36m<input[39m
    [33mclass[39m=[32m"ff-input "[39m
    [33mmax[39m=[32m"2000"[39m
    [33mmin[39m=[32m"-2000"[39m
    [33mtype[39m=[32m"number"[39m
    [33mvalue[39m=[32m"230"[39m
  [36m/>[39m

  --------------------------------------------------
  dialog:

  Name "Selection properties":
  [36m<section[39m
    [33maria-labelledby[39m=[32m"_r_3u_"[39m
    [33maria-modal[39m=[32m"true"[39m
    [33mclass[39m=[32m"ff-interaction-dialog "[39m
    [33mrole[39m=[32m"dialog"[39m
    [33mtabindex[39m=[32m"-1"[39m
  [36m/>[39m

  --------------------------------------------------

Ignored nodes: comments, script, style
[36m<body>[39m
  [36m<div>[39m
    [36m<div[39m
      [33mclass[39m=[32m"ff-app-shell"[39m
      [33mdata-studio[39m=[32m"horizontal"[39m
      [33mdata-surface[39m=[32m"canvas"[39m
    [36m>[39m
      [36m<a[39m
        [33mclass[39m=[32m"skip-link"[39m
        [33mhref[39m=[32m"#main-content"[39m
      [36m>[39m
        [0mSkip to main content[0m
      [36m</a>[39m
      [36m<header[39m
        [33mclass[39m=[32m"ff-workspace-header"[39m
      [36m>[39m
        [36m<a[39m
          [33maria-label[39m=[32m"Media Platform home"[39m
          [33mclass[39m=[32m"ff-brand"[39m
          [33mhref[39m=[32m"/w/w/home"[39m
        [36m>[39m
          [36m<span[39m
            [33maria-hidden[39m=[32m"true"[39m
          [36m>[39m
            [0mMP[0m
          [36m</span>[39m
          [36m<strong>[39m
            [0mMedia Platform[0m
          [36m</strong>[39m
        [36m</a>[39m
        [36m<nav[39m
          [33maria-label[39m=[32m"Breadcrumb"[39m
        [36m>[39m
          [36m<ol[39m
            [33mclass[39m=[32m"ff-breadcrumb"[39m
          [36m>[39m
            [36m<li>[39m
              [36m<a[39m
                [33mhref[39m=[32m"/w/w/home"[39m
              [36m>[39m
                [0mw[0m
              [36m</a>[39m
            [36m</li>[39m
            [36m<li>[39m
              [36m<span[39m
                [33maria-current[39m=[32m"page"[39m
              [36m>[39m
                [0mp[0m
              [36m</span>[39m
            [36m</li>[39m
          [36m</ol>[39m
        [36m</nav>[39m
        [36m<span[39m
          [33mclass[39m=[32m"ff-header-actions"[39m
        [36m>[39m
          [0mCreative workspace[0m
        [36m</span>[39m
        [36m<label[39m
          [33mclass[39m=[32m"ff-locale-selector"[39m
        [36m>[39m
          [0mProduct UI language[0m
          [36m<select>[39m
            [36m<option[39m
              [33mvalue[39m=[32m"en"[39m
            [36m>[39m
              [0mEnglish[0m
            [36m</option>[39m
            [36m<option[39m
              [33mvalue[39m=[32m"zh-CN"[39m
            [36m>[39m
              [0m简体中文[0m
            [36m</option>[39m
          [36m</select>[39m
        [36m</label>[39m
      [36m</header>[39m
      [36m<div[39m
        [33maria-label[39m=[32m"Panel controls"[39m
        [33mclass[39m=[32m"ff-shell-toolbar"[39m
      [36m>[39m
        [36m<details[39m
          [33mclass[39m=[32m"ff-navigation-menu"[39m
        [36m>[39m
          [36m<summary>[39m
            [0mNavigation[0m
          [36m</summary>[39m
          [36m<div[39m
            [33mclass[39m=[32m"ff-navigation-drawer"[39m
          [36m>[39m
            [36m<nav[39m
              [33maria-label[39m=[32m"Global navigation"[39m
              [33mclass[39m=[32m"ff-global-nav"[39m
            [36m>[39m
              [36m<a[39m
                [33mhref[39m=[32m"/w/w/home"[39m
              [36m>[39m
                [0mWorkspace[0m
              [36m</a>[39m
              [36m<a[39m
                [33mhref[39m=[32m"/operations/overview"[39m
              [36m>[39m
                [0mOperations[0m
              [36m</a>[39m
              [36m<a[39m
                [33mhref[39m=[32m"/admin/organization"[39m
              [36m>[39m
                [0mAdmin[0m
              [36m</a>[39m
              [36m<a[39m
                [33mhref[39m=[32m"/developer/capabilities"[39m
              [36m>[39m
                [0mDeveloper[0m
              [36m</a>[39m
            [36m</nav>[39m
            [36m<nav[39m
              [33maria-label[39m=[32m"Project navigation"[39m
              [33mclass[39m=[32m"ff-project-nav"[39m
            [36m>[39m
              [36m<a[39m
                [33mhref[39m=[32m"/w/w/projects/p/overview"[39m
              [36m>[39m
                [0mOverview[0m
              [36m</a>[39m
              [36m<a[39m
                [33mhref[39m=[32m"/w/w/projects/p/review"[39m
              [36m>[39m
                [0mReview[0m
              [36m</a>[39m
              [36m<a[39m
                [33mhref[39m=[32m"/w/w/projects/p/production"[39m
              [36m>[39m
                [0mProduction[0m
              [36m</a>[39m
            [36m</nav>[39m
            [36m<nav[39m
              [33maria-label[39m=[32m"Navigation drawer surfaces"[39m
              [33mclass[39m=[32m"ff-surface-switcher"[39m
            [36m>[39m
              [36m<a[39m
                [33mhref[39m=[32m"/w/w/projects/p/overview"[39m
              [36m>[39m
                [0mOverview[0m
                [36m<span[39m
                  [33mclass[39m=[32m"ff-badge ff-badge--neutral"[39m
                [36m>[39m
                  [0mFOUNDATION[0m
                [36m</span>[39m
              [36m</a>[39m
              [36m<a[39m
                [33mhref[39m=[32m"/w/w/projects/p/edit"[39m
              [36m>[39m
                [0mEdit[0m
                [36m<span[39m
                  [33mclass[39m=[32m"ff-badge ff-badge--neutral"[39m
                [36m>[39m
                  [0mFOUNDATION[0m
                [36m</span>[39m
              [36m</a>[39m
              [36m<a[39m
                [33maria-current[39m=[32m"page"[39m
                [33mhref[39m=[32m"/w/w/projects/p/canvas"[39m
              [36m>[39m
                [0mCanvas[0m
                [36m<span[39m
                  [33mclass[39m=[32m"ff-badge ff-badge--warning"[39m
                [36m>[39m
                  [0mPREVIEW[0m
                [36m</span>[39m
              [36m</a>[39m
              [36m<a[39m
                [33mhref[39m=[32m"/w/w/projects/p/agent"[39m
              [36m>[39m
                [0mAgent[0m
                [36m<span[39m
                  [33mclass[39m=[32m"ff-badge ff-badge--warning"[39m
                [36m>[39m
                  [0mPREVIEW[0m
                [36m</span>[39m
              [36m</a>[39m
              [36m<a[39m
                [33mhref[39m=[32m"/w/w/projects/p/workflow"[39m
              [36m>[39m
                [0mWorkflow[0m
                [36m<span[39m
                  [33mclass[39m=[32m"ff-badge ff-badge--warning"[39m
                [36m>[39m
                  [0mPREVIEW[0m
                [36m</span>[39m
              [36m</a>[39m
              [36m<a[39m
                [33mhref[39m=[32m"/w/w/projects/p/review"[39m
              [36m>[39m
                [0mReview[0m
                [36m<span[39m
                  [33mclass[39m=[32m"ff-badge ff-badge--warning"[39m
                [36m>[39m
                  [0mPREVIEW[0m
                [36m</s...

⎯⎯⎯⎯⎯⎯⎯ Failed Tests 1 ⎯⎯⎯⎯⎯⎯⎯

 FAIL  src/interaction/InteractionShell.test.tsx > IR01-2 current Canvas mobile properties keep title editing live and require a new opening for a new primary
TestingLibraryElementError: Unable to find an accessible element with the role "button" and name "Reference placeholder"

Here are the accessible roles:

  link:

  Name "Skip to main content":
  [36m<a[39m
    [33mclass[39m=[32m"skip-link"[39m
    [33mhref[39m=[32m"#main-content"[39m
  [36m/>[39m

  Name "Media Platform home":
  [36m<a[39m
    [33maria-label[39m=[32m"Media Platform home"[39m
    [33mclass[39m=[32m"ff-brand"[39m
    [33mhref[39m=[32m"/w/w/home"[39m
  [36m/>[39m

  Name "w":
  [36m<a[39m
    [33mhref[39m=[32m"/w/w/home"[39m
  [36m/>[39m

  Name "Workspace":
  [36m<a[39m
    [33mhref[39m=[32m"/w/w/home"[39m
  [36m/>[39m

  Name "Operations":
  [36m<a[39m
    [33mhref[39m=[32m"/operations/overview"[39m
  [36m/>[39m

  Name "Admin":
  [36m<a[39m
    [33mhref[39m=[32m"/admin/organization"[39m
  [36m/>[39m

  Name "Developer":
  [36m<a[39m
    [33mhref[39m=[32m"/developer/capabilities"[39m
  [36m/>[39m

  Name "Overview":
  [36m<a[39m
    [33mhref[39m=[32m"/w/w/projects/p/overview"[39m
  [36m/>[39m

  Name "Review":
  [36m<a[39m
    [33mhref[39m=[32m"/w/w/projects/p/review"[39m
  [36m/>[39m

  Name "Production":
  [36m<a[39m
    [33mhref[39m=[32m"/w/w/projects/p/production"[39m
  [36m/>[39m

  Name "Overview FOUNDATION":
  [36m<a[39m
    [33mhref[39m=[32m"/w/w/projects/p/overview"[39m
  [36m/>[39m

  Name "Edit FOUNDATION":
  [36m<a[39m
    [33mhref[39m=[32m"/w/w/projects/p/edit"[39m
  [36m/>[39m

  Name "Canvas PREVIEW":
  [36m<a[39m
    [33maria-current[39m=[32m"page"[39m
    [33mhref[39m=[32m"/w/w/projects/p/canvas"[39m
  [36m/>[39m

  Name "Agent PREVIEW":
  [36m<a[39m
    [33mhref[39m=[32m"/w/w/projects/p/agent"[39m
  [36m/>[39m

  Name "Workflow PREVIEW":
  [36m<a[39m
    [33mhref[39m=[32m"/w/w/projects/p/workflow"[39m
  [36m/>[39m

  Name "Review PREVIEW":
  [36m<a[39m
    [33mhref[39m=[32m"/w/w/projects/p/review"[39m
  [36m/>[39m

  Name "Production PREVIEW":
  [36m<a[39m
    [33mhref[39m=[32m"/w/w/projects/p/production"[39m
  [36m/>[39m

  Name "Overview FOUNDATION":
  [36m<a[39m
    [33mhref[39m=[32m"/w/w/projects/p/overview"[39m
  [36m/>[39m

  Name "Edit FOUNDATION":
  [36m<a[39m
    [33mhref[39m=[32m"/w/w/projects/p/edit"[39m
  [36m/>[39m

  Name "Canvas PREVIEW":
  [36m<a[39m
    [33maria-current[39m=[32m"page"[39m
    [33mhref[39m=[32m"/w/w/projects/p/canvas"[39m
  [36m/>[39m

  Name "Agent PREVIEW":
  [36m<a[39m
    [33mhref[39m=[32m"/w/w/projects/p/agent"[39m
  [36m/>[39m

  Name "Workflow PREVIEW":
  [36m<a[39m
    [33mhref[39m=[32m"/w/w/projects/p/workflow"[39m
  [36m/>[39m

  Name "Review PREVIEW":
  [36m<a[39m
    [33mhref[39m=[32m"/w/w/projects/p/review"[39m
  [36m/>[39m

  Name "Production PREVIEW":
  [36m<a[39m
    [33mhref[39m=[32m"/w/w/projects/p/production"[39m
  [36m/>[39m

  --------------------------------------------------
  banner:

  Name "":
  [36m<header[39m
    [33mclass[39m=[32m"ff-workspace-header"[39m
  [36m/>[39m

  Name "":
  [36m<header[39m
    [33mclass[39m=[32m"ff-page-heading"[39m
  [36m/>[39m

  Name "":
  [36m<header[39m
    [33mclass[39m=[32m"ff-dialog-heading"[39m
  [36m/>[39m

  --------------------------------------------------
  strong:

  Name "":
  [36m<strong />[39m

  Name "":
  [36m<strong />[39m

  Name "":
  [36m<strong />[39m

  --------------------------------------------------
  navigation:

  Name "Breadcrumb":
  [36m<nav[39m
    [33maria-label[39m=[32m"Breadcrumb"[39m
  [36m/>[39m

  Name "Global navigation":
  [36m<nav[39m
    [33maria-label[39m=[32m"Global navigation"[39m
    [33mclass[39m=[32m"ff-global-nav"[39m
  [36m/>[39m

  Name "Project navigation":
  [36m<nav[39m
    [33maria-label[39m=[32m"Project navigation"[39m
    [33mclass[39m=[32m"ff-project-nav"[39m
  [36m/>[39m

  Name "Navigation drawer surfaces":
  [36m<nav[39m
    [33maria-label[39m=[32m"Navigation drawer surfaces"[39m
    [33mclass[39m=[32m"ff-surface-switcher"[39m
  [36m/>[39m

  Name "Project surface switcher":
  [36m<nav[39m
    [33maria-label[39m=[32m"Project surface switcher"[39m
    [33mclass[39m=[32m"ff-surface-switcher"[39m
  [36m/>[39m

  --------------------------------------------------
  list:

  Name "":
  [36m<ol[39m
    [33mclass[39m=[32m"ff-breadcrumb"[39m
  [36m/>[39m

  --------------------------------------------------
  listitem:

  Name "":
  [36m<li />[39m

  Name "":
  [36m<li />[39m

  --------------------------------------------------
  combobox:

  Name "Product UI language":
  [36m<select />[39m

  --------------------------------------------------
  option:

  Name "English":
  [36m<option[39m
    [33mvalue[39m=[32m"en"[39m
  [36m/>[39m

  Name "简体中文":
  [36m<option[39m
    [33mvalue[39m=[32m"zh-CN"[39m
  [36m/>[39m

  --------------------------------------------------
  group:

  Name "":
  [36m<details[39m
    [33mclass[39m=[32m"ff-navigation-menu"[39m
  [36m/>[39m

  Name "":
  [36m<details />[39m

  Name "":
  [36m<details />[39m

  Name "Local edit history":
  [36m<div[39m
    [33maria-label[39m=[32m"Local edit history"[39m
    [33mclass[39m=[32m"ff-canvas-toolbar"[39m
    [33mrole[39m=[32m"group"[39m
  [36m/>[39m

  Name "":
  [36m<details />[39m

  Name "":
  [36m<details[39m
    [33mclass[39m=[32m"ff-compact-details"[39m
  [36m/>[39m

  --------------------------------------------------
  button:

  Name "Toggle asset browser":
  [36m<button[39m
    [33maria-pressed[39m=[32m"false"[39m
    [33mclass[39m=[32m"ff-button ff-button--ghost "[39m
  [36m/>[39m

  Name "Commands Mod+K":
  [36m<button[39m
    [33mclass[39m=[32m"ff-button ff-button--ghost "[39m
  [36m/>[39m

  Name "Keyboard shortcut":
  [36m<button[39m
    [33mclass[39m=[32m"ff-button ff-button--ghost "[39m
  [36m/>[39m

  Name "Ask Agent":
  [36m<button[39m
    [33mclass[39m=[32m"ff-button ff-button--secondary ff-agent-launcher"[39m
  [36m/>[39m

  Name "Notifications · unread count unknown":
  [36m<button[39m
    [33maria-expanded[39m=[32m"false"[39m
    [33maria-haspopup[39m=[32m"dialog"[39m
    [33maria-label[39m=[32m"Notifications · unread count unknown"[39m
    [33mclass[39m=[32m"ff-notification-entry"[39m
    [33mtype[39m=[32m"button"[39m
  [36m/>[39m

  Name "Hide inspector":
  [36m<button[39m
    [33maria-controls[39m=[32m"selection-inspector"[39m
    [33maria-expanded[39m=[32m"true"[39m
    [33mclass[39m=[32m"ff-button ff-button--secondary "[39m
  [36m/>[39m

  Name "Reveal primary node":
  [36m<button[39m
    [33mclass[39m=[32m"ff-button ff-button--secondary "[39m
  [36m/>[39m

  Name "Clear selection":
  [36m<button[39m
    [33mclass[39m=[32m"ff-button ff-button--secondary "[39m
  [36m/>[39m

  Name "Edit local properties":
  [36m<button[39m
    [33mclass[39m=[32m"ff-button ff-button--secondary "[39m
  [36m/>[39m

  Name "Apply canonical change":
  [36m<button[39m
    [33mclass[39m=[32m"ff-button ff-button--secondary "[39m
    [33mdisabled[39m=[32m""[39m
  [36m/>[39m

  Name "Ask Agent":
  [36m<button[39m
    [33mclass[39m=[32m"ff-button ff-button--secondary "[39m
  [36m/>[39m

  Name "Multi-select":
  [36m<button[39m
    [33maria-pressed[39m=[32m"false"[39m
    [33mclass[39m=[32m"ff-button ff-button--secondary "[39m
  [36m/>[39m

  Name "Undo local edit":
  [36m<button[39m
    [33maria-describedby[39m=[32m"canvas-history-status"[39m
    [33maria-disabled[39m=[32m"false"[39m
    [33mclass[39m=[32m"ff-button ff-button--secondary "[39m
    [33mdata-canvas-history[39m=[32m"undo"[39m
  [36m/>[39m

  Name "Redo local edit":
  [36m<button[39m
    [33maria-describedby[39m=[32m"canvas-history-status"[39m
    [33maria-disabled[39m=[32m"true"[39m
    [33mclass[39m=[32m"ff-button ff-button--secondary "[39m
    [33mdata-canvas-history[39m=[32m"redo"[39m
  [36m/>[39m

  Name "Select":
  [36m<button[39m
    [33maria-pressed[39m=[32m"true"[39m
    [33mclass[39m=[32m"ff-button ff-button--secondary "[39m
  [36m/>[39m

  Name "Pan":
  [36m<button[39m
    [33maria-pressed[39m=[32m"false"[39m
    [33mclass[39m=[32m"ff-button ff-button--secondary "[39m
  [36m/>[39m

  Name "Fit canvas":
  [36m<button[39m
    [33mclass[39m=[32m"ff-button ff-button--secondary "[39m
  [36m/>[39m

  Name "Pan left":
  [36m<button[39m
    [33mclass[39m=[32m"ff-button ff-button--secondary "[39m
  [36m/>[39m

  Name "Pan right":
  [36m<button[39m
    [33mclass[39m=[32m"ff-button ff-button--secondary "[39m
  [36m/>[39m

  Name "Pan up":
  [36m<button[39m
    [33mclass[39m=[32m"ff-button ff-button--secondary "[39m
  [36m/>[39m

  Name "Pan down":
  [36m<button[39m
    [33mclass[39m=[32m"ff-button ff-button--secondary "[39m
  [36m/>[39m

  Name "Zoom out":
  [36m<button[39m
    [33mclass[39m=[32m"ff-button ff-button--secondary "[39m
  [36m/>[39m

  Name "Zoom in":
  [36m<button[39m
    [33mclass[39m=[32m"ff-button ff-button--secondary "[39m
  [36m/>[39m

  Name "Reset viewport":
  [36m<button[39m
    [33mclass[39m=[32m"ff-button ff-button--secondary "[39m
  [36m/>[39m

  Name "Create semantic relationship":
  [36m<button[39m
    [33mclass[39m=[32m"ff-button ff-button--secondary "[39m
    [33mdisabled[39m=[32m""[39m
    [33mtitle[39m=[32m"No canonical relationship command is integrated."[39m
  [36m/>[39m

  Name "Project reference":
  [36m<button[39m
    [33maria-label[39m=[32m"Project reference"[39m
    [33maria-pressed[39m=[32m"false"[39m
    [33mclass[39m=[32m"ff-canvas-node"[39m
    [33mdata-canvas-node[39m=[32m"project-node"[39m
    [33mstyle[39m=[32m"left: 120px; top: 90px; width: 230px; height: 160px; overflow: hidden;"[39m
    [33mtype[39m=[32m"button"[39m
  [36m/>[39m

  Name "Still editing":
  [36m<button[39m
    [33maria-label[39m=[32m"Still editing"[39m
    [33maria-pressed[39m=[32m"true"[39m
    [33mclass[39m=[32m"ff-canvas-node"[39m
    [33mdata-canvas-node[39m=[32m"note-node"[39m
    [33mstyle[39m=[32m"left: 430px; top: 230px; width: 230px; height: 160px; overflow: hidden;"[39m
    [33mtype[39m=[32m"button"[39m
  [36m/>[39m

  Name "Show primary node":
  [36m<button[39m
    [33mclass[39m=[32m"ff-button ff-button--secondary "[39m
  [36m/>[39m

  Name "Open selection properties":
  [36m<button[39m
    [33mclass[39m=[32m"ff-button ff-button--secondary ff-mobile-inspector-launcher"[39m
  [36m/>[39m

  Name "Close Selection properties":
  [36m<button[39m
    [33maria-label[39m=[32m"Close Selection properties"[39m
    [33mtype[39m=[32m"button"[39m
  [36m/>[39m

  Name "Show primary node":
  [36m<button[39m
    [33mclass[39m=[32m"ff-button ff-button--secondary "[39m
  [36m/>[39m

  Name "Hide inspector":
  [36m<button[39m
    [33mclass[39m=[32m"ff-button ff-button--secondary "[39m
  [36m/>[39m

  --------------------------------------------------
  main:

  Name "":
  [36m<main[39m
    [33mclass[39m=[32m"ff-center-workspace"[39m
    [33mid[39m=[32m"main-content"[39m
    [33mtabindex[39m=[32m"-1"[39m
  [36m/>[39m

  --------------------------------------------------
  heading:

  Name "Infinite canvas":
  [36m<h1 />[39m

  Name "Local node inspector":
  [36m<h3 />[39m

  Name "Selection properties":
  [36m<h2[39m
    [33mid[39m=[32m"_r_3u_"[39m
  [36m/>[39m

  Name "Local node inspector":
  [36m<h3 />[39m

  --------------------------------------------------
  paragraph:

  Name "":
  [36m<p />[39m

  Name "":
  [36m<p />[39m

  Name "":
  [36m<p />[39m

  Name "":
  [36m<p[39m
    [33mclass[39m=[32m"ff-canvas-guidance"[39m
  [36m/>[39m

  Name "":
  [36m<p[39m
    [33mclass[39m=[32m"ff-canvas-guidance"[39m
    [33mid[39m=[32m"canvas-keyboard-help"[39m
  [36m/>[39m

  Name "":
  [36m<p[39m
    [33mclass[39m=[32m"ff-canvas-guidance"[39m
    [33mid[39m=[32m"canvas-pointer-help"[39m
  [36m/>[39m

  Name "":
  [36m<p />[39m

  Name "":
  [36m<p />[39m

  Name "":
  [36m<p />[39m

  Name "":
  [36m<p />[39m

  --------------------------------------------------
  toolbar:

  Name "Selection actions":
  [36m<div[39m
    [33maria-label[39m=[32m"Selection actions"[39m
    [33mclass[39m=[32m"ff-selection-bar"[39m
    [33mdata-testid[39m=[32m"selection-actions"[39m
    [33mrole[39m=[32m"toolbar"[39m
  [36m/>[39m

  --------------------------------------------------
  code:

  Name "":
  [36m<code />[39m

  Name "":
  [36m<code />[39m

  Name "":
  [36m<code />[39m

  Name "":
  [36m<code />[39m

  --------------------------------------------------
  status:

  Name "":
  [36m<span[39m
    [33mid[39m=[32m"canvas-history-status"[39m
    [33mrole[39m=[32m"status"[39m
  [36m/>[39m

  Name "":
  [36m<output[39m
    [33maria-live[39m=[32m"polite"[39m
  [36m/>[39m

  Name "":
  [36m<div[39m
    [33mclass[39m=[32m"ff-canvas-status"[39m
    [33mrole[39m=[32m"status"[39m
  [36m/>[39m

  --------------------------------------------------
  region:

  Name "Infinite canvas workspace":
  [36m<div[39m
    [33maria-describedby[39m=[32m"canvas-keyboard-help canvas-pointer-help"[39m
    [33maria-label[39m=[32m"Infinite canvas workspace"[39m
    [33mclass[39m=[32m"ff-workspace-canvas"[39m
    [33mrole[39m=[32m"region"[39m
    [33mstyle[39m=[32m"background-size: 24px 24px;"[39m
    [33mtabindex[39m=[32m"0"[39m
  [36m/>[39m

  --------------------------------------------------
  complementary:

  Name "Selection inspector":
  [36m<aside[39m
    [33maria-label[39m=[32m"Selection inspector"[39m
    [33mclass[39m=[32m"ff-selection-inspector"[39m
    [33mid[39m=[32m"selection-inspector"[39m
  [36m/>[39m

  --------------------------------------------------
  textbox:

  Name "Local title":
  [36m<input[39m
    [33mclass[39m=[32m"ff-input "[39m
    [33mmaxlength[39m=[32m"120"[39m
    [33mvalue[39m=[32m"Still editing"[39m
  [36m/>[39m

  Name "Local title":
  [36m<input[39m
    [33mclass[39m=[32m"ff-input "[39m
    [33mmaxlength[39m=[32m"120"[39m
    [33mvalue[39m=[32m"Still editing"[39m
  [36m/>[39m

  --------------------------------------------------
  spinbutton:

  Name "Local X":
  [36m<input[39m
    [33mclass[39m=[32m"ff-input "[39m
    [33mmax[39m=[32m"2000"[39m
    [33mmin[39m=[32m"-2000"[39m
    [33mtype[39m=[32m"number"[39m
    [33mvalue[39m=[32m"430"[39m
  [36m/>[39m

  Name "Local Y":
  [36m<input[39m
    [33mclass[39m=[32m"ff-input "[39m
    [33mmax[39m=[32m"2000"[39m
    [33mmin[39m=[32m"-2000"[39m
    [33mtype[39m=[32m"number"[39m
    [33mvalue[39m=[32m"230"[39m
  [36m/>[39m

  Name "Local X":
  [36m<input[39m
    [33mclass[39m=[32m"ff-input "[39m
    [33mmax[39m=[32m"2000"[39m
    [33mmin[39m=[32m"-2000"[39m
    [33mtype[39m=[32m"number"[39m
    [33mvalue[39m=[32m"430"[39m
  [36m/>[39m

  Name "Local Y":
  [36m<input[39m
    [33mclass[39m=[32m"ff-input "[39m
    [33mmax[39m=[32m"2000"[39m
    [33mmin[39m=[32m"-2000"[39m
    [33mtype[39m=[32m"number"[39m
    [33mvalue[39m=[32m"230"[39m
  [36m/>[39m

  --------------------------------------------------
  dialog:

  Name "Selection properties":
  [36m<section[39m
    [33maria-labelledby[39m=[32m"_r_3u_"[39m
    [33maria-modal[39m=[32m"true"[39m
    [33mclass[39m=[32m"ff-interaction-dialog "[39m
    [33mrole[39m=[32m"dialog"[39m
    [33mtabindex[39m=[32m"-1"[39m
  [36m/>[39m

  --------------------------------------------------

Ignored nodes: comments, script, style
[36m<body>[39m
  [36m<div>[39m
    [36m<div[39m
      [33mclass[39m=[32m"ff-app-shell"[39m
      [33mdata-studio[39m=[32m"horizontal"[39m
      [33mdata-surface[39m=[32m"canvas"[39m
    [36m>[39m
      [36m<a[39m
        [33mclass[39m=[32m"skip-link"[39m
        [33mhref[39m=[32m"#main-content"[39m
      [36m>[39m
        [0mSkip to main content[0m
      [36m</a>[39m
      [36m<header[39m
        [33mclass[39m=[32m"ff-workspace-header"[39m
      [36m>[39m
        [36m<a[39m
          [33maria-label[39m=[32m"Media Platform home"[39m
          [33mclass[39m=[32m"ff-brand"[39m
          [33mhref[39m=[32m"/w/w/home"[39m
        [36m>[39m
          [36m<span[39m
            [33maria-hidden[39m=[32m"true"[39m
          [36m>[39m
            [0mMP[0m
          [36m</span>[39m
          [36m<strong>[39m
            [0mMedia Platform[0m
          [36m</strong>[39m
        [36m</a>[39m
        [36m<nav[39m
          [33maria-label[39m=[32m"Breadcrumb"[39m
        [36m>[39m
          [36m<ol[39m
            [33mclass[39m=[32m"ff-breadcrumb"[39m
          [36m>[39m
            [36m<li>[39m
              [36m<a[39m
                [33mhref[39m=[32m"/w/w/home"[39m
              [36m>[39m
                [0mw[0m
              [36m</a>[39m
            [36m</li>[39m
            [36m<li>[39m
              [36m<span[39m
                [33maria-current[39m=[32m"page"[39m
              [36m>[39m
                [0mp[0m
              [36m</span>[39m
            [36m</li>[39m
          [36m</ol>[39m
        [36m</nav>[39m
        [36m<span[39m
          [33mclass[39m=[32m"ff-header-actions"[39m
        [36m>[39m
          [0mCreative workspace[0m
        [36m</span>[39m
        [36m<label[39m
          [33mclass[39m=[32m"ff-locale-selector"[39m
        [36m>[39m
          [0mProduct UI language[0m
          [36m<select>[39m
            [36m<option[39m
              [33mvalue[39m=[32m"en"[39m
            [36m>[39m
              [0mEnglish[0m
            [36m</option>[39m
            [36m<option[39m
              [33mvalue[39m=[32m"zh-CN"[39m
            [36m>[39m
              [0m简体中文[0m
            [36m</option>[39m
          [36m</select>[39m
        [36m</label>[39m
      [36m</header>[39m
      [36m<div[39m
        [33maria-label[39m=[32m"Panel controls"[39m
        [33mclass[39m=[32m"ff-shell-toolbar"[39m
      [36m>[39m
        [36m<details[39m
          [33mclass[39m=[32m"ff-navigation-menu"[39m
        [36m>[39m
          [36m<summary>[39m
            [0mNavigation[0m
          [36m</summary>[39m
          [36m<div[39m
            [33mclass[39m=[32m"ff-navigation-drawer"[39m
          [36m>[39m
            [36m<nav[39m
              [33maria-label[39m=[32m"Global navigation"[39m
              [33mclass[39m=[32m"ff-global-nav"[39m
            [36m>[39m
              [36m<a[39m
                [33mhref[39m=[32m"/w/w/home"[39m
              [36m>[39m
                [0mWorkspace[0m
              [36m</a>[39m
              [36m<a[39m
                [33mhref[39m=[32m"/operations/overview"[39m
              [36m>[39m
                [0mOperations[0m
              [36m</a>[39m
              [36m<a[39m
                [33mhref[39m=[32m"/admin/organization"[39m
              [36m>[39m
                [0mAdmin[0m
              [36m</a>[39m
              [36m<a[39m
                [33mhref[39m=[32m"/developer/capabilities"[39m
              [36m>[39m
                [0mDeveloper[0m
              [36m</a>[39m
            [36m</nav>[39m
            [36m<nav[39m
              [33maria-label[39m=[32m"Project navigation"[39m
              [33mclass[39m=[32m"ff-project-nav"[39m
            [36m>[39m
              [36m<a[39m
                [33mhref[39m=[32m"/w/w/projects/p/overview"[39m
              [36m>[39m
                [0mOverview[0m
              [36m</a>[39m
              [36m<a[39m
                [33mhref[39m=[32m"/w/w/projects/p/review"[39m
              [36m>[39m
                [0mReview[0m
              [36m</a>[39m
              [36m<a[39m
                [33mhref[39m=[32m"/w/w/projects/p/production"[39m
              [36m>[39m
                [0mProduction[0m
              [36m</a>[39m
            [36m</nav>[39m
            [36m<nav[39m
              [33maria-label[39m=[32m"Navigation drawer surfaces"[39m
              [33mclass[39m=[32m"ff-surface-switcher"[39m
            [36m>[39m
              [36m<a[39m
                [33mhref[39m=[32m"/w/w/projects/p/overview"[39m
              [36m>[39m
                [0mOverview[0m
                [36m<span[39m
                  [33mclass[39m=[32m"ff-badge ff-badge--neutral"[39m
                [36m>[39m
                  [0mFOUNDATION[0m
                [36m</span>[39m
              [36m</a>[39m
              [36m<a[39m
                [33mhref[39m=[32m"/w/w/projects/p/edit"[39m
              [36m>[39m
                [0mEdit[0m
                [36m<span[39m
                  [33mclass[39m=[32m"ff-badge ff-badge--neutral"[39m
                [36m>[39m
                  [0mFOUNDATION[0m
                [36m</span>[39m
              [36m</a>[39m
              [36m<a[39m
                [33maria-current[39m=[32m"page"[39m
                [33mhref[39m=[32m"/w/w/projects/p/canvas"[39m
              [36m>[39m
                [0mCanvas[0m
                [36m<span[39m
                  [33mclass[39m=[32m"ff-badge ff-badge--warning"[39m
                [36m>[39m
                  [0mPREVIEW[0m
                [36m</span>[39m
              [36m</a>[39m
              [36m<a[39m
                [33mhref[39m=[32m"/w/w/projects/p/agent"[39m
              [36m>[39m
                [0mAgent[0m
                [36m<span[39m
                  [33mclass[39m=[32m"ff-badge ff-badge--warning"[39m
                [36m>[39m
                  [0mPREVIEW[0m
                [36m</span>[39m
              [36m</a>[39m
              [36m<a[39m
                [33mhref[39m=[32m"/w/w/projects/p/workflow"[39m
              [36m>[39m
                [0mWorkflow[0m
                [36m<span[39m
                  [33mclass[39m=[32m"ff-badge ff-badge--warning"[39m
                [36m>[39m
                  [0mPREVIEW[0m
                [36m</span>[39m
              [36m</a>[39m
              [36m<a[39m
                [33mhref[39m=[32m"/w/w/projects/p/review"[39m
              [36m>[39m
                [0mReview[0m
                [36m<span[39m
                  [33mclass[39m=[32m"ff-badge ff-badge--warning"[39m
                [36m>[39m
                  [0mPREVIEW[0m
                [36m</s...
 ❯ Object.getElementError node_modules/@testing-library/dom/dist/config.js:37:19
 ❯ node_modules/@testing-library/dom/dist/query-helpers.js:76:38
 ❯ node_modules/@testing-library/dom/dist/query-helpers.js:52:17
 ❯ node_modules/@testing-library/dom/dist/query-helpers.js:95:19
 ❯ src/interaction/InteractionShell.test.tsx:957:26
    955|   expect(document.activeElement).toBe(launcher)
    956|   fireEvent.click(launcher)
    957|   fireEvent.click(screen.getByRole('button', { name: 'Reference placeh…
       |                          ^
    958|   expect(screen.queryByRole('dialog')).toBeNull()
    959|   expect(screen.getByRole('complementary', { name: 'Selection inspecto…

⎯⎯⎯⎯⎯⎯⎯⎯⎯⎯⎯⎯⎯⎯⎯⎯⎯⎯⎯⎯⎯⎯⎯⎯[1/1]⎯


 Test Files  1 failed | 1 passed (2)
      Tests  1 failed | 74 passed (75)
   Start at  10:02:49
   Duration  6.95s (transform 2.54s, setup 0ms, collect 4.16s, tests 4.99s, environment 519ms, prepare 215ms)

JSON report written to /home/user/Documents/workspace/audit-runs/FRONTEND_WAVE2_NLE_TIMELINE_NAVIGATION_AND_INSPECTION_V9/correction-02/green-lifecycle-02.tests.json
