
 RUN  v3.2.6 /home/user/Documents/workspace/projects/.worktrees/frontend-wave2-product-ux-v1/frontend

 ❯ src/product/timeline/TimelineNavigation.test.tsx (22 tests | 8 failed) 1744ms
   ✓ bounded Timeline navigation > distinguishes unconfigured entry, loading, true empty and partial empty without fake media 138ms
   ✓ bounded Timeline navigation > discovers multiple tracks, empty tracks and filtered no-match only within the loaded scope 47ms
   ✓ bounded Timeline navigation > locates exact authored-range boundaries, end and zero without floating point or assumed FPS 195ms
   ✓ bounded Timeline navigation > disables time actions for unknown basis and preserves logical metadata without inventing a duration 49ms
   ✓ bounded Timeline navigation > selects by mouse and keyboard, inspects provenance, traps focus and closes back to the launcher 137ms
   ✓ bounded Timeline navigation > preserves position, selection and scroll through inspector toggle, equal rerender and equal refresh 91ms
   ✓ bounded Timeline navigation > locates the selected clip across filters without changing overlapping explicit target identity 40ms
   ✓ bounded Timeline navigation > clears failed refresh metadata, supports retry and distinguishes stale and restricted responses 120ms
   ✓ bounded Timeline navigation > rejects mismatched receipt scope, revision, duplicates, relationships and invalid time ranges 4ms
   ✓ bounded Timeline navigation > retains full long names in accessible labels and details and localizes the main flow into Chinese 42ms
   ✓ bounded Timeline navigation > removes missing selection on refresh and provides a focus fallback when its detail target disappears 52ms
   ✓ bounded Timeline navigation > aborts late reads on revision and identity/access/adapter/owner changes and rejects retained controls 197ms
   ✓ bounded Timeline navigation > withdraws metadata and rejects retained callbacks after explicit Selection owner retirement 38ms
   ✓ rejects actual retained inspector and close callbacks when selection or dialog instance changes 100ms
   × IR01-1 rejects actual shared toolbar callbacks after revision replacement in the same store 45ms
     → Unable to find an accessible element with the role "button" and name "Edit properties"

Here are the accessible roles:

  button:

  Name "Hide inspector":
  [36m<button[39m
    [33maria-controls[39m=[32m"selection-inspector"[39m
    [33maria-expanded[39m=[32m"true"[39m
    [33mclass[39m=[32m"ff-button ff-button--secondary "[39m
  [36m/>[39m

  --------------------------------------------------button:

  Name "Reveal primary clip":
  [36m<button[39m
    [33mclass[39m=[32m"ff-button ff-button--secondary "[39m
  [36m/>[39m

  --------------------------------------------------button:

  Name "Clear selection":
  [36m<button[39m
    [33mclass[39m=[32m"ff-button ff-button--secondary "[39m
  [36m/>[39m

  --------------------------------------------------group:

  Name "":
  [36m<details[39m
    [33mopen[39m=[32m""[39m
  [36m/>[39m

  Name "":
  [36m<details />[39m

  --------------------------------------------------
  paragraph:

  Name "":
  [36m<p />[39m

  Name "":
  [36m<p />[39m

  --------------------------------------------------
  button:

  Name "Edit local properties":
  [36m<button[39m
    [33mclass[39m=[32m"ff-button ff-button--secondary "[39m
  [36m/>[39m

  Name "Apply canonical change":
  [36m<button[39m
    [33mclass[39m=[32m"ff-button ff-button--secondary "[39m
    [33mdisabled[39m=[32m""[39m
  [36m/>[39m

  --------------------------------------------------
  code:

  Name "":
  [36m<code />[39m

  --------------------------------------------------button:

  Name "Ask Agent":
  [36m<button[39m
    [33mclass[39m=[32m"ff-button ff-button--secondary "[39m
  [36m/>[39m

  --------------------------------------------------

Ignored nodes: comments, script, style
[36m<div[39m
  [33maria-label[39m=[32m"Selection actions"[39m
  [33mclass[39m=[32m"ff-selection-bar"[39m
  [33mdata-testid[39m=[32m"selection-actions"[39m
  [33mrole[39m=[32m"toolbar"[39m
[36m>[39m
  [36m<span[39m
    [33mclass[39m=[32m"ff-selection-title"[39m
  [36m>[39m
    [0mCLIP · Opening shot[0m
  [36m</span>[39m
  [36m<button[39m
    [33maria-controls[39m=[32m"selection-inspector"[39m
    [33maria-expanded[39m=[32m"true"[39m
    [33mclass[39m=[32m"ff-button ff-button--secondary "[39m
  [36m>[39m
    [0mHide inspector[0m
  [36m</button>[39m
  [36m<button[39m
    [33mclass[39m=[32m"ff-button ff-button--secondary "[39m
  [36m>[39m
    [0mReveal primary clip[0m
  [36m</button>[39m
  [36m<button[39m
    [33mclass[39m=[32m"ff-button ff-button--secondary "[39m
  [36m>[39m
    [0mClear selection[0m
  [36m</button>[39m
  [36m<details[39m
    [33mopen[39m=[32m""[39m
  [36m>[39m
    [36m<summary>[39m
      [0mMore[0m
    [36m</summary>[39m
    [36m<div[39m
      [33mclass[39m=[32m"ff-selection-more"[39m
    [36m>[39m
      [36m<p>[39m
        [0mLocal presentation only · not saved[0m
      [36m</p>[39m
      [36m<button[39m
        [33mclass[39m=[32m"ff-button ff-button--secondary "[39m
      [36m>[39m
        [0mEdit local properties[0m
      [36m</button>[39m
      [36m<div[39m
        [33mclass[39m=[32m"ff-unavailable-action"[39m
      [36m>[39m
        [36m<button[39m
          [33mclass[39m=[32m"ff-button ff-button--secondary "[39m
          [33mdisabled[39m=[32m""[39m
        [36m>[39m
          [0mApply canonical change[0m
        [36m</button>[39m
        [36m<p>[39m
          [0mThis change cannot be applied here yet. A connected server preview and confirmation flow is required; use the existing timeline advanced controls for supported operations.[0m
        [36m</p>[39m
        [36m<details>[39m
          [36m<summary>[39m
            [0mTechnical details[0m
          [36m</summary>[39m
          [36m<code>[39m
            [0mNo generic application gateway contract · CANONICAL_SEMANTIC rejected[0m
          [36m</code>[39m
        [36m</details>[39m
      [36m</div>[39m
    [36m</div>[39m
  [36m</details>[39m
  [36m<button[39m
    [33mclass[39m=[32m"ff-button ff-button--secondary "[39m
  [36m>[39m
    [0mAsk Agent[0m
  [36m</button>[39m
[36m</div>[39m
   × IR01-1 rejects actual shared toolbar callbacks after source replacement in the same store 32ms
     → Unable to find an accessible element with the role "button" and name "Edit properties"

Here are the accessible roles:

  button:

  Name "Hide inspector":
  [36m<button[39m
    [33maria-controls[39m=[32m"selection-inspector"[39m
    [33maria-expanded[39m=[32m"true"[39m
    [33mclass[39m=[32m"ff-button ff-button--secondary "[39m
  [36m/>[39m

  --------------------------------------------------button:

  Name "Reveal primary clip":
  [36m<button[39m
    [33mclass[39m=[32m"ff-button ff-button--secondary "[39m
  [36m/>[39m

  --------------------------------------------------button:

  Name "Clear selection":
  [36m<button[39m
    [33mclass[39m=[32m"ff-button ff-button--secondary "[39m
  [36m/>[39m

  --------------------------------------------------group:

  Name "":
  [36m<details[39m
    [33mopen[39m=[32m""[39m
  [36m/>[39m

  Name "":
  [36m<details />[39m

  --------------------------------------------------
  paragraph:

  Name "":
  [36m<p />[39m

  Name "":
  [36m<p />[39m

  --------------------------------------------------
  button:

  Name "Edit local properties":
  [36m<button[39m
    [33mclass[39m=[32m"ff-button ff-button--secondary "[39m
  [36m/>[39m

  Name "Apply canonical change":
  [36m<button[39m
    [33mclass[39m=[32m"ff-button ff-button--secondary "[39m
    [33mdisabled[39m=[32m""[39m
  [36m/>[39m

  --------------------------------------------------
  code:

  Name "":
  [36m<code />[39m

  --------------------------------------------------button:

  Name "Ask Agent":
  [36m<button[39m
    [33mclass[39m=[32m"ff-button ff-button--secondary "[39m
  [36m/>[39m

  --------------------------------------------------

Ignored nodes: comments, script, style
[36m<div[39m
  [33maria-label[39m=[32m"Selection actions"[39m
  [33mclass[39m=[32m"ff-selection-bar"[39m
  [33mdata-testid[39m=[32m"selection-actions"[39m
  [33mrole[39m=[32m"toolbar"[39m
[36m>[39m
  [36m<span[39m
    [33mclass[39m=[32m"ff-selection-title"[39m
  [36m>[39m
    [0mCLIP · Opening shot[0m
  [36m</span>[39m
  [36m<button[39m
    [33maria-controls[39m=[32m"selection-inspector"[39m
    [33maria-expanded[39m=[32m"true"[39m
    [33mclass[39m=[32m"ff-button ff-button--secondary "[39m
  [36m>[39m
    [0mHide inspector[0m
  [36m</button>[39m
  [36m<button[39m
    [33mclass[39m=[32m"ff-button ff-button--secondary "[39m
  [36m>[39m
    [0mReveal primary clip[0m
  [36m</button>[39m
  [36m<button[39m
    [33mclass[39m=[32m"ff-button ff-button--secondary "[39m
  [36m>[39m
    [0mClear selection[0m
  [36m</button>[39m
  [36m<details[39m
    [33mopen[39m=[32m""[39m
  [36m>[39m
    [36m<summary>[39m
      [0mMore[0m
    [36m</summary>[39m
    [36m<div[39m
      [33mclass[39m=[32m"ff-selection-more"[39m
    [36m>[39m
      [36m<p>[39m
        [0mLocal presentation only · not saved[0m
      [36m</p>[39m
      [36m<button[39m
        [33mclass[39m=[32m"ff-button ff-button--secondary "[39m
      [36m>[39m
        [0mEdit local properties[0m
      [36m</button>[39m
      [36m<div[39m
        [33mclass[39m=[32m"ff-unavailable-action"[39m
      [36m>[39m
        [36m<button[39m
          [33mclass[39m=[32m"ff-button ff-button--secondary "[39m
          [33mdisabled[39m=[32m""[39m
        [36m>[39m
          [0mApply canonical change[0m
        [36m</button>[39m
        [36m<p>[39m
          [0mThis change cannot be applied here yet. A connected server preview and confirmation flow is required; use the existing timeline advanced controls for supported operations.[0m
        [36m</p>[39m
        [36m<details>[39m
          [36m<summary>[39m
            [0mTechnical details[0m
          [36m</summary>[39m
          [36m<code>[39m
            [0mNo generic application gateway contract · CANONICAL_SEMANTIC rejected[0m
          [36m</code>[39m
        [36m</details>[39m
      [36m</div>[39m
    [36m</div>[39m
  [36m</details>[39m
  [36m<button[39m
    [33mclass[39m=[32m"ff-button ff-button--secondary "[39m
  [36m>[39m
    [0mAsk Agent[0m
  [36m</button>[39m
[36m</div>[39m
   × IR01-2 discards shared mobile track inspection after clear before selecting a clip 62ms
     → expected <section role="dialog" …(4)>…(6)</section> to be null
   × IR01-2 discards metadata opening intent after clear instead of reviving it on selection 58ms
     → expected <section role="dialog" …(4)>…(9)</section> to be null
   × IR01-2 discards metadata opening intent after hide instead of reviving it on selection 92ms
     → expected <section role="dialog" …(4)>…(9)</section> to be null
   × IR01-2 discards metadata opening intent after primary instead of reviving it on selection 52ms
     → expected <section role="dialog" …(4)>…(9)</section> to be null
   × IR01-2 retires open shared/mobile and metadata inspectors across revision replacement 77ms
     → expected <section role="dialog" …(4)>…(6)</section> to be null
   × IR01-2 retires open shared/mobile and metadata inspectors across source replacement 71ms
     → expected <section role="dialog" …(4)>…(6)</section> to be null
stderr | src/interaction/InteractionShell.test.tsx > Slice1C malformed or missing route IDs and unsupported surface /w/w/projects/p/unsupported expose no old owner
Warning: A notFoundError was encountered on the route with ID "__root__", but a notFoundComponent option was not configured, nor was a router level defaultNotFoundComponent configured. Consider configuring at least one of these to avoid TanStack Router's overly generic defaultNotFoundComponent (<p>Not Found</p>)

stderr | src/interaction/InteractionShell.test.tsx > Slice1C malformed or missing route IDs and unsupported surface /w/w/projects/canvas expose no old owner
Warning: A notFoundError was encountered on the route with ID "__root__", but a notFoundComponent option was not configured, nor was a router level defaultNotFoundComponent configured. Consider configuring at least one of these to avoid TanStack Router's overly generic defaultNotFoundComponent (<p>Not Found</p>)

 ❯ src/interaction/InteractionShell.test.tsx (49 tests | 1 failed) 2873ms
   ✓ converges direct keyboard, toolbar, inspector, command and Agent reveal on the same selection 258ms
   ✓ modifies a synthetic rename, applies only local presentation, and updates palette discovery 206ms
   ✓ offers two explicit synthetic clips whose modifier selection drives shared shell contexts 121ms
   ✓ keeps Product UI locale independent from generated Agent conversation language 14ms
   ✓ rejects stale UI proposals and resets context synchronously across project and surface changes 29ms
   ✓ opens Inspector through the local Agent action, closes the dialog, and restores launcher focus 88ms
   ✓ keeps technical proposal evidence closed until diagnostics are explicitly opened 61ms
   ✓ traps Agent focus and restores its launcher after Escape and backdrop dismissal 14ms
   ✓ keeps Agent header, conversation body, and composer in independent regions 21ms
   ✓ preserves internal dialog mousedown defaults, text entry and button clicks 13ms
   ✓ refreshes adapter projections after render, invalidates old proposals, and prunes without a render loop 24ms
   ✓ localizes shared multi-selection and unavailable commands with stable action IDs 22ms
   ✓ binds Canvas multi-selection to Inspector, toolbar, Command and Agent and invalidates a primary-only proposal 130ms
   ✓ increases mounted provider revision across workspace, project and surface scopes with fresh empty lifetimes 10ms
   ✓ Slice1C pagehide persisted=false retires synchronously and pageshow starts fresh without restoring proposals 13ms
   ✓ Slice1C pagehide persisted=true retires synchronously and pageshow starts fresh without restoring proposals 13ms
   ✓ Slice1C actual route query and hash preserve the same live exact owner and proposal; focus is independent  411ms
   ✓ Slice1C actual route surface change is empty and fresh with no colliding localId carry and atomic observations 88ms
   ✓ Slice1C actual route project change is empty and fresh with no colliding localId carry and atomic observations 86ms
   ✓ Slice1C actual route workspace change is empty and fresh with no colliding localId carry and atomic observations 85ms
   ✓ Slice1C actual Back and Forward recreate owners without historical membership 132ms
   ✓ Slice1C aborted precommit navigation retains the actual old owner and exact valid proposal 48ms
   ✓ Slice1C committed unresolved and ERROR targets expose no old selection or adapter and late responses cannot reactivate them 58ms
   ✓ Slice1C malformed or missing route IDs and unsupported surface /w/w/projects/%20/canvas expose no old owner 48ms
   ✓ Slice1C malformed or missing route IDs and unsupported surface /w/%20/projects/p/canvas expose no old owner 49ms
   ✓ Slice1C malformed or missing route IDs and unsupported surface /w/w/projects/p/unsupported expose no old owner 44ms
   ✓ Slice1C malformed or missing route IDs and unsupported surface /w/w/projects/canvas expose no old owner 47ms
   ✓ Slice1C BLOCKED unknown project is explicitly provisional and confers no canonical authorization 56ms
   ✓ Slice1C StrictMode adapter and owner recreation stays usable but never resurrects a retired proposal 7ms
   ✓ Slice1C actual route commit cancels drag before old DOM retirement without partial geometry commit 83ms
   ✓ Slice1C actual route commit cancels marquee before old DOM retirement without partial geometry commit 85ms
   ✓ Slice1C actual route commit cancels pan before old DOM retirement without partial geometry commit 92ms
   ✓ palette enters search, clamps enabled arrows, owns result Home/End and scrolls focused buttons 9ms
   ✓ palette preserves editing and modified keys; input Enter is inert and native result click executes once 10ms
   ✓ palette reconciles filter, no-match, all-unavailable and removed or disabled active results 11ms
   ✓ palette resolves replacement by stable ID despite label and order changes 10ms
   ✓ palette blocks simulated IME navigation, activation and Escape (events) 10ms
   ✓ palette blocks simulated IME navigation, activation and Escape (native) 13ms
   ✓ palette blocks simulated IME navigation, activation and Escape (legacy) 9ms
   ✓ palette has localized purpose, one live status and external unavailable descriptions in en 8ms
   ✓ palette has localized purpose, one live status and external unavailable descriptions in zh-CN 7ms
   ✓ palette retains dialog Tab boundary trap, Escape and launcher restoration 53ms
   ✓ palette selection projections reject retained closures and dispatch current primary/query without focus selection changes 17ms
   ✓ palette suppresses a simulated composing Space release after composition ends 6ms
   ✓ retained Selection commands reject changed revisions before dispatch, including untargeted actions 15ms
   ✓ V5 discovers Canvas history in the shared palette, reconciles Inspector and keeps canonical actions disabled 167ms
   ✓ V5 retained contextual history checks live adapter availability even before a new render 2ms
   ✓ Workflow Agent preview rejects overlong titles before shared proposal truncation can bypass validation 50ms
   × IR01-1 shared toolbar rejects retained selection revisions and still dispatches current local actions 19ms
     → expected "dispatch" to not be called at all, but actually been called 5 times

Received: 

  1st dispatch call:

    Array [
      Object {
        "category": "LOCAL_EPHEMERAL",
        "open": false,
        "type": "inspect",
      },
      "TOOLBAR",
    ]

  2nd dispatch call:

    Array [
      Object {
        "category": "WORKSPACE_PRESENTATION",
        "targetId": "one",
        "type": "reveal",
      },
      "TOOLBAR",
    ]

  3rd dispatch call:

    Array [
      Object {
        "category": "LOCAL_EPHEMERAL",
        "ids": Array [],
        "type": "select",
      },
      "TOOLBAR",
    ]

  4th dispatch call:

    Array [
      Object {
        "category": "LOCAL_EPHEMERAL",
        "open": true,
        "type": "inspect",
      },
      "TOOLBAR",
    ]

  5th dispatch call:

    Array [
      Object {
        "category": "LOCAL_EPHEMERAL",
        "open": true,
        "type": "agent",
      },
      "TOOLBAR",
    ]


Number of calls: 5


⎯⎯⎯⎯⎯⎯⎯ Failed Tests 9 ⎯⎯⎯⎯⎯⎯⎯

 FAIL  src/interaction/InteractionShell.test.tsx > IR01-1 shared toolbar rejects retained selection revisions and still dispatches current local actions
AssertionError: expected "dispatch" to not be called at all, but actually been called 5 times

Received: 

  1st dispatch call:

    Array [
      Object {
        "category": "LOCAL_EPHEMERAL",
        "open": false,
        "type": "inspect",
      },
      "TOOLBAR",
    ]

  2nd dispatch call:

    Array [
      Object {
        "category": "WORKSPACE_PRESENTATION",
        "targetId": "one",
        "type": "reveal",
      },
      "TOOLBAR",
    ]

  3rd dispatch call:

    Array [
      Object {
        "category": "LOCAL_EPHEMERAL",
        "ids": Array [],
        "type": "select",
      },
      "TOOLBAR",
    ]

  4th dispatch call:

    Array [
      Object {
        "category": "LOCAL_EPHEMERAL",
        "open": true,
        "type": "inspect",
      },
      "TOOLBAR",
    ]

  5th dispatch call:

    Array [
      Object {
        "category": "LOCAL_EPHEMERAL",
        "open": true,
        "type": "agent",
      },
      "TOOLBAR",
    ]


Number of calls: 5

 ❯ src/interaction/InteractionShell.test.tsx:926:24
    924|     callbacks.forEach(invoke => invoke()) // Invoke before React rende…
    925|   })
    926|   expect(dispatch).not.toHaveBeenCalled()
       |                        ^
    927|   expect(handle).not.toHaveBeenCalled()
    928|   fireEvent.click(screen.getByRole('button', { name: 'Reveal primary n…

⎯⎯⎯⎯⎯⎯⎯⎯⎯⎯⎯⎯⎯⎯⎯⎯⎯⎯⎯⎯⎯⎯⎯⎯[1/9]⎯

 FAIL  src/product/timeline/TimelineNavigation.test.tsx > IR01-1 rejects actual shared toolbar callbacks after revision replacement in the same store
 FAIL  src/product/timeline/TimelineNavigation.test.tsx > IR01-1 rejects actual shared toolbar callbacks after source replacement in the same store
TestingLibraryElementError: Unable to find an accessible element with the role "button" and name "Edit properties"

Here are the accessible roles:

  button:

  Name "Hide inspector":
  [36m<button[39m
    [33maria-controls[39m=[32m"selection-inspector"[39m
    [33maria-expanded[39m=[32m"true"[39m
    [33mclass[39m=[32m"ff-button ff-button--secondary "[39m
  [36m/>[39m

  --------------------------------------------------button:

  Name "Reveal primary clip":
  [36m<button[39m
    [33mclass[39m=[32m"ff-button ff-button--secondary "[39m
  [36m/>[39m

  --------------------------------------------------button:

  Name "Clear selection":
  [36m<button[39m
    [33mclass[39m=[32m"ff-button ff-button--secondary "[39m
  [36m/>[39m

  --------------------------------------------------group:

  Name "":
  [36m<details[39m
    [33mopen[39m=[32m""[39m
  [36m/>[39m

  Name "":
  [36m<details />[39m

  --------------------------------------------------
  paragraph:

  Name "":
  [36m<p />[39m

  Name "":
  [36m<p />[39m

  --------------------------------------------------
  button:

  Name "Edit local properties":
  [36m<button[39m
    [33mclass[39m=[32m"ff-button ff-button--secondary "[39m
  [36m/>[39m

  Name "Apply canonical change":
  [36m<button[39m
    [33mclass[39m=[32m"ff-button ff-button--secondary "[39m
    [33mdisabled[39m=[32m""[39m
  [36m/>[39m

  --------------------------------------------------
  code:

  Name "":
  [36m<code />[39m

  --------------------------------------------------button:

  Name "Ask Agent":
  [36m<button[39m
    [33mclass[39m=[32m"ff-button ff-button--secondary "[39m
  [36m/>[39m

  --------------------------------------------------

Ignored nodes: comments, script, style
[36m<div[39m
  [33maria-label[39m=[32m"Selection actions"[39m
  [33mclass[39m=[32m"ff-selection-bar"[39m
  [33mdata-testid[39m=[32m"selection-actions"[39m
  [33mrole[39m=[32m"toolbar"[39m
[36m>[39m
  [36m<span[39m
    [33mclass[39m=[32m"ff-selection-title"[39m
  [36m>[39m
    [0mCLIP · Opening shot[0m
  [36m</span>[39m
  [36m<button[39m
    [33maria-controls[39m=[32m"selection-inspector"[39m
    [33maria-expanded[39m=[32m"true"[39m
    [33mclass[39m=[32m"ff-button ff-button--secondary "[39m
  [36m>[39m
    [0mHide inspector[0m
  [36m</button>[39m
  [36m<button[39m
    [33mclass[39m=[32m"ff-button ff-button--secondary "[39m
  [36m>[39m
    [0mReveal primary clip[0m
  [36m</button>[39m
  [36m<button[39m
    [33mclass[39m=[32m"ff-button ff-button--secondary "[39m
  [36m>[39m
    [0mClear selection[0m
  [36m</button>[39m
  [36m<details[39m
    [33mopen[39m=[32m""[39m
  [36m>[39m
    [36m<summary>[39m
      [0mMore[0m
    [36m</summary>[39m
    [36m<div[39m
      [33mclass[39m=[32m"ff-selection-more"[39m
    [36m>[39m
      [36m<p>[39m
        [0mLocal presentation only · not saved[0m
      [36m</p>[39m
      [36m<button[39m
        [33mclass[39m=[32m"ff-button ff-button--secondary "[39m
      [36m>[39m
        [0mEdit local properties[0m
      [36m</button>[39m
      [36m<div[39m
        [33mclass[39m=[32m"ff-unavailable-action"[39m
      [36m>[39m
        [36m<button[39m
          [33mclass[39m=[32m"ff-button ff-button--secondary "[39m
          [33mdisabled[39m=[32m""[39m
        [36m>[39m
          [0mApply canonical change[0m
        [36m</button>[39m
        [36m<p>[39m
          [0mThis change cannot be applied here yet. A connected server preview and confirmation flow is required; use the existing timeline advanced controls for supported operations.[0m
        [36m</p>[39m
        [36m<details>[39m
          [36m<summary>[39m
            [0mTechnical details[0m
          [36m</summary>[39m
          [36m<code>[39m
            [0mNo generic application gateway contract · CANONICAL_SEMANTIC rejected[0m
          [36m</code>[39m
        [36m</details>[39m
      [36m</div>[39m
    [36m</div>[39m
  [36m</details>[39m
  [36m<button[39m
    [33mclass[39m=[32m"ff-button ff-button--secondary "[39m
  [36m>[39m
    [0mAsk Agent[0m
  [36m</button>[39m
[36m</div>[39m
 ❯ Object.getElementError node_modules/@testing-library/dom/dist/config.js:37:19
 ❯ node_modules/@testing-library/dom/dist/query-helpers.js:76:38
 ❯ node_modules/@testing-library/dom/dist/query-helpers.js:52:17
 ❯ node_modules/@testing-library/dom/dist/query-helpers.js:95:19
 ❯ src/product/timeline/TimelineNavigation.test.tsx:284:167

 ❯ src/product/timeline/TimelineNavigation.test.tsx:284:114

⎯⎯⎯⎯⎯⎯⎯⎯⎯⎯⎯⎯⎯⎯⎯⎯⎯⎯⎯⎯⎯⎯⎯⎯[2/9]⎯

 FAIL  src/product/timeline/TimelineNavigation.test.tsx > IR01-2 discards shared mobile track inspection after clear before selecting a clip
AssertionError: expected <section role="dialog" …(4)>…(6)</section> to be null

- Expected: 
null

+ Received: 
<section
  aria-labelledby="_r_b_"
  aria-modal="true"
  class="ff-interaction-dialog "
  role="dialog"
  tabindex="-1"
>
  <header
    class="ff-dialog-heading"
  >
    <h2
      id="_r_b_"
    >
      Selection properties
    </h2>
    <button
      aria-label="Close Selection properties"
      type="button"
    >
      ×
    </button>
  </header>
  <h3>
    Presentation selection
  </h3>
  <p>
    Synthetic fixture · no canonical clip geometry.
  </p>
  <div
    class="ff-property-row"
  >
    <span>
      Selected object
    </span>
    <div>
      Ending shot
    </div>
  </div>
  <button
    class="ff-button ff-button--secondary "
  >
    Reveal primary clip
  </button>
  <button
    class="ff-button ff-button--secondary "
  >
    Hide inspector
  </button>
</section>

 ❯ src/product/timeline/TimelineNavigation.test.tsx:309:40
    307|   expect(screen.queryByRole('dialog')).toBeNull()
    308|   fireEvent.click(button('Ending shot'))
    309|   expect(screen.queryByRole('dialog')).toBeNull()
       |                                        ^
    310|   const nextLauncher = button('Open selection properties'); nextLaunch…
    311|   fireEvent.keyDown(screen.getByRole('dialog'), { key: 'Escape' })

⎯⎯⎯⎯⎯⎯⎯⎯⎯⎯⎯⎯⎯⎯⎯⎯⎯⎯⎯⎯⎯⎯⎯⎯[3/9]⎯

 FAIL  src/product/timeline/TimelineNavigation.test.tsx > IR01-2 discards metadata opening intent after clear instead of reviving it on selection
 FAIL  src/product/timeline/TimelineNavigation.test.tsx > IR01-2 discards metadata opening intent after hide instead of reviving it on selection
 FAIL  src/product/timeline/TimelineNavigation.test.tsx > IR01-2 discards metadata opening intent after primary instead of reviving it on selection
AssertionError: expected <section role="dialog" …(4)>…(9)</section> to be null

- Expected: 
null

+ Received: 
<section
  aria-labelledby="_r_d_"
  aria-modal="true"
  class="ff-interaction-dialog ff-navigation-detail"
  role="dialog"
  tabindex="-1"
>
  <header
    class="ff-dialog-heading"
  >
    <h2
      id="_r_d_"
    >
      Timeline object metadata
    </h2>
    <button
      aria-label="Close timeline metadata"
      type="button"
    >
      ×
    </button>
  </header>
  <div
    class="ff-property-row"
  >
    <span>
      Full name
    </span>
    <div>
      Ending shot
    </div>
  </div>
  <div
    class="ff-property-row"
  >
    <span>
      Logical ID
    </span>
    <div>
      ending
    </div>
  </div>
  <div
    class="ff-property-row"
  >
    <span>
      Supplied type
    </span>
    <div>
      image
    </div>
  </div>
  <div
    class="ff-property-row"
  >
    <span>
      Inspected revision
    </span>
    <div>
      r1
    </div>
  </div>
  <div
    class="ff-property-row"
  >
    <span>
      Track reference
    </span>
    <div>
      v
    </div>
  </div>
  <div
    class="ff-property-row"
  >
    <span>
      Timeline range
    </span>
    <div>
      1001/30000
       → 
      2
    </div>
  </div>
  <div
    class="ff-property-row"
  >
    <span>
      Exact duration (seconds)
    </span>
    <div>
      58999/30000
    </div>
  </div>
  <p>
    Only supplied logical metadata is shown. Source references do not authorize media access.
  </p>
</section>

 ❯ src/product/timeline/TimelineNavigation.test.tsx:327:40
    325|   }
    326|   fireEvent.click(button('Ending shot'))
    327|   expect(screen.queryByRole('dialog')).toBeNull()
       |                                        ^
    328|   fireEvent.click(button('Opening shot'))
    329|   expect(screen.queryByRole('dialog')).toBeNull()

⎯⎯⎯⎯⎯⎯⎯⎯⎯⎯⎯⎯⎯⎯⎯⎯⎯⎯⎯⎯⎯⎯⎯⎯[4/9]⎯

 FAIL  src/product/timeline/TimelineNavigation.test.tsx > IR01-2 retires open shared/mobile and metadata inspectors across revision replacement
 FAIL  src/product/timeline/TimelineNavigation.test.tsx > IR01-2 retires open shared/mobile and metadata inspectors across source replacement
AssertionError: expected <section role="dialog" …(4)>…(6)</section> to be null

- Expected: 
null

+ Received: 
<section
  aria-labelledby="_r_j_"
  aria-modal="true"
  class="ff-interaction-dialog "
  role="dialog"
  tabindex="-1"
>
  <header
    class="ff-dialog-heading"
  >
    <h2
      id="_r_j_"
    >
      Selection properties
    </h2>
    <button
      aria-label="Close Selection properties"
      type="button"
    >
      ×
    </button>
  </header>
  <h3>
    Presentation selection
  </h3>
  <p>
    Synthetic fixture · no canonical clip geometry.
  </p>
  <div
    class="ff-property-row"
  >
    <span>
      Selected object
    </span>
    <div>
      Opening shot
    </div>
  </div>
  <button
    class="ff-button ff-button--secondary "
  >
    Reveal primary clip
  </button>
  <button
    class="ff-button ff-button--secondary "
  >
    Hide inspector
  </button>
</section>

 ❯ src/product/timeline/TimelineNavigation.test.tsx:350:40
    348|   expect(store).toBe(originalStore)
    349|   fireEvent.click(button('Opening shot'))
    350|   expect(screen.queryByRole('dialog')).toBeNull()
       |                                        ^
    351|   fireEvent.click(button('Open selection properties'))
    352|   expect(screen.getByRole('dialog', { name: 'Selection properties' }))…

⎯⎯⎯⎯⎯⎯⎯⎯⎯⎯⎯⎯⎯⎯⎯⎯⎯⎯⎯⎯⎯⎯⎯⎯[5/9]⎯


 Test Files  2 failed (2)
      Tests  9 failed | 62 passed (71)
   Start at  09:59:16
   Duration  6.83s (transform 2.55s, setup 0ms, collect 4.30s, tests 4.62s, environment 508ms, prepare 197ms)

JSON report written to /home/user/Documents/workspace/audit-runs/FRONTEND_WAVE2_NLE_TIMELINE_NAVIGATION_AND_INSPECTION_V9/correction-02/red-lifecycle.tests.json
