
 RUN  v3.2.6 /home/user/Documents/workspace/projects/.worktrees/frontend-wave2-product-ux-v1/frontend

 ❯ src/product/publication/model.test.ts (8 tests | 8 failed) 22ms
   × publication time and scoped consumption proposal > accepts strict offset instants and rejects invalid, missing, date-only and offsetless values 10ms
     → expected null to be 1709231399125 // Object.is equality
   × publication time and scoped consumption proposal > calculates Gregorian month ends, leap years and year navigation without 24h stepping 4ms
     → expected [] to have a length of 29 but got +0
   × publication time and scoped consumption proposal > groups instants across midnight and both DST changes using the selected display timezone 1ms
     → expected null to be '2024-02-29' // Object.is equality
   × publication time and scoped consumption proposal > requires host bound access and does not authorize a source allowed boolean 1ms
     → expected false to be true // Object.is equality
   × publication time and scoped consumption proposal > preserves distinct accounts, explicit attempts and external outcomes with raw unknown statuses 2ms
     → expected 'unavailable' to be 'ok' // Object.is equality
   × publication time and scoped consumption proposal > rejects mismatched receipts, duplicate identities and inferred or cross-account relationships 1ms
     → expected 'unavailable' to be 'invalid' // Object.is equality
   × publication time and scoped consumption proposal > strips protected copy, artifact metadata and failure summaries before Selection or DOM consumption 1ms
     → expected 'unavailable' to be 'ok' // Object.is equality
   × publication time and scoped consumption proposal > filters supplied permitted content by stable account ID and sorts explicit time with ID ties 0ms
     → missing snapshot
 ❯ src/product/publication/PublicationWorkspace.test.tsx (8 tests | 7 failed) 5109ms
   ✓ publication workspace discovery and lifecycle > ordinary entry is not connected, without fixtures or publish controls 34ms
   × publication workspace discovery and lifecycle > distinguishes loading, complete empty, partial empty, error, retry and restricted receipts 12ms
     → Unable to find an element with the text: Loading publications…. This could be because the text is broken up by multiple elements. In this case, you can provide a function for your text matcher to make your matcher more flexible.

Ignored nodes: comments, script, style
[36m<body>[39m
  [36m<div>[39m
    [36m<section>[39m
      [0mPublication source not connected[0m
    [36m</section>[39m
  [36m</div>[39m
[36m</body>[39m
   × publication workspace discovery and lifecycle > shares content/account/status filters between list and calendar, with reset and same-platform accounts 1008ms
     → Unable to find role="button" and name "Opening story"

Ignored nodes: comments, script, style
[36m<body>[39m
  [36m<div>[39m
    [36m<section>[39m
      [0mPublication source not connected[0m
    [36m</section>[39m
  [36m</div>[39m
[36m</body>[39m

Ignored nodes: comments, script, style
[36m<body>[39m
  [36m<div>[39m
    [36m<section>[39m
      [0mPublication source not connected[0m
    [36m</section>[39m
  [36m</div>[39m
[36m</body>[39m
   × publication workspace discovery and lifecycle > inspects explicit relationships and timestamps then closes to the focused row with context preserved 1016ms
     → Unable to find role="button" and name "Opening story"

Ignored nodes: comments, script, style
[36m<body>[39m
  [36m<div>[39m
    [36m<section>[39m
      [0mPublication source not connected[0m
    [36m</section>[39m
  [36m</div>[39m
[36m</body>[39m

Ignored nodes: comments, script, style
[36m<body>[39m
  [36m<div>[39m
    [36m<section>[39m
      [0mPublication source not connected[0m
    [36m</section>[39m
  [36m</div>[39m
[36m</body>[39m
   × publication workspace discovery and lifecycle > keeps unscheduled and indeterminate separate, month overflow opens a complete selected-day agenda 1014ms
     → Unable to find role="button" and name "Opening story"

Ignored nodes: comments, script, style
[36m<body>[39m
  [36m<div>[39m
    [36m<section>[39m
      [0mPublication source not connected[0m
    [36m</section>[39m
  [36m</div>[39m
[36m</body>[39m

Ignored nodes: comments, script, style
[36m<body>[39m
  [36m<div>[39m
    [36m<section>[39m
      [0mPublication source not connected[0m
    [36m</section>[39m
  [36m</div>[39m
[36m</body>[39m
   × publication workspace discovery and lifecycle > same-context refresh preserves filters, date and scroll but withdraws details without same-ID revival 1007ms
     → Unable to find role="button" and name "Opening story"

Ignored nodes: comments, script, style
[36m<body>[39m
  [36m<div>[39m
    [36m<section>[39m
      [0mPublication source not connected[0m
    [36m</section>[39m
  [36m</div>[39m
[36m</body>[39m

Ignored nodes: comments, script, style
[36m<body>[39m
  [36m<div>[39m
    [36m<section>[39m
      [0mPublication source not connected[0m
    [36m</section>[39m
  [36m</div>[39m
[36m</body>[39m
   × publication workspace discovery and lifecycle > aborts old reads on source/session/owner replacement and rejects late success with reused IDs 10ms
     → expected 0 to be greater than 0
   × publication workspace discovery and lifecycle > access revocation removes protected values from the entire DOM and no self-allowed source revives them 1005ms
     → Unable to find role="button" and name "Opening story"

Ignored nodes: comments, script, style
[36m<body>[39m
  [36m<div>[39m
    [36m<section>[39m
      [0mPublication source not connected[0m
    [36m</section>[39m
  [36m</div>[39m
[36m</body>[39m

Ignored nodes: comments, script, style
[36m<body>[39m
  [36m<div>[39m
    [36m<section>[39m
      [0mPublication source not connected[0m
    [36m</section>[39m
  [36m</div>[39m
[36m</body>[39m

⎯⎯⎯⎯⎯⎯ Failed Tests 15 ⎯⎯⎯⎯⎯⎯⎯

 FAIL  src/product/publication/PublicationWorkspace.test.tsx > publication workspace discovery and lifecycle > distinguishes loading, complete empty, partial empty, error, retry and restricted receipts
TestingLibraryElementError: Unable to find an element with the text: Loading publications…. This could be because the text is broken up by multiple elements. In this case, you can provide a function for your text matcher to make your matcher more flexible.

Ignored nodes: comments, script, style
[36m<body>[39m
  [36m<div>[39m
    [36m<section>[39m
      [0mPublication source not connected[0m
    [36m</section>[39m
  [36m</div>[39m
[36m</body>[39m
 ❯ Object.getElementError node_modules/@testing-library/dom/dist/config.js:37:19
 ❯ node_modules/@testing-library/dom/dist/query-helpers.js:76:38
 ❯ node_modules/@testing-library/dom/dist/query-helpers.js:52:17
 ❯ node_modules/@testing-library/dom/dist/query-helpers.js:95:19
 ❯ src/product/publication/PublicationWorkspace.test.tsx:28:19
     26|     const read = vi.fn((r: PublicationRequest) => new Promise<unknown>…
     27|     render(host(source(read)))
     28|     expect(screen.getByText('Loading publications…')).toBeTruthy()
       |                   ^
     29|     await act(async () => resolve(receipt(read.mock.calls.at(-1)![0], …
     30|     expect(screen.getByText('No publications in this Project')).toBeTr…

⎯⎯⎯⎯⎯⎯⎯⎯⎯⎯⎯⎯⎯⎯⎯⎯⎯⎯⎯⎯⎯⎯⎯[1/15]⎯

 FAIL  src/product/publication/PublicationWorkspace.test.tsx > publication workspace discovery and lifecycle > shares content/account/status filters between list and calendar, with reset and same-platform accounts
TestingLibraryElementError: Unable to find role="button" and name "Opening story"

Ignored nodes: comments, script, style
[36m<body>[39m
  [36m<div>[39m
    [36m<section>[39m
      [0mPublication source not connected[0m
    [36m</section>[39m
  [36m</div>[39m
[36m</body>[39m

Ignored nodes: comments, script, style
[36m<body>[39m
  [36m<div>[39m
    [36m<section>[39m
      [0mPublication source not connected[0m
    [36m</section>[39m
  [36m</div>[39m
[36m</body>[39m
 ❯ waitForWrapper node_modules/@testing-library/dom/dist/wait-for.js:163:27
 ❯ node_modules/@testing-library/dom/dist/query-helpers.js:86:33
 ❯ ready src/product/publication/PublicationWorkspace.test.tsx:14:39
     12| }
     13| const button = (name: string) => screen.getByRole('button', { name, ex…
     14| async function ready() { await screen.findByRole('button', { name: 'Op…
       |                                       ^
     15| 
     16| describe('publication workspace discovery and lifecycle', () => {
 ❯ src/product/publication/PublicationWorkspace.test.tsx:43:35

⎯⎯⎯⎯⎯⎯⎯⎯⎯⎯⎯⎯⎯⎯⎯⎯⎯⎯⎯⎯⎯⎯⎯[2/15]⎯

 FAIL  src/product/publication/PublicationWorkspace.test.tsx > publication workspace discovery and lifecycle > inspects explicit relationships and timestamps then closes to the focused row with context preserved
TestingLibraryElementError: Unable to find role="button" and name "Opening story"

Ignored nodes: comments, script, style
[36m<body>[39m
  [36m<div>[39m
    [36m<section>[39m
      [0mPublication source not connected[0m
    [36m</section>[39m
  [36m</div>[39m
[36m</body>[39m

Ignored nodes: comments, script, style
[36m<body>[39m
  [36m<div>[39m
    [36m<section>[39m
      [0mPublication source not connected[0m
    [36m</section>[39m
  [36m</div>[39m
[36m</body>[39m
 ❯ waitForWrapper node_modules/@testing-library/dom/dist/wait-for.js:163:27
 ❯ node_modules/@testing-library/dom/dist/query-helpers.js:86:33
 ❯ ready src/product/publication/PublicationWorkspace.test.tsx:14:39
     12| }
     13| const button = (name: string) => screen.getByRole('button', { name, ex…
     14| async function ready() { await screen.findByRole('button', { name: 'Op…
       |                                       ^
     15| 
     16| describe('publication workspace discovery and lifecycle', () => {
 ❯ src/product/publication/PublicationWorkspace.test.tsx:57:35

⎯⎯⎯⎯⎯⎯⎯⎯⎯⎯⎯⎯⎯⎯⎯⎯⎯⎯⎯⎯⎯⎯⎯[3/15]⎯

 FAIL  src/product/publication/PublicationWorkspace.test.tsx > publication workspace discovery and lifecycle > keeps unscheduled and indeterminate separate, month overflow opens a complete selected-day agenda
TestingLibraryElementError: Unable to find role="button" and name "Opening story"

Ignored nodes: comments, script, style
[36m<body>[39m
  [36m<div>[39m
    [36m<section>[39m
      [0mPublication source not connected[0m
    [36m</section>[39m
  [36m</div>[39m
[36m</body>[39m

Ignored nodes: comments, script, style
[36m<body>[39m
  [36m<div>[39m
    [36m<section>[39m
      [0mPublication source not connected[0m
    [36m</section>[39m
  [36m</div>[39m
[36m</body>[39m
 ❯ waitForWrapper node_modules/@testing-library/dom/dist/wait-for.js:163:27
 ❯ node_modules/@testing-library/dom/dist/query-helpers.js:86:33
 ❯ ready src/product/publication/PublicationWorkspace.test.tsx:14:39
     12| }
     13| const button = (name: string) => screen.getByRole('button', { name, ex…
     14| async function ready() { await screen.findByRole('button', { name: 'Op…
       |                                       ^
     15| 
     16| describe('publication workspace discovery and lifecycle', () => {
 ❯ src/product/publication/PublicationWorkspace.test.tsx:74:39

⎯⎯⎯⎯⎯⎯⎯⎯⎯⎯⎯⎯⎯⎯⎯⎯⎯⎯⎯⎯⎯⎯⎯[4/15]⎯

 FAIL  src/product/publication/PublicationWorkspace.test.tsx > publication workspace discovery and lifecycle > same-context refresh preserves filters, date and scroll but withdraws details without same-ID revival
TestingLibraryElementError: Unable to find role="button" and name "Opening story"

Ignored nodes: comments, script, style
[36m<body>[39m
  [36m<div>[39m
    [36m<section>[39m
      [0mPublication source not connected[0m
    [36m</section>[39m
  [36m</div>[39m
[36m</body>[39m

Ignored nodes: comments, script, style
[36m<body>[39m
  [36m<div>[39m
    [36m<section>[39m
      [0mPublication source not connected[0m
    [36m</section>[39m
  [36m</div>[39m
[36m</body>[39m
 ❯ waitForWrapper node_modules/@testing-library/dom/dist/wait-for.js:163:27
 ❯ node_modules/@testing-library/dom/dist/query-helpers.js:86:33
 ❯ ready src/product/publication/PublicationWorkspace.test.tsx:14:39
     12| }
     13| const button = (name: string) => screen.getByRole('button', { name, ex…
     14| async function ready() { await screen.findByRole('button', { name: 'Op…
       |                                       ^
     15| 
     16| describe('publication workspace discovery and lifecycle', () => {
 ❯ src/product/publication/PublicationWorkspace.test.tsx:86:48

⎯⎯⎯⎯⎯⎯⎯⎯⎯⎯⎯⎯⎯⎯⎯⎯⎯⎯⎯⎯⎯⎯⎯[5/15]⎯

 FAIL  src/product/publication/PublicationWorkspace.test.tsx > publication workspace discovery and lifecycle > aborts old reads on source/session/owner replacement and rejects late success with reused IDs
AssertionError: expected 0 to be greater than 0
 ❯ src/product/publication/PublicationWorkspace.test.tsx:97:58
     95|     const pending: { r: PublicationRequest; signal: AbortSignal; resol…
     96|     const s = source((r, signal) => new Promise(resolve => pending.pus…
     97|     const view = render(host(s)); expect(pending.length).toBeGreaterTh…
       |                                                          ^
     98|     const next = source(); next.scope = { ...next.scope, sessionId: 'n…
     99|     view.rerender(host(next)); await ready()

⎯⎯⎯⎯⎯⎯⎯⎯⎯⎯⎯⎯⎯⎯⎯⎯⎯⎯⎯⎯⎯⎯⎯[6/15]⎯

 FAIL  src/product/publication/PublicationWorkspace.test.tsx > publication workspace discovery and lifecycle > access revocation removes protected values from the entire DOM and no self-allowed source revives them
TestingLibraryElementError: Unable to find role="button" and name "Opening story"

Ignored nodes: comments, script, style
[36m<body>[39m
  [36m<div>[39m
    [36m<section>[39m
      [0mPublication source not connected[0m
    [36m</section>[39m
  [36m</div>[39m
[36m</body>[39m

Ignored nodes: comments, script, style
[36m<body>[39m
  [36m<div>[39m
    [36m<section>[39m
      [0mPublication source not connected[0m
    [36m</section>[39m
  [36m</div>[39m
[36m</body>[39m
 ❯ waitForWrapper node_modules/@testing-library/dom/dist/wait-for.js:163:27
 ❯ node_modules/@testing-library/dom/dist/query-helpers.js:86:33
 ❯ ready src/product/publication/PublicationWorkspace.test.tsx:14:39
     12| }
     13| const button = (name: string) => screen.getByRole('button', { name, ex…
     14| async function ready() { await screen.findByRole('button', { name: 'Op…
       |                                       ^
     15| 
     16| describe('publication workspace discovery and lifecycle', () => {
 ❯ src/product/publication/PublicationWorkspace.test.tsx:107:61

⎯⎯⎯⎯⎯⎯⎯⎯⎯⎯⎯⎯⎯⎯⎯⎯⎯⎯⎯⎯⎯⎯⎯[7/15]⎯

 FAIL  src/product/publication/model.test.ts > publication time and scoped consumption proposal > accepts strict offset instants and rejects invalid, missing, date-only and offsetless values
AssertionError: expected null to be 1709231399125 // Object.is equality

- Expected: 
1709231399125

+ Received: 
null

 ❯ src/product/publication/model.test.ts:9:62


⎯⎯⎯⎯⎯⎯⎯⎯⎯⎯⎯⎯⎯⎯⎯⎯⎯⎯⎯⎯⎯⎯⎯[8/15]⎯

 FAIL  src/product/publication/model.test.ts > publication time and scoped consumption proposal > calculates Gregorian month ends, leap years and year navigation without 24h stepping
AssertionError: expected [] to have a length of 29 but got +0

- Expected
+ Received

- 29
+ 0

 ❯ src/product/publication/model.test.ts:13:34
     11|   })
     12|   it('calculates Gregorian month ends, leap years and year navigation …
     13|     expect(monthDays('2024-02')).toHaveLength(29)
       |                                  ^
     14|     expect(monthDays('2100-02')).toHaveLength(28)
     15|     expect(monthDays('2000-02').at(-1)).toBe('2000-02-29')

⎯⎯⎯⎯⎯⎯⎯⎯⎯⎯⎯⎯⎯⎯⎯⎯⎯⎯⎯⎯⎯⎯⎯[9/15]⎯

 FAIL  src/product/publication/model.test.ts > publication time and scoped consumption proposal > groups instants across midnight and both DST changes using the selected display timezone
AssertionError: expected null to be '2024-02-29' // Object.is equality

- Expected: 
"2024-02-29"

+ Received: 
null

 ❯ src/product/publication/model.test.ts:21:72
     19|   })
     20|   it('groups instants across midnight and both DST changes using the s…
     21|     expect(calendarDay('2024-03-01T00:30:00Z', 'America/Los_Angeles'))…
       |                                                                        ^
     22|     expect(calendarDay('2024-03-10T06:59:00Z', 'America/New_York')).to…
     23|     expect(calendarDay('2024-03-10T07:01:00Z', 'America/New_York')).to…

⎯⎯⎯⎯⎯⎯⎯⎯⎯⎯⎯⎯⎯⎯⎯⎯⎯⎯⎯⎯⎯⎯[10/15]⎯

 FAIL  src/product/publication/model.test.ts > publication time and scoped consumption proposal > requires host bound access and does not authorize a source allowed boolean
AssertionError: expected false to be true // Object.is equality

- Expected
+ Received

- true
+ false

 ❯ src/product/publication/model.test.ts:29:54
     27|   })
     28|   it('requires host bound access and does not authorize a source allow…
     29|     const s = source(); expect(publicationAccess(s)).toBe(true)
       |                                                      ^
     30|     expect(publicationAccess({ ...s, access: {} })).toBe(false)
     31|     expect(publicationAccess({ ...s, access: { [LIST_KEY]: { ...grant(…

⎯⎯⎯⎯⎯⎯⎯⎯⎯⎯⎯⎯⎯⎯⎯⎯⎯⎯⎯⎯⎯⎯[11/15]⎯

 FAIL  src/product/publication/model.test.ts > publication time and scoped consumption proposal > preserves distinct accounts, explicit attempts and external outcomes with raw unknown statuses
AssertionError: expected 'unavailable' to be 'ok' // Object.is equality

Expected: "ok"
Received: "unavailable"

 ❯ src/product/publication/model.test.ts:37:27
     35|   it('preserves distinct accounts, explicit attempts and external outc…
     36|     const parsed = parsePublication(receipt(), request, source().acces…
     37|     expect(parsed.status).toBe('ok')
       |                           ^
     38|     if (parsed.status !== 'ok') throw Error('missing snapshot')
     39|     expect(parsed.accounts.map(a => a.id)).toEqual(['a', 'b'])

⎯⎯⎯⎯⎯⎯⎯⎯⎯⎯⎯⎯⎯⎯⎯⎯⎯⎯⎯⎯⎯⎯[12/15]⎯

 FAIL  src/product/publication/model.test.ts > publication time and scoped consumption proposal > rejects mismatched receipts, duplicate identities and inferred or cross-account relationships
AssertionError: expected 'unavailable' to be 'invalid' // Object.is equality

Expected: "invalid"
Received: "unavailable"

 ❯ src/product/publication/model.test.ts:47:95


⎯⎯⎯⎯⎯⎯⎯⎯⎯⎯⎯⎯⎯⎯⎯⎯⎯⎯⎯⎯⎯⎯[13/15]⎯

 FAIL  src/product/publication/model.test.ts > publication time and scoped consumption proposal > strips protected copy, artifact metadata and failure summaries before Selection or DOM consumption
AssertionError: expected 'unavailable' to be 'ok' // Object.is equality

Expected: "ok"
Received: "unavailable"

 ❯ src/product/publication/model.test.ts:52:27


⎯⎯⎯⎯⎯⎯⎯⎯⎯⎯⎯⎯⎯⎯⎯⎯⎯⎯⎯⎯⎯⎯[14/15]⎯

 FAIL  src/product/publication/model.test.ts > publication time and scoped consumption proposal > filters supplied permitted content by stable account ID and sorts explicit time with ID ties
Error: missing snapshot
 ❯ src/product/publication/model.test.ts:57:39
     55|   it('filters supplied permitted content by stable account ID and sort…
     56|     const parsed = parsePublication(receipt(), request, source().acces…
     57|     if (parsed.status !== 'ok') throw Error('missing snapshot')
       |                                       ^
     58|     expect(filterPlans(parsed, { query: 'story', account: 'b', status:…
     59|     expect(filterPlans(parsed, { query: '', account: '', status: '', o…

⎯⎯⎯⎯⎯⎯⎯⎯⎯⎯⎯⎯⎯⎯⎯⎯⎯⎯⎯⎯⎯⎯[15/15]⎯


 Test Files  2 failed (2)
      Tests  15 failed | 1 passed (16)
   Start at  12:22:58
   Duration  6.65s (transform 425ms, setup 0ms, collect 782ms, tests 5.13s, environment 606ms, prepare 233ms)

JSON report written to /home/user/Documents/workspace/audit-runs/FRONTEND_WAVE2_PUBLICATION_WORKSPACE_CALENDAR_AND_INSPECTION_V10/writer/red-behavior/results.json
