test_configuration_is_exactly_typed_and_fail_closed (test_model.ConfigurationAndRequestTests.test_configuration_is_exactly_typed_and_fail_closed) ... ok
test_destination_and_header_injection_are_rejected (test_model.ConfigurationAndRequestTests.test_destination_and_header_injection_are_rejected) ... ok
test_fixed_requests_use_raw_authorization_and_half_open_translation (test_model.ConfigurationAndRequestTests.test_fixed_requests_use_raw_authorization_and_half_open_translation) ... ok
test_response_parser_never_includes_upstream_body_in_failure (test_model.ConfigurationAndRequestTests.test_response_parser_never_includes_upstream_body_in_failure) ... ok
test_content_projection_rejects_encoded_secret_and_duplicate_post_refs (test_model.ProjectionTests.test_content_projection_rejects_encoded_secret_and_duplicate_post_refs) ... ok
test_end_is_exclusive_and_omissions_make_partial_without_query_failure (test_model.ProjectionTests.test_end_is_exclusive_and_omissions_make_partial_without_query_failure) ... ok
test_no_actual_time_attempt_result_or_known_empty_relation_is_invented (test_model.ProjectionTests.test_no_actual_time_attempt_result_or_known_empty_relation_is_invented) ... ok
test_raw_encoded_and_escaped_credentials_are_rejected_from_output (test_model.ProjectionTests.test_raw_encoded_and_escaped_credentials_are_rejected_from_output) ... ok
test_scoped_external_references_remain_unbound_without_synthetic_graph (test_model.ProjectionTests.test_scoped_external_references_remain_unbound_without_synthetic_graph) ... ok
test_unknown_and_error_provider_states_are_safe_observations (test_model.ProjectionTests.test_unknown_and_error_provider_states_are_safe_observations) ... ok
test_distinct_layout_stays_unresolved_and_scopes_colliding_external_refs (test_second_synthetic.SecondSyntheticMappingTests.test_distinct_layout_stays_unresolved_and_scopes_colliding_external_refs) ... ok
test_unrecognized_phase_is_unknown_not_a_failure_or_result (test_second_synthetic.SecondSyntheticMappingTests.test_unrecognized_phase_is_unknown_not_a_failure_or_result) ... ok
test_access_expiry_retirement_and_read_reservation (test_pure.PureBoundaryTests.test_access_expiry_retirement_and_read_reservation) ... ok
test_credentials_config_closed_and_no_encoded_leaks (test_pure.PureBoundaryTests.test_credentials_config_closed_and_no_encoded_leaks) ... 
  test_credentials_config_closed_and_no_encoded_leaks (test_pure.PureBoundaryTests.test_credentials_config_closed_and_no_encoded_leaks) (kind='representation') ... FAIL
  test_credentials_config_closed_and_no_encoded_leaks (test_pure.PureBoundaryTests.test_credentials_config_closed_and_no_encoded_leaks) (kind='representation') ... FAIL
  test_credentials_config_closed_and_no_encoded_leaks (test_pure.PureBoundaryTests.test_credentials_config_closed_and_no_encoded_leaks) (kind='representation') ... FAIL
  test_credentials_config_closed_and_no_encoded_leaks (test_pure.PureBoundaryTests.test_credentials_config_closed_and_no_encoded_leaks) (kind='representation') ... FAIL
  test_credentials_config_closed_and_no_encoded_leaks (test_pure.PureBoundaryTests.test_credentials_config_closed_and_no_encoded_leaks) (kind='representation') ... FAIL
  test_credentials_config_closed_and_no_encoded_leaks (test_pure.PureBoundaryTests.test_credentials_config_closed_and_no_encoded_leaks) (kind='representation') ... FAIL
test_each_identity_field_exact_and_null_tenant (test_pure.PureBoundaryTests.test_each_identity_field_exact_and_null_tenant) ... ok
test_method_route_body_and_header_default_deny (test_pure.PureBoundaryTests.test_method_route_body_and_header_default_deny) ... ok
test_owner_config_mutation_does_not_change_access_receipt (test_pure.PureBoundaryTests.test_owner_config_mutation_does_not_change_access_receipt) ... ok
test_revision_query_duplicates_and_no_caller_destination (test_pure.PureBoundaryTests.test_revision_query_duplicates_and_no_caller_destination) ... ok
test_dates_start_end_cap_recurrence_and_foreign_account (test_pure.PureMissingProjectionTests.test_dates_start_end_cap_recurrence_and_foreign_account) ... ok
test_duplicate_recurring_ids_and_account_rows_fail (test_pure.PureMissingProjectionTests.test_duplicate_recurring_ids_and_account_rows_fail) ... ok
test_missing_optional_values_unknown_relations_required_values_fail (test_pure.PureMissingProjectionTests.test_missing_optional_values_unknown_relations_required_values_fail) ... ok
test_all_upstream_failure_classes_are_value_free (test_pure.PureWireTests.test_all_upstream_failure_classes_are_value_free) ... ok
test_http_framing_rejects_ambiguity_injection_and_sizes (test_pure.PureWireTests.test_http_framing_rejects_ambiguity_injection_and_sizes) ... ok
test_json_duplicate_nonfinite_malformed_and_content_types (test_pure.PureWireTests.test_json_duplicate_nonfinite_malformed_and_content_types) ... ok

======================================================================
FAIL: test_credentials_config_closed_and_no_encoded_leaks (test_pure.PureBoundaryTests.test_credentials_config_closed_and_no_encoded_leaks) (kind='representation')
----------------------------------------------------------------------
Traceback (most recent call last):
  File "/home/user/Documents/workspace/audit-runs/PUBLICATION_SINGLE_CHANNEL_READONLY_INTEGRATION_PILOT_V11/continuation-transport-preparation/adapter-v3/test_pure.py", line 78, in test_credentials_config_closed_and_no_encoded_leaks
    with self.subTest(kind='representation'), self.assertRaises(Failure):
AssertionError: Failure not raised

======================================================================
FAIL: test_credentials_config_closed_and_no_encoded_leaks (test_pure.PureBoundaryTests.test_credentials_config_closed_and_no_encoded_leaks) (kind='representation')
----------------------------------------------------------------------
Traceback (most recent call last):
  File "/home/user/Documents/workspace/audit-runs/PUBLICATION_SINGLE_CHANNEL_READONLY_INTEGRATION_PILOT_V11/continuation-transport-preparation/adapter-v3/test_pure.py", line 78, in test_credentials_config_closed_and_no_encoded_leaks
    with self.subTest(kind='representation'), self.assertRaises(Failure):
AssertionError: Failure not raised

======================================================================
FAIL: test_credentials_config_closed_and_no_encoded_leaks (test_pure.PureBoundaryTests.test_credentials_config_closed_and_no_encoded_leaks) (kind='representation')
----------------------------------------------------------------------
Traceback (most recent call last):
  File "/home/user/Documents/workspace/audit-runs/PUBLICATION_SINGLE_CHANNEL_READONLY_INTEGRATION_PILOT_V11/continuation-transport-preparation/adapter-v3/test_pure.py", line 78, in test_credentials_config_closed_and_no_encoded_leaks
    with self.subTest(kind='representation'), self.assertRaises(Failure):
AssertionError: Failure not raised

======================================================================
FAIL: test_credentials_config_closed_and_no_encoded_leaks (test_pure.PureBoundaryTests.test_credentials_config_closed_and_no_encoded_leaks) (kind='representation')
----------------------------------------------------------------------
Traceback (most recent call last):
  File "/home/user/Documents/workspace/audit-runs/PUBLICATION_SINGLE_CHANNEL_READONLY_INTEGRATION_PILOT_V11/continuation-transport-preparation/adapter-v3/test_pure.py", line 78, in test_credentials_config_closed_and_no_encoded_leaks
    with self.subTest(kind='representation'), self.assertRaises(Failure):
AssertionError: Failure not raised

======================================================================
FAIL: test_credentials_config_closed_and_no_encoded_leaks (test_pure.PureBoundaryTests.test_credentials_config_closed_and_no_encoded_leaks) (kind='representation')
----------------------------------------------------------------------
Traceback (most recent call last):
  File "/home/user/Documents/workspace/audit-runs/PUBLICATION_SINGLE_CHANNEL_READONLY_INTEGRATION_PILOT_V11/continuation-transport-preparation/adapter-v3/test_pure.py", line 78, in test_credentials_config_closed_and_no_encoded_leaks
    with self.subTest(kind='representation'), self.assertRaises(Failure):
AssertionError: Failure not raised

======================================================================
FAIL: test_credentials_config_closed_and_no_encoded_leaks (test_pure.PureBoundaryTests.test_credentials_config_closed_and_no_encoded_leaks) (kind='representation')
----------------------------------------------------------------------
Traceback (most recent call last):
  File "/home/user/Documents/workspace/audit-runs/PUBLICATION_SINGLE_CHANNEL_READONLY_INTEGRATION_PILOT_V11/continuation-transport-preparation/adapter-v3/test_pure.py", line 78, in test_credentials_config_closed_and_no_encoded_leaks
    with self.subTest(kind='representation'), self.assertRaises(Failure):
AssertionError: Failure not raised

----------------------------------------------------------------------
Ran 24 tests in 0.020s

FAILED (failures=6)
