FRONTEND_ARCHITECTURE_POSITIVE_CONTROL=PASS files=202
PRODUCT_CURRENT_REVISION_ID_FRONTEND_USAGE_COUNT_NEGATIVE_CONTROL=PASS residue=0
CLIENT_LATEST_HEAD_INFERENCE_COUNT_NEGATIVE_CONTROL=PASS residue=0
CLIENT_CANONICAL_ACTOR_AUTHORITY_COUNT_NEGATIVE_CONTROL=PASS residue=0
CLIENT_CANONICAL_TENANT_OVERRIDE_COUNT_NEGATIVE_CONTROL=PASS residue=0
NEW_FRONTEND_GENERIC_PATCH_USAGE_COUNT_NEGATIVE_CONTROL=PASS residue=0
PHYSICAL_STORAGE_URI_AS_ENTITY_ID_COUNT_NEGATIVE_CONTROL=PASS residue=0
PROVIDER_KEY_AS_ARTIFACT_ID_COUNT_NEGATIVE_CONTROL=PASS residue=0
CLIENT_CANONICAL_MERGE_AUTHORITY_COUNT_NEGATIVE_CONTROL=PASS residue=0
H8_INTERNAL_IMPLEMENTATION_FRONTEND_DEPENDENCY_COUNT_NEGATIVE_CONTROL=PASS residue=0
UNSTABLE_ROUTE_DIRECT_COMPONENT_CALL_COUNT_NEGATIVE_CONTROL=PASS residue=0
POST_H7_AUTHENTICATED_TENANT_AND_READ_ONLY_COMPARE_CONTROL=PASS residue=0
FRONTEND_CONCRETE_FFMPEG_AUTHORITY_COUNT_NEGATIVE_CONTROL=PASS residue=0
FRONTEND_PLAN_NAME_FEATURE_AUTHORITY_COUNT_NEGATIVE_CONTROL=PASS residue=0
FRONTEND_LOCAL_CAN_RUN_DECISION_COUNT_NEGATIVE_CONTROL=PASS residue=0
FRONTEND_DUPLICATE_CANONICAL_TIMELINE_AUTHORITY_COUNT_NEGATIVE_CONTROL=PASS residue=0
FRONTEND_CANONICAL_DOMAIN_SHADOW_COUNT_NEGATIVE_CONTROL=PASS residue=0
FRONTEND_PROVIDER_SELECTION_AUTHORITY_COUNT_NEGATIVE_CONTROL=PASS residue=0
FRONTEND_DIRECT_CANONICAL_MUTATION_BYPASS_COUNT_NEGATIVE_CONTROL=PASS residue=0
FRONTEND_PROVIDER_INTERNAL_GRAPH_AUTHORITY_COUNT_NEGATIVE_CONTROL=PASS residue=0
FRONTEND_SYNTHETIC_WORKSPACE_SCOPE_COUNT_NEGATIVE_CONTROL=PASS residue=0
FRONTEND_SYNTHETIC_WORKSPACE_SCOPE_COUNT_NEGATIVE_CONTROL=PASS residue=0
FRONTEND_ACTIVE_UNSCOPED_RENDER_API_COUNT_NEGATIVE_CONTROL=PASS residue=0
FRONTEND_ACTIVE_UNSCOPED_RENDER_API_COUNT_NEGATIVE_CONTROL=PASS residue=0
FRONTEND_STALE_RENDER_STATUS_SHADOW_COUNT_NEGATIVE_CONTROL=PASS residue=0
FRONTEND_RAW_STORAGE_PRODUCT_FIELD_COUNT_sourceUrl_NEGATIVE_CONTROL=PASS residue=0
FRONTEND_RAW_STORAGE_PRODUCT_FIELD_COUNT_storageUri_NEGATIVE_CONTROL=PASS residue=0
FRONTEND_RAW_STORAGE_PRODUCT_FIELD_COUNT_storageKey_NEGATIVE_CONTROL=PASS residue=0
FRONTEND_RAW_STORAGE_PRODUCT_FIELD_COUNT_objectKey_NEGATIVE_CONTROL=PASS residue=0
FRONTEND_RAW_STORAGE_PRODUCT_FIELD_COUNT_bucket_NEGATIVE_CONTROL=PASS residue=0
FRONTEND_RAW_STORAGE_PRODUCT_FIELD_COUNT_assetUri_NEGATIVE_CONTROL=PASS residue=0
FRONTEND_EXPLICIT_NON_PRODUCT_SURFACE_EXCLUSION_CONTROL=PASS residue=0
FRONTEND_ARCHITECTURE_EMPTY_UNIVERSE_NEGATIVE_CONTROL=PASS residue=0
TAP version 13
# Subtest: governed frontend passes with all authority counts at zero
ok 1 - governed frontend passes with all authority counts at zero
  ---
  duration_ms: 1266.664851
  type: 'test'
  ...
# Subtest: NLE navigation runtime paths are explicitly governed, physically present, and classified
ok 2 - NLE navigation runtime paths are explicitly governed, physically present, and classified
  ---
  duration_ms: 47.957477
  type: 'test'
  ...
# Subtest: governed inventory rejects replacing product/timeline/TimelineNavigation.tsx even when the total is unchanged
ok 3 - governed inventory rejects replacing product/timeline/TimelineNavigation.tsx even when the total is unchanged
  ---
  duration_ms: 23.031971
  type: 'test'
  ...
# Subtest: NLE governed path product/timeline/TimelineNavigation.tsx still rejects const route = '/timeline-git/products/p1/revisions/current'
ok 4 - NLE governed path product/timeline/TimelineNavigation.tsx still rejects const route = '/timeline-git/products/p1/revisions/current'
  ---
  duration_ms: 1.486947
  type: 'test'
  ...
# Subtest: NLE governed path product/timeline/TimelineNavigation.tsx still rejects alternateClient.get(endpoint)
ok 5 - NLE governed path product/timeline/TimelineNavigation.tsx still rejects alternateClient.get(endpoint)
  ---
  duration_ms: 1.191643
  type: 'test'
  ...
# Subtest: NLE governed path product/timeline/TimelineNavigation.tsx still rejects import alternateClient from 'axios'
ok 6 - NLE governed path product/timeline/TimelineNavigation.tsx still rejects import alternateClient from 'axios'
  ---
  duration_ms: 1.046342
  type: 'test'
  ...
# Subtest: NLE governed path product/timeline/TimelineNavigation.tsx still rejects import { versionlessTransport } from '../../api/app/versionless-api'
ok 7 - NLE governed path product/timeline/TimelineNavigation.tsx still rejects import { versionlessTransport } from '../../api/app/versionless-api'
  ---
  duration_ms: 1.117185
  type: 'test'
  ...
# Subtest: governed inventory rejects replacing product/timeline/navigation.ts even when the total is unchanged
ok 8 - governed inventory rejects replacing product/timeline/navigation.ts even when the total is unchanged
  ---
  duration_ms: 16.329662
  type: 'test'
  ...
# Subtest: NLE governed path product/timeline/navigation.ts still rejects const route = '/timeline-git/products/p1/revisions/current'
ok 9 - NLE governed path product/timeline/navigation.ts still rejects const route = '/timeline-git/products/p1/revisions/current'
  ---
  duration_ms: 1.378882
  type: 'test'
  ...
# Subtest: NLE governed path product/timeline/navigation.ts still rejects alternateClient.get(endpoint)
ok 10 - NLE governed path product/timeline/navigation.ts still rejects alternateClient.get(endpoint)
  ---
  duration_ms: 1.364771
  type: 'test'
  ...
# Subtest: NLE governed path product/timeline/navigation.ts still rejects import alternateClient from 'axios'
ok 11 - NLE governed path product/timeline/navigation.ts still rejects import alternateClient from 'axios'
  ---
  duration_ms: 1.043379
  type: 'test'
  ...
# Subtest: NLE governed path product/timeline/navigation.ts still rejects import { versionlessTransport } from '../../api/app/versionless-api'
ok 12 - NLE governed path product/timeline/navigation.ts still rejects import { versionlessTransport } from '../../api/app/versionless-api'
  ---
  duration_ms: 0.965694
  type: 'test'
  ...
# Subtest: localization guard rejects direct vendor imports and migrated hardcoded chrome
ok 13 - localization guard rejects direct vendor imports and migrated hardcoded chrome
  ---
  duration_ms: 1.289598
  type: 'test'
  ...
# Subtest: localization boundary rejects product integration imports, dynamic imports, public re-exports, and JSX copy
ok 14 - localization boundary rejects product integration imports, dynamic imports, public re-exports, and JSX copy
  ---
  duration_ms: 2.225627
  type: 'test'
  ...
# Subtest: localization boundary permits only main composition to config and bounded integration internals
ok 15 - localization boundary permits only main composition to config and bounded integration internals
  ---
  duration_ms: 1.693142
  type: 'test'
  ...
# Subtest: localization source manifest is strict and detects a missing required English key
ok 16 - localization source manifest is strict and detects a missing required English key
  ---
  duration_ms: 2.134157
  type: 'test'
  ...
# Subtest: localization source-key validation is namespace-aware, English-only, comment-safe, and fail-closed
ok 17 - localization source-key validation is namespace-aware, English-only, comment-safe, and fail-closed
  ---
  duration_ms: 1.440534
  type: 'test'
  ...
# Subtest: OLD_IMPORT_COUNT rejects reintroduced legacy usage
ok 18 - OLD_IMPORT_COUNT rejects reintroduced legacy usage
  ---
  duration_ms: 1.093387
  type: 'test'
  ...
# Subtest: OLD_COMPONENT_USAGE_COUNT rejects reintroduced legacy usage
ok 19 - OLD_COMPONENT_USAGE_COUNT rejects reintroduced legacy usage
  ---
  duration_ms: 1.014768
  type: 'test'
  ...
# Subtest: OLD_SCHEMA_USAGE_COUNT rejects reintroduced legacy usage
ok 20 - OLD_SCHEMA_USAGE_COUNT rejects reintroduced legacy usage
  ---
  duration_ms: 0.979071
  type: 'test'
  ...
# Subtest: OLD_ROUTE_COUNT rejects an increase above the preserved compatibility ceiling
ok 21 - OLD_ROUTE_COUNT rejects an increase above the preserved compatibility ceiling
  ---
  duration_ms: 2.113325
  type: 'test'
  ...
# Subtest: path ledger reconciliation detects unclassified, stale, and duplicate paths
ok 22 - path ledger reconciliation detects unclassified, stale, and duplicate paths
  ---
  duration_ms: 9.682439
  type: 'test'
  ...
# Subtest: ignored physical log is not ledger-required
ok 23 - ignored physical log is not ledger-required
  ---
  duration_ms: 47.793192
  type: 'test'
  ...
# Subtest: absent ignored log with a correct ledger does not create a stale row
ok 24 - absent ignored log with a correct ledger does not create a stale row
  ---
  duration_ms: 57.099297
  type: 'test'
  ...
# Subtest: nonignored unclassified path still fails reconciliation
ok 25 - nonignored unclassified path still fails reconciliation
  ---
  duration_ms: 63.647041
  type: 'test'
  ...
# Subtest: tracked path missing from the ledger still fails reconciliation
ok 26 - tracked path missing from the ledger still fails reconciliation
  ---
  duration_ms: 68.07976
  type: 'test'
  ...
# Subtest: ledger row for a tracked but physically missing path stays stale
ok 27 - ledger row for a tracked but physically missing path stays stale
  ---
  duration_ms: 69.812091
  type: 'test'
  ...
# Subtest: duplicate ledger path still fails reconciliation
ok 28 - duplicate ledger path still fails reconciliation
  ---
  duration_ms: 46.920258
  type: 'test'
  ...
# Subtest: explicitly tracked ignored-name file remains governed
ok 29 - explicitly tracked ignored-name file remains governed
  ---
  duration_ms: 52.774639
  type: 'test'
  ...
# Subtest: PRODUCT_CURRENT_REVISION_ID_FRONTEND_USAGE_COUNT rejects its post-H7 negative control and leaves zero residue
ok 30 - PRODUCT_CURRENT_REVISION_ID_FRONTEND_USAGE_COUNT rejects its post-H7 negative control and leaves zero residue
  ---
  duration_ms: 6.580111
  type: 'test'
  ...
# Subtest: CLIENT_LATEST_HEAD_INFERENCE_COUNT rejects its post-H7 negative control and leaves zero residue
ok 31 - CLIENT_LATEST_HEAD_INFERENCE_COUNT rejects its post-H7 negative control and leaves zero residue
  ---
  duration_ms: 2.422834
  type: 'test'
  ...
# Subtest: CLIENT_CANONICAL_ACTOR_AUTHORITY_COUNT rejects its post-H7 negative control and leaves zero residue
ok 32 - CLIENT_CANONICAL_ACTOR_AUTHORITY_COUNT rejects its post-H7 negative control and leaves zero residue
  ---
  duration_ms: 2.016845
  type: 'test'
  ...
# Subtest: CLIENT_CANONICAL_TENANT_OVERRIDE_COUNT rejects its post-H7 negative control and leaves zero residue
ok 33 - CLIENT_CANONICAL_TENANT_OVERRIDE_COUNT rejects its post-H7 negative control and leaves zero residue
  ---
  duration_ms: 1.847095
  type: 'test'
  ...
# Subtest: NEW_FRONTEND_GENERIC_PATCH_USAGE_COUNT rejects its post-H7 negative control and leaves zero residue
ok 34 - NEW_FRONTEND_GENERIC_PATCH_USAGE_COUNT rejects its post-H7 negative control and leaves zero residue
  ---
  duration_ms: 2.191946
  type: 'test'
  ...
# Subtest: PHYSICAL_STORAGE_URI_AS_ENTITY_ID_COUNT rejects its post-H7 negative control and leaves zero residue
ok 35 - PHYSICAL_STORAGE_URI_AS_ENTITY_ID_COUNT rejects its post-H7 negative control and leaves zero residue
  ---
  duration_ms: 2.122019
  type: 'test'
  ...
# Subtest: PROVIDER_KEY_AS_ARTIFACT_ID_COUNT rejects its post-H7 negative control and leaves zero residue
ok 36 - PROVIDER_KEY_AS_ARTIFACT_ID_COUNT rejects its post-H7 negative control and leaves zero residue
  ---
  duration_ms: 1.775801
  type: 'test'
  ...
# Subtest: CLIENT_CANONICAL_MERGE_AUTHORITY_COUNT rejects its post-H7 negative control and leaves zero residue
ok 37 - CLIENT_CANONICAL_MERGE_AUTHORITY_COUNT rejects its post-H7 negative control and leaves zero residue
  ---
  duration_ms: 2.137911
  type: 'test'
  ...
# Subtest: H8_INTERNAL_IMPLEMENTATION_FRONTEND_DEPENDENCY_COUNT rejects its post-H7 negative control and leaves zero residue
ok 38 - H8_INTERNAL_IMPLEMENTATION_FRONTEND_DEPENDENCY_COUNT rejects its post-H7 negative control and leaves zero residue
  ---
  duration_ms: 2.776795
  type: 'test'
  ...
# Subtest: UNSTABLE_ROUTE_DIRECT_COMPONENT_CALL_COUNT rejects its post-H7 negative control and leaves zero residue
ok 39 - UNSTABLE_ROUTE_DIRECT_COMPONENT_CALL_COUNT rejects its post-H7 negative control and leaves zero residue
  ---
  duration_ms: 1.802806
  type: 'test'
  ...
# Subtest: post-H7 rules allow authenticated tenant path scope and read-only server compare
ok 40 - post-H7 rules allow authenticated tenant path scope and read-only server compare
  ---
  duration_ms: 2.880215
  type: 'test'
  ...
# Subtest: CLIENT_CANONICAL_ACTOR_AUTHORITY_COUNT rejects actor shorthand on a governed runtime bridge
ok 41 - CLIENT_CANONICAL_ACTOR_AUTHORITY_COUNT rejects actor shorthand on a governed runtime bridge
  ---
  duration_ms: 1.829878
  type: 'test'
  ...
# Subtest: CLIENT_CANONICAL_ACTOR_AUTHORITY_COUNT rejects quoted actor key on a governed runtime bridge
ok 42 - CLIENT_CANONICAL_ACTOR_AUTHORITY_COUNT rejects quoted actor key on a governed runtime bridge
  ---
  duration_ms: 1.457474
  type: 'test'
  ...
# Subtest: CLIENT_CANONICAL_ACTOR_AUTHORITY_COUNT rejects computed actor key on a governed runtime bridge
ok 43 - CLIENT_CANONICAL_ACTOR_AUTHORITY_COUNT rejects computed actor key on a governed runtime bridge
  ---
  duration_ms: 1.223214
  type: 'test'
  ...
# Subtest: CLIENT_CANONICAL_ACTOR_AUTHORITY_COUNT rejects actor alias on a governed runtime bridge
ok 44 - CLIENT_CANONICAL_ACTOR_AUTHORITY_COUNT rejects actor alias on a governed runtime bridge
  ---
  duration_ms: 1.714461
  type: 'test'
  ...
# Subtest: CLIENT_CANONICAL_TENANT_OVERRIDE_COUNT rejects tenant shorthand request body on a governed runtime bridge
ok 45 - CLIENT_CANONICAL_TENANT_OVERRIDE_COUNT rejects tenant shorthand request body on a governed runtime bridge
  ---
  duration_ms: 1.565748
  type: 'test'
  ...
# Subtest: CLIENT_CANONICAL_TENANT_OVERRIDE_COUNT rejects computed tenant override on a governed runtime bridge
ok 46 - CLIENT_CANONICAL_TENANT_OVERRIDE_COUNT rejects computed tenant override on a governed runtime bridge
  ---
  duration_ms: 1.517801
  type: 'test'
  ...
# Subtest: CLIENT_CANONICAL_TENANT_OVERRIDE_COUNT rejects quoted tenant header on a governed runtime bridge
ok 47 - CLIENT_CANONICAL_TENANT_OVERRIDE_COUNT rejects quoted tenant header on a governed runtime bridge
  ---
  duration_ms: 1.467632
  type: 'test'
  ...
# Subtest: CLIENT_CANONICAL_TENANT_OVERRIDE_COUNT rejects tenant alias on a governed runtime bridge
ok 48 - CLIENT_CANONICAL_TENANT_OVERRIDE_COUNT rejects tenant alias on a governed runtime bridge
  ---
  duration_ms: 1.609002
  type: 'test'
  ...
# Subtest: CLIENT_CANONICAL_TENANT_OVERRIDE_COUNT rejects split tenant payload declaration on a governed runtime bridge
ok 49 - CLIENT_CANONICAL_TENANT_OVERRIDE_COUNT rejects split tenant payload declaration on a governed runtime bridge
  ---
  duration_ms: 1.70716
  type: 'test'
  ...
# Subtest: POST_H7_AXIOS_IMPORT_BYPASS_COUNT rejects aliased Axios import on a governed runtime bridge
ok 50 - POST_H7_AXIOS_IMPORT_BYPASS_COUNT rejects aliased Axios import on a governed runtime bridge
  ---
  duration_ms: 1.53245
  type: 'test'
  ...
# Subtest: POST_H7_VERSIONLESS_TRANSPORT_IMPORT_BYPASS_COUNT rejects aliased versionless transport import on a governed runtime bridge
ok 51 - POST_H7_VERSIONLESS_TRANSPORT_IMPORT_BYPASS_COUNT rejects aliased versionless transport import on a governed runtime bridge
  ---
  duration_ms: 1.786598
  type: 'test'
  ...
# Subtest: UNSTABLE_ROUTE_DIRECT_COMPONENT_CALL_COUNT rejects raw unstable route on a governed runtime bridge
ok 52 - UNSTABLE_ROUTE_DIRECT_COMPONENT_CALL_COUNT rejects raw unstable route on a governed runtime bridge
  ---
  duration_ms: 1.721491
  type: 'test'
  ...
# Subtest: UNSTABLE_ROUTE_DIRECT_COMPONENT_CALL_COUNT rejects composed unstable route on a governed runtime bridge
ok 53 - UNSTABLE_ROUTE_DIRECT_COMPONENT_CALL_COUNT rejects composed unstable route on a governed runtime bridge
  ---
  duration_ms: 1.983186
  type: 'test'
  ...
# Subtest: UNSTABLE_ROUTE_DIRECT_COMPONENT_CALL_COUNT rejects alternate transport client call on a governed runtime bridge
ok 54 - UNSTABLE_ROUTE_DIRECT_COMPONENT_CALL_COUNT rejects alternate transport client call on a governed runtime bridge
  ---
  duration_ms: 3.188966
  type: 'test'
  ...
# Subtest: UNSTABLE_ROUTE_DIRECT_COMPONENT_CALL_COUNT rejects dynamic transport method on a governed runtime bridge
ok 55 - UNSTABLE_ROUTE_DIRECT_COMPONENT_CALL_COUNT rejects dynamic transport method on a governed runtime bridge
  ---
  duration_ms: 2.493849
  type: 'test'
  ...
# Subtest: UNSTABLE_ROUTE_DIRECT_COMPONENT_CALL_COUNT rejects transport method alias on a governed runtime bridge
ok 56 - UNSTABLE_ROUTE_DIRECT_COMPONENT_CALL_COUNT rejects transport method alias on a governed runtime bridge
  ---
  duration_ms: 2.353186
  type: 'test'
  ...
# Subtest: UNSTABLE_ROUTE_DIRECT_COMPONENT_CALL_COUNT rejects destructured transport alias on a governed runtime bridge
ok 57 - UNSTABLE_ROUTE_DIRECT_COMPONENT_CALL_COUNT rejects destructured transport alias on a governed runtime bridge
  ---
  duration_ms: 2.778154
  type: 'test'
  ...
# Subtest: tenant authority guard allows authenticated ProjectContext projection and gateway path scope
ok 58 - tenant authority guard allows authenticated ProjectContext projection and gateway path scope
  ---
  duration_ms: 3.832294
  type: 'test'
  ...
# Subtest: api/app runtime allowlist rejects an unexpected non-test TypeScript module
ok 59 - api/app runtime allowlist rejects an unexpected non-test TypeScript module
  ---
  duration_ms: 6.799372
  type: 'test'
  ...
# Subtest: hostile A: an unallowlisted nested api/app .ts runtime fails closed
ok 60 - hostile A: an unallowlisted nested api/app .ts runtime fails closed
  ---
  duration_ms: 5.498278
  type: 'test'
  ...
# Subtest: hostile B: an unallowlisted nested api/app .tsx runtime fails closed
ok 61 - hostile B: an unallowlisted nested api/app .tsx runtime fails closed
  ---
  duration_ms: 3.807077
  type: 'test'
  ...
# Subtest: hostile C: post-H7 authority rules scan forbidden patterns in nested api/app runtime
ok 62 - hostile C: post-H7 authority rules scan forbidden patterns in nested api/app runtime
  ---
  duration_ms: 1.405666
  type: 'test'
  ...
# Subtest: hostile D: nested api/app test modules are excluded from runtime inventory
ok 63 - hostile D: nested api/app test modules are excluded from runtime inventory
  ---
  duration_ms: 3.433083
  type: 'test'
  ...
# Subtest: hostile E: nested api/app declaration modules are excluded from runtime inventory
ok 64 - hostile E: nested api/app declaration modules are excluded from runtime inventory
  ---
  duration_ms: 3.392934
  type: 'test'
  ...
# Subtest: hostile F: an unseen arbitrarily deep api/app directory cannot escape classification
ok 65 - hostile F: an unseen arbitrarily deep api/app directory cannot escape classification
  ---
  duration_ms: 4.232377
  type: 'test'
  ...
# Subtest: post-H7 governed path manifest fails closed when one expected runtime path is omitted
ok 66 - post-H7 governed path manifest fails closed when one expected runtime path is omitted
  ---
  duration_ms: 8.44467
  type: 'test'
  ...
# Subtest: FRONTEND_CONCRETE_FFMPEG_AUTHORITY_COUNT rejects FRONTEND_CONCRETE_FFMPEG_AUTHORITY_COUNT and leaves zero residue
ok 67 - FRONTEND_CONCRETE_FFMPEG_AUTHORITY_COUNT rejects FRONTEND_CONCRETE_FFMPEG_AUTHORITY_COUNT and leaves zero residue
  ---
  duration_ms: 1.063407
  type: 'test'
  ...
# Subtest: FRONTEND_PLAN_NAME_FEATURE_AUTHORITY_COUNT rejects FRONTEND_PLAN_NAME_FEATURE_AUTHORITY_COUNT and leaves zero residue
ok 68 - FRONTEND_PLAN_NAME_FEATURE_AUTHORITY_COUNT rejects FRONTEND_PLAN_NAME_FEATURE_AUTHORITY_COUNT and leaves zero residue
  ---
  duration_ms: 0.901897
  type: 'test'
  ...
# Subtest: FRONTEND_LOCAL_CAN_RUN_DECISION_COUNT rejects FRONTEND_LOCAL_CAN_RUN_DECISION_COUNT and leaves zero residue
ok 69 - FRONTEND_LOCAL_CAN_RUN_DECISION_COUNT rejects FRONTEND_LOCAL_CAN_RUN_DECISION_COUNT and leaves zero residue
  ---
  duration_ms: 1.082032
  type: 'test'
  ...
# Subtest: FRONTEND_DUPLICATE_CANONICAL_TIMELINE_AUTHORITY_COUNT rejects FRONTEND_DUPLICATE_CANONICAL_TIMELINE_AUTHORITY_COUNT and leaves zero residue
ok 70 - FRONTEND_DUPLICATE_CANONICAL_TIMELINE_AUTHORITY_COUNT rejects FRONTEND_DUPLICATE_CANONICAL_TIMELINE_AUTHORITY_COUNT and leaves zero residue
  ---
  duration_ms: 0.915137
  type: 'test'
  ...
# Subtest: FRONTEND_CANONICAL_DOMAIN_SHADOW_COUNT rejects FRONTEND_CANONICAL_DOMAIN_SHADOW_COUNT and leaves zero residue
ok 71 - FRONTEND_CANONICAL_DOMAIN_SHADOW_COUNT rejects FRONTEND_CANONICAL_DOMAIN_SHADOW_COUNT and leaves zero residue
  ---
  duration_ms: 0.842215
  type: 'test'
  ...
# Subtest: FRONTEND_PROVIDER_SELECTION_AUTHORITY_COUNT rejects FRONTEND_PROVIDER_SELECTION_AUTHORITY_COUNT and leaves zero residue
ok 72 - FRONTEND_PROVIDER_SELECTION_AUTHORITY_COUNT rejects FRONTEND_PROVIDER_SELECTION_AUTHORITY_COUNT and leaves zero residue
  ---
  duration_ms: 0.891819
  type: 'test'
  ...
# Subtest: FRONTEND_DIRECT_CANONICAL_MUTATION_BYPASS_COUNT rejects FRONTEND_DIRECT_CANONICAL_MUTATION_BYPASS_COUNT and leaves zero residue
ok 73 - FRONTEND_DIRECT_CANONICAL_MUTATION_BYPASS_COUNT rejects FRONTEND_DIRECT_CANONICAL_MUTATION_BYPASS_COUNT and leaves zero residue
  ---
  duration_ms: 4.765621
  type: 'test'
  ...
# Subtest: FRONTEND_PROVIDER_INTERNAL_GRAPH_AUTHORITY_COUNT rejects FRONTEND_PROVIDER_INTERNAL_GRAPH_AUTHORITY_COUNT and leaves zero residue
ok 74 - FRONTEND_PROVIDER_INTERNAL_GRAPH_AUTHORITY_COUNT rejects FRONTEND_PROVIDER_INTERNAL_GRAPH_AUTHORITY_COUNT and leaves zero residue
  ---
  duration_ms: 0.865657
  type: 'test'
  ...
# Subtest: FRONTEND_SYNTHETIC_WORKSPACE_SCOPE_COUNT rejects tenant synthetic default and leaves zero residue
ok 75 - FRONTEND_SYNTHETIC_WORKSPACE_SCOPE_COUNT rejects tenant synthetic default and leaves zero residue
  ---
  duration_ms: 1.149756
  type: 'test'
  ...
# Subtest: FRONTEND_SYNTHETIC_WORKSPACE_SCOPE_COUNT rejects project synthetic default and leaves zero residue
ok 76 - FRONTEND_SYNTHETIC_WORKSPACE_SCOPE_COUNT rejects project synthetic default and leaves zero residue
  ---
  duration_ms: 1.056879
  type: 'test'
  ...
# Subtest: FRONTEND_ACTIVE_UNSCOPED_RENDER_API_COUNT rejects nested unscoped artifact endpoint and leaves zero residue
ok 77 - FRONTEND_ACTIVE_UNSCOPED_RENDER_API_COUNT rejects nested unscoped artifact endpoint and leaves zero residue
  ---
  duration_ms: 0.867757
  type: 'test'
  ...
# Subtest: FRONTEND_ACTIVE_UNSCOPED_RENDER_API_COUNT rejects nested unscoped artifact mutation and leaves zero residue
ok 78 - FRONTEND_ACTIVE_UNSCOPED_RENDER_API_COUNT rejects nested unscoped artifact mutation and leaves zero residue
  ---
  duration_ms: 0.894052
  type: 'test'
  ...
# Subtest: FRONTEND_STALE_RENDER_STATUS_SHADOW_COUNT rejects stale render status shadow and leaves zero residue
ok 79 - FRONTEND_STALE_RENDER_STATUS_SHADOW_COUNT rejects stale render status shadow and leaves zero residue
  ---
  duration_ms: 1.063684
  type: 'test'
  ...
# Subtest: FRONTEND_RAW_STORAGE_PRODUCT_FIELD_COUNT rejects sourceUrl and leaves zero residue
ok 80 - FRONTEND_RAW_STORAGE_PRODUCT_FIELD_COUNT rejects sourceUrl and leaves zero residue
  ---
  duration_ms: 1.015845
  type: 'test'
  ...
# Subtest: FRONTEND_RAW_STORAGE_PRODUCT_FIELD_COUNT rejects storageUri and leaves zero residue
ok 81 - FRONTEND_RAW_STORAGE_PRODUCT_FIELD_COUNT rejects storageUri and leaves zero residue
  ---
  duration_ms: 0.834197
  type: 'test'
  ...
# Subtest: FRONTEND_RAW_STORAGE_PRODUCT_FIELD_COUNT rejects storageKey and leaves zero residue
ok 82 - FRONTEND_RAW_STORAGE_PRODUCT_FIELD_COUNT rejects storageKey and leaves zero residue
  ---
  duration_ms: 0.875505
  type: 'test'
  ...
# Subtest: FRONTEND_RAW_STORAGE_PRODUCT_FIELD_COUNT rejects objectKey and leaves zero residue
ok 83 - FRONTEND_RAW_STORAGE_PRODUCT_FIELD_COUNT rejects objectKey and leaves zero residue
  ---
  duration_ms: 0.848845
  type: 'test'
  ...
# Subtest: FRONTEND_RAW_STORAGE_PRODUCT_FIELD_COUNT rejects bucket and leaves zero residue
ok 84 - FRONTEND_RAW_STORAGE_PRODUCT_FIELD_COUNT rejects bucket and leaves zero residue
  ---
  duration_ms: 0.827838
  type: 'test'
  ...
# Subtest: FRONTEND_RAW_STORAGE_PRODUCT_FIELD_COUNT rejects assetUri and leaves zero residue
ok 85 - FRONTEND_RAW_STORAGE_PRODUCT_FIELD_COUNT rejects assetUri and leaves zero residue
  ---
  duration_ms: 0.817943
  type: 'test'
  ...
# Subtest: FRONTEND_DIRECT_STORAGE_URI_USE_COUNT rejects a baseline increase
ok 86 - FRONTEND_DIRECT_STORAGE_URI_USE_COUNT rejects a baseline increase
  ---
  duration_ms: 0.954906
  type: 'test'
  ...
# Subtest: FRONTEND_SCATTERED_NATIVE_FETCH_COUNT rejects a baseline increase
ok 87 - FRONTEND_SCATTERED_NATIVE_FETCH_COUNT rejects a baseline increase
  ---
  duration_ms: 0.860652
  type: 'test'
  ...
# Subtest: FRONTEND_DUPLICATE_CANONICAL_DTO_AUTHORITY_COUNT rejects a baseline increase
ok 88 - FRONTEND_DUPLICATE_CANONICAL_DTO_AUTHORITY_COUNT rejects a baseline increase
  ---
  duration_ms: 0.957738
  type: 'test'
  ...
# Subtest: FRONTEND_UNCLASSIFIED_DOMAIN_MODEL_COUNT rejects a baseline increase
ok 89 - FRONTEND_UNCLASSIFIED_DOMAIN_MODEL_COUNT rejects a baseline increase
  ---
  duration_ms: 0.852968
  type: 'test'
  ...
# Subtest: FRONTEND_COMMERCIAL_AUTHORITY_COUNT rejects a baseline increase
ok 90 - FRONTEND_COMMERCIAL_AUTHORITY_COUNT rejects a baseline increase
  ---
  duration_ms: 0.795535
  type: 'test'
  ...
# Subtest: FRONTEND_RUNTIME_ELIGIBILITY_AUTHORITY_COUNT rejects a baseline increase
ok 91 - FRONTEND_RUNTIME_ELIGIBILITY_AUTHORITY_COUNT rejects a baseline increase
  ---
  duration_ms: 0.777728
  type: 'test'
  ...
# Subtest: active product rules exclude explicit admin, developer, and operator surfaces
ok 92 - active product rules exclude explicit admin, developer, and operator surfaces
  ---
  duration_ms: 1.437971
  type: 'test'
  ...
# Subtest: guard fails closed on an empty scan universe
ok 93 - guard fails closed on an empty scan universe
  ---
  duration_ms: 0.83571
  type: 'test'
  ...
# Subtest: selection structural boundary rejects product/another/Untyped.tsx: import { useState as state } from 'react'; const [selectedIds, setSelectedIds] = state([])
ok 94 - selection structural boundary rejects product/another/Untyped.tsx: import { useState as state } from 'react'; const [selectedIds, setSelectedIds] = state([])
  ---
  duration_ms: 1.629547
  type: 'test'
  ...
# Subtest: selection structural boundary rejects product/canvas/Other.ts: function relabel(reference) { reference.label = 'Canonical' }
ok 95 - selection structural boundary rejects product/canvas/Other.ts: function relabel(reference) { reference.label = 'Canonical' }
  ---
  duration_ms: 1.103774
  type: 'test'
  ...
# Subtest: selection structural boundary rejects product/canvas/Other.ts: const edge = { meaning: 'DEPENDENCY' }
ok 96 - selection structural boundary rejects product/canvas/Other.ts: const edge = { meaning: 'DEPENDENCY' }
  ---
  duration_ms: 1.061278
  type: 'test'
  ...
# Subtest: selection structural boundary rejects product/another/Panel.tsx: import { createInteractionStore as make } from '../../interaction/model'; const privateStore = make({ surfaceId: 'canvas' })
ok 97 - selection structural boundary rejects product/another/Panel.tsx: import { createInteractionStore as make } from '../../interaction/model'; const privateStore = make({ surfaceId: 'canvas' })
  ---
  duration_ms: 1.207466
  type: 'test'
  ...
# Subtest: selection structural boundary rejects interaction/Other.tsx: import { createContext } from 'react'; import type { InteractionStore } from './model'; const another = createContext<InteractionStore | null>(null)
ok 98 - selection structural boundary rejects interaction/Other.tsx: import { createContext } from 'react'; import type { InteractionStore } from './model'; const another = createContext<InteractionStore | null>(null)
  ---
  duration_ms: 1.207438
  type: 'test'
  ...
# Subtest: selection structural boundary rejects product/another/Panel.tsx: import { useState } from 'react'; import type { SelectionState } from '../../interaction/model'; const [privateSelection] = useState<SelectionState>()
ok 99 - selection structural boundary rejects product/another/Panel.tsx: import { useState } from 'react'; import type { SelectionState } from '../../interaction/model'; const [privateSelection] = useState<SelectionState>()
  ---
  duration_ms: 1.17485
  type: 'test'
  ...
# Subtest: selection structural boundary rejects product/canvas/Model.ts: interface ExtraState { selectedPresentationId: string | null }
ok 100 - selection structural boundary rejects product/canvas/Model.ts: interface ExtraState { selectedPresentationId: string | null }
  ---
  duration_ms: 1.019594
  type: 'test'
  ...
# Subtest: selection structural boundary rejects product/canvas/Model.ts: function rename(state, title) { return { ...state, references: state.references.map(ref => ({ ...ref, label: title })) } }
ok 101 - selection structural boundary rejects product/canvas/Model.ts: function rename(state, title) { return { ...state, references: state.references.map(ref => ({ ...ref, label: title })) } }
  ---
  duration_ms: 1.342863
  type: 'test'
  ...
# Subtest: selection structural boundary rejects product/canvas/Other.ts: import { apply } from '../../api/app/operation.gateway'
ok 102 - selection structural boundary rejects product/canvas/Other.ts: import { apply } from '../../api/app/operation.gateway'
  ---
  duration_ms: 1.110489
  type: 'test'
  ...
# Subtest: selection structural boundary rejects interaction/Other.ts: export { ApplyContext } from '../../workflow-module/internal'
ok 103 - selection structural boundary rejects interaction/Other.ts: export { ApplyContext } from '../../workflow-module/internal'
  ---
  duration_ms: 0.878167
  type: 'test'
  ...
# Subtest: selection structural boundary rejects interaction/Other.ts: const result = { status: 'APPLIED', planDigest: 'fake' }
ok 104 - selection structural boundary rejects interaction/Other.ts: const result = { status: 'APPLIED', planDigest: 'fake' }
  ---
  duration_ms: 0.935613
  type: 'test'
  ...
# Subtest: selection structural boundary rejects interaction/Other.tsx: const control = <Button>{t('agent.apply')}</Button>
ok 105 - selection structural boundary rejects interaction/Other.tsx: const control = <Button>{t('agent.apply')}</Button>
  ---
  duration_ms: 1.05172
  type: 'test'
  ...
# Subtest: selection structural boundary rejects product/canvas/Other.ts: const entity = { kind: 'EDGE', id: 'visual' }
ok 106 - selection structural boundary rejects product/canvas/Other.ts: const entity = { kind: 'EDGE', id: 'visual' }
  ---
  duration_ms: 1.003876
  type: 'test'
  ...
# Subtest: Slice1B structural control rejects DOM collection authority
ok 107 - Slice1B structural control rejects DOM collection authority
  ---
  duration_ms: 1.085107
  type: 'test'
  ...
# Subtest: Slice1B structural control rejects DOM mount authority
ok 108 - Slice1B structural control rejects DOM mount authority
  ---
  duration_ms: 0.999967
  type: 'test'
  ...
# Subtest: Slice1B structural control rejects semantic ID sorting
ok 109 - Slice1B structural control rejects semantic ID sorting
  ---
  duration_ms: 1.134498
  type: 'test'
  ...
# Subtest: Slice1B structural control rejects route persistence
ok 110 - Slice1B structural control rejects route persistence
  ---
  duration_ms: 0.976157
  type: 'test'
  ...
# Subtest: Slice1B structural control rejects storage persistence
ok 111 - Slice1B structural control rejects storage persistence
  ---
  duration_ms: 0.973341
  type: 'test'
  ...
# Subtest: Slice1B structural control rejects route parsing
ok 112 - Slice1B structural control rejects route parsing
  ---
  duration_ms: 1.019426
  type: 'test'
  ...
# Subtest: Slice1B structural control rejects direct backend
ok 113 - Slice1B structural control rejects direct backend
  ---
  duration_ms: 1.010765
  type: 'test'
  ...
# Subtest: Slice1B structural control rejects second store
ok 114 - Slice1B structural control rejects second store
  ---
  duration_ms: 1.145215
  type: 'test'
  ...
# Subtest: Slice1B structural control permits model filtering, captured context and viewport/focus measurement
ok 115 - Slice1B structural control permits model filtering, captured context and viewport/focus measurement
  ---
  duration_ms: 1.602439
  type: 'test'
  ...
# Subtest: Slice1C G01 rejects app/routeTree.tsx: const routeState = { selectedRefs: [], primaryRef: null, lifetime: {} }
ok 116 - Slice1C G01 rejects app/routeTree.tsx: const routeState = { selectedRefs: [], primaryRef: null, lifetime: {} }
  ---
  duration_ms: 1.116965
  type: 'test'
  ...
# Subtest: Slice1C G01 rejects app/routes/Nested.tsx: import { useSelection as own } from '../../interaction/SelectionContext'; const state = own()
ok 117 - Slice1C G01 rejects app/routes/Nested.tsx: import { useSelection as own } from '../../interaction/SelectionContext'; const state = own()
  ---
  duration_ms: 0.955407
  type: 'test'
  ...
# Subtest: Slice1C G02 rejects app/routes/Nested.tsx: import { createInteractionStore as make } from '../../interaction/model'; const store = make(scope)
ok 118 - Slice1C G02 rejects app/routes/Nested.tsx: import { createInteractionStore as make } from '../../interaction/model'; const store = make(scope)
  ---
  duration_ms: 0.942987
  type: 'test'
  ...
# Subtest: Slice1C G03 rejects app/routeTree.tsx: const id = new URLSearchParams(location.search).get('selectedPresentationId')
ok 119 - Slice1C G03 rejects app/routeTree.tsx: const id = new URLSearchParams(location.search).get('selectedPresentationId')
  ---
  duration_ms: 1.357381
  type: 'test'
  ...
# Subtest: Slice1C G03 rejects app/routeTree.tsx: navigate({ search: { selectedIds: refs } })
ok 120 - Slice1C G03 rejects app/routeTree.tsx: navigate({ search: { selectedIds: refs } })
  ---
  duration_ms: 1.02107
  type: 'test'
  ...
# Subtest: Slice1C G04 rejects surfaces/Panel.tsx: localStorage.setItem('selection', JSON.stringify(store.getSnapshot()))
ok 121 - Slice1C G04 rejects surfaces/Panel.tsx: localStorage.setItem('selection', JSON.stringify(store.getSnapshot()))
  ---
  duration_ms: 0.924045
  type: 'test'
  ...
# Subtest: Slice1C G04 rejects surfaces/Panel.tsx: sessionStorage.setItem('selectedRefs', JSON.stringify(selectedRefs))
ok 122 - Slice1C G04 rejects surfaces/Panel.tsx: sessionStorage.setItem('selectedRefs', JSON.stringify(selectedRefs))
  ---
  duration_ms: 0.812135
  type: 'test'
  ...
# Subtest: Slice1C G04 rejects app/routeTree.tsx: new BroadcastChannel('selection')
ok 123 - Slice1C G04 rejects app/routeTree.tsx: new BroadcastChannel('selection')
  ---
  duration_ms: 0.885715
  type: 'test'
  ...
# Subtest: Slice1C G05 rejects app/routeTree.tsx: history.pushState({ selectionSnapshot: store.getSnapshot() }, '', target)
ok 124 - Slice1C G05 rejects app/routeTree.tsx: history.pushState({ selectionSnapshot: store.getSnapshot() }, '', target)
  ---
  duration_ms: 1.054365
  type: 'test'
  ...
# Subtest: Slice1C G05 rejects app/routeTree.tsx: const selectedRefs = history.state.selectedRefs
ok 125 - Slice1C G05 rejects app/routeTree.tsx: const selectedRefs = history.state.selectedRefs
  ---
  duration_ms: 1.041081
  type: 'test'
  ...
# Subtest: Slice1C G06 rejects surfaces/Panel.tsx: const next = { ...selectedRef, surfaceId: 'nle' }
ok 126 - Slice1C G06 rejects surfaces/Panel.tsx: const next = { ...selectedRef, surfaceId: 'nle' }
  ---
  duration_ms: 0.909081
  type: 'test'
  ...
# Subtest: Slice1C G07 rejects components/app-shell/DocumentLifecycleBridge.tsx: interface BridgeState { membership: string[]; revision: number; lifetime: object }
ok 127 - Slice1C G07 rejects components/app-shell/DocumentLifecycleBridge.tsx: interface BridgeState { membership: string[]; revision: number; lifetime: object }
  ---
  duration_ms: 0.875732
  type: 'test'
  ...
# Subtest: Slice1C G07 rejects components/app-shell/AppShell.tsx: function LifecycleBridge() { const state = { primaryRef: ref, revision: 4 } }
ok 128 - Slice1C G07 rejects components/app-shell/AppShell.tsx: function LifecycleBridge() { const state = { primaryRef: ref, revision: 4 } }
  ---
  duration_ms: 0.925978
  type: 'test'
  ...
# Subtest: Slice1C G08 rejects surfaces/Panel.tsx: useEffect(() => { store.select({ mode: 'clear', refs: [] }) }, [projectId])
ok 129 - Slice1C G08 rejects surfaces/Panel.tsx: useEffect(() => { store.select({ mode: 'clear', refs: [] }) }, [projectId])
  ---
  duration_ms: 0.942787
  type: 'test'
  ...
# Subtest: Slice1C G08 rejects components/app-shell/AppShell.tsx: <SelectionProvider key={location.pathname} scope={scope}>{children}</SelectionProvider>
ok 130 - Slice1C G08 rejects components/app-shell/AppShell.tsx: <SelectionProvider key={location.pathname} scope={scope}>{children}</SelectionProvider>
  ---
  duration_ms: 1.068369
  type: 'test'
  ...
# Subtest: Slice1C allows navigation identity, ordinary auth storage, comments and Selection-owned retirement
ok 131 - Slice1C allows navigation identity, ordinary auth storage, comments and Selection-owned retirement
  ---
  duration_ms: 2.488089
  type: 'test'
  ...
1..131
# tests 131
# suites 0
# pass 131
# fail 0
# cancelled 0
# skipped 0
# todo 0
# duration_ms 2026.102693
