TAP version 13
# Subtest: scripts/frontend-architecture-guard.test.mjs
not ok 1 - scripts/frontend-architecture-guard.test.mjs
  ---
  duration_ms: 2319.739949
  type: 'test'
  location: '/home/user/Documents/workspace/projects/.worktrees/frontend-wave2-product-ux-v1/frontend/scripts/frontend-architecture-guard.test.mjs:1:1'
  failureType: 'testCodeFailure'
  exitCode: 1
  signal: ~
  error: 'test failed'
  code: 'ERR_TEST_FAILURE'
  ...
1..1
# tests 1
# suites 0
# pass 0
# fail 1
# cancelled 0
# skipped 0
# todo 0
# duration_ms 2332.919011
