PRODUCT_CURRENT_REVISION_ID_FRONTEND_USAGE_COUNT_NEGATIVE_CONTROL=PASS residue=0
CLIENT_LATEST_HEAD_INFERENCE_COUNT_NEGATIVE_CONTROL=PASS residue=0
CLIENT_CANONICAL_ACTOR_AUTHORITY_COUNT_NEGATIVE_CONTROL=PASS residue=0
CLIENT_CANONICAL_TENANT_OVERRIDE_COUNT_NEGATIVE_CONTROL=PASS residue=0
NEW_FRONTEND_GENERIC_PATCH_USAGE_COUNT_NEGATIVE_CONTROL=PASS residue=0
PHYSICAL_STORAGE_URI_AS_ENTITY_ID_COUNT_NEGATIVE_CONTROL=PASS residue=0
PROVIDER_KEY_AS_ARTIFACT_ID_COUNT_NEGATIVE_CONTROL=PASS residue=0
CLIENT_CANONICAL_MERGE_AUTHORITY_COUNT_NEGATIVE_CONTROL=PASS residue=0
H8_INTERNAL_IMPLEMENTATION_FRONTEND_DEPENDENCY_COUNT_NEGATIVE_CONTROL=PASS residue=0
UNSTABLE_ROUTE_DIRECT_COMPONENT_CALL_COUNT_NEGATIVE_CONTROL=PASS residue=0
POST_H7_AUTHENTICATED_TENANT_AND_READ_ONLY_COMPARE_CONTROL=PASS residue=0
FRONTEND_CONCRETE_FFMPEG_AUTHORITY_COUNT_NEGATIVE_CONTROL=PASS residue=0
FRONTEND_PLAN_NAME_FEATURE_AUTHORITY_COUNT_NEGATIVE_CONTROL=PASS residue=0
FRONTEND_LOCAL_CAN_RUN_DECISION_COUNT_NEGATIVE_CONTROL=PASS residue=0
FRONTEND_DUPLICATE_CANONICAL_TIMELINE_AUTHORITY_COUNT_NEGATIVE_CONTROL=PASS residue=0
FRONTEND_CANONICAL_DOMAIN_SHADOW_COUNT_NEGATIVE_CONTROL=PASS residue=0
FRONTEND_PROVIDER_SELECTION_AUTHORITY_COUNT_NEGATIVE_CONTROL=PASS residue=0
FRONTEND_DIRECT_CANONICAL_MUTATION_BYPASS_COUNT_NEGATIVE_CONTROL=PASS residue=0
FRONTEND_PROVIDER_INTERNAL_GRAPH_AUTHORITY_COUNT_NEGATIVE_CONTROL=PASS residue=0
FRONTEND_SYNTHETIC_WORKSPACE_SCOPE_COUNT_NEGATIVE_CONTROL=PASS residue=0
FRONTEND_SYNTHETIC_WORKSPACE_SCOPE_COUNT_NEGATIVE_CONTROL=PASS residue=0
FRONTEND_ACTIVE_UNSCOPED_RENDER_API_COUNT_NEGATIVE_CONTROL=PASS residue=0
FRONTEND_ACTIVE_UNSCOPED_RENDER_API_COUNT_NEGATIVE_CONTROL=PASS residue=0
FRONTEND_STALE_RENDER_STATUS_SHADOW_COUNT_NEGATIVE_CONTROL=PASS residue=0
FRONTEND_RAW_STORAGE_PRODUCT_FIELD_COUNT_sourceUrl_NEGATIVE_CONTROL=PASS residue=0
FRONTEND_RAW_STORAGE_PRODUCT_FIELD_COUNT_storageUri_NEGATIVE_CONTROL=PASS residue=0
FRONTEND_RAW_STORAGE_PRODUCT_FIELD_COUNT_storageKey_NEGATIVE_CONTROL=PASS residue=0
FRONTEND_RAW_STORAGE_PRODUCT_FIELD_COUNT_objectKey_NEGATIVE_CONTROL=PASS residue=0
FRONTEND_RAW_STORAGE_PRODUCT_FIELD_COUNT_bucket_NEGATIVE_CONTROL=PASS residue=0
FRONTEND_RAW_STORAGE_PRODUCT_FIELD_COUNT_assetUri_NEGATIVE_CONTROL=PASS residue=0
FRONTEND_EXPLICIT_NON_PRODUCT_SURFACE_EXCLUSION_CONTROL=PASS residue=0
FRONTEND_ARCHITECTURE_EMPTY_UNIVERSE_NEGATIVE_CONTROL=PASS residue=0
TAP version 13
# Subtest: governed frontend passes with all authority counts at zero
not ok 1 - governed frontend passes with all authority counts at zero
  ---
  duration_ms: 1050.070388
  type: 'test'
  location: '/home/user/Documents/workspace/projects/.worktrees/frontend-wave2-product-ux-v1/frontend/scripts/frontend-architecture-guard.test.mjs:20:1'
  failureType: 'testCodeFailure'
  error: |-
    UNSTABLE_ROUTE_DIRECT_COMPONENT_CALL_COUNT
    
    4 !== 0
    
  code: 'ERR_ASSERTION'
  name: 'AssertionError'
  expected: 0
  actual: 4
  operator: 'strictEqual'
  stack: |-
    TestContext.<anonymous> (file:///home/user/Documents/workspace/projects/.worktrees/frontend-wave2-product-ux-v1/frontend/scripts/frontend-architecture-guard.test.mjs:24:12)
    Test.runInAsyncScope (node:async_hooks:214:14)
    Test.run (node:internal/test_runner/test:1047:25)
    Test.start (node:internal/test_runner/test:944:17)
    startSubtestAfterBootstrap (node:internal/test_runner/harness:296:17)
  ...
# Subtest: NLE navigation runtime paths are explicitly governed, physically present, and classified
not ok 2 - NLE navigation runtime paths are explicitly governed, physically present, and classified
  ---
  duration_ms: 47.494669
  type: 'test'
  location: '/home/user/Documents/workspace/projects/.worktrees/frontend-wave2-product-ux-v1/frontend/scripts/frontend-architecture-guard.test.mjs:55:1'
  failureType: 'testCodeFailure'
  error: |-
    product/timeline/TimelineNavigation.tsx
    
    0 !== 1
    
  code: 'ERR_ASSERTION'
  name: 'AssertionError'
  expected: 1
  actual: 0
  operator: 'strictEqual'
  stack: |-
    TestContext.<anonymous> (file:///home/user/Documents/workspace/projects/.worktrees/frontend-wave2-product-ux-v1/frontend/scripts/frontend-architecture-guard.test.mjs:60:12)
    Test.runInAsyncScope (node:async_hooks:214:14)
    Test.run (node:internal/test_runner/test:1047:25)
    Test.processPendingSubtests (node:internal/test_runner/test:744:18)
    Test.postRun (node:internal/test_runner/test:1173:19)
    Test.run (node:internal/test_runner/test:1101:12)
    async startSubtestAfterBootstrap (node:internal/test_runner/harness:296:3)
  ...
# Subtest: governed inventory rejects replacing product/timeline/TimelineNavigation.tsx even when the total is unchanged
not ok 3 - governed inventory rejects replacing product/timeline/TimelineNavigation.tsx even when the total is unchanged
  ---
  duration_ms: 16.335286
  type: 'test'
  location: '/home/user/Documents/workspace/projects/.worktrees/frontend-wave2-product-ux-v1/frontend/scripts/frontend-architecture-guard.test.mjs:72:3'
  failureType: 'testCodeFailure'
  error: |-
    Expected values to be strictly equal:
    
    21 !== 23
    
  code: 'ERR_ASSERTION'
  name: 'AssertionError'
  expected: 23
  actual: 21
  operator: 'strictEqual'
  stack: |-
    TestContext.<anonymous> (file:///home/user/Documents/workspace/projects/.worktrees/frontend-wave2-product-ux-v1/frontend/scripts/frontend-architecture-guard.test.mjs:81:14)
    Test.runInAsyncScope (node:async_hooks:214:14)
    Test.run (node:internal/test_runner/test:1047:25)
    Test.processPendingSubtests (node:internal/test_runner/test:744:18)
    Test.postRun (node:internal/test_runner/test:1173:19)
    Test.run (node:internal/test_runner/test:1101:12)
    async Test.processPendingSubtests (node:internal/test_runner/test:744:7)
  ...
# Subtest: NLE governed path product/timeline/TimelineNavigation.tsx still rejects const route = '/timeline-git/products/p1/revisions/current'
ok 4 - NLE governed path product/timeline/TimelineNavigation.tsx still rejects const route = '/timeline-git/products/p1/revisions/current'
  ---
  duration_ms: 2.273629
  type: 'test'
  ...
# Subtest: NLE governed path product/timeline/TimelineNavigation.tsx still rejects alternateClient.get(endpoint)
ok 5 - NLE governed path product/timeline/TimelineNavigation.tsx still rejects alternateClient.get(endpoint)
  ---
  duration_ms: 1.269871
  type: 'test'
  ...
# Subtest: NLE governed path product/timeline/TimelineNavigation.tsx still rejects import alternateClient from 'axios'
ok 6 - NLE governed path product/timeline/TimelineNavigation.tsx still rejects import alternateClient from 'axios'
  ---
  duration_ms: 1.120458
  type: 'test'
  ...
# Subtest: NLE governed path product/timeline/TimelineNavigation.tsx still rejects import { versionlessTransport } from '../../api/app/versionless-api'
ok 7 - NLE governed path product/timeline/TimelineNavigation.tsx still rejects import { versionlessTransport } from '../../api/app/versionless-api'
  ---
  duration_ms: 1.274847
  type: 'test'
  ...
# Subtest: governed inventory rejects replacing product/timeline/navigation.ts even when the total is unchanged
not ok 8 - governed inventory rejects replacing product/timeline/navigation.ts even when the total is unchanged
  ---
  duration_ms: 6.834353
  type: 'test'
  location: '/home/user/Documents/workspace/projects/.worktrees/frontend-wave2-product-ux-v1/frontend/scripts/frontend-architecture-guard.test.mjs:72:3'
  failureType: 'testCodeFailure'
  error: |-
    Expected values to be strictly equal:
    
    21 !== 23
    
  code: 'ERR_ASSERTION'
  name: 'AssertionError'
  expected: 23
  actual: 21
  operator: 'strictEqual'
  stack: |-
    TestContext.<anonymous> (file:///home/user/Documents/workspace/projects/.worktrees/frontend-wave2-product-ux-v1/frontend/scripts/frontend-architecture-guard.test.mjs:81:14)
    Test.runInAsyncScope (node:async_hooks:214:14)
    Test.run (node:internal/test_runner/test:1047:25)
    Test.processPendingSubtests (node:internal/test_runner/test:744:18)
    Test.postRun (node:internal/test_runner/test:1173:19)
    Test.run (node:internal/test_runner/test:1101:12)
    async Test.processPendingSubtests (node:internal/test_runner/test:744:7)
  ...
# Subtest: NLE governed path product/timeline/navigation.ts still rejects const route = '/timeline-git/products/p1/revisions/current'
ok 9 - NLE governed path product/timeline/navigation.ts still rejects const route = '/timeline-git/products/p1/revisions/current'
  ---
  duration_ms: 1.229753
  type: 'test'
  ...
# Subtest: NLE governed path product/timeline/navigation.ts still rejects alternateClient.get(endpoint)
ok 10 - NLE governed path product/timeline/navigation.ts still rejects alternateClient.get(endpoint)
  ---
  duration_ms: 1.265385
  type: 'test'
  ...
# Subtest: NLE governed path product/timeline/navigation.ts still rejects import alternateClient from 'axios'
ok 11 - NLE governed path product/timeline/navigation.ts still rejects import alternateClient from 'axios'
  ---
  duration_ms: 1.096825
  type: 'test'
  ...
# Subtest: NLE governed path product/timeline/navigation.ts still rejects import { versionlessTransport } from '../../api/app/versionless-api'
ok 12 - NLE governed path product/timeline/navigation.ts still rejects import { versionlessTransport } from '../../api/app/versionless-api'
  ---
  duration_ms: 0.956458
  type: 'test'
  ...
# Subtest: localization guard rejects direct vendor imports and migrated hardcoded chrome
ok 13 - localization guard rejects direct vendor imports and migrated hardcoded chrome
  ---
  duration_ms: 1.32484
  type: 'test'
  ...
# Subtest: localization boundary rejects product integration imports, dynamic imports, public re-exports, and JSX copy
ok 14 - localization boundary rejects product integration imports, dynamic imports, public re-exports, and JSX copy
  ---
  duration_ms: 2.263639
  type: 'test'
  ...
# Subtest: localization boundary permits only main composition to config and bounded integration internals
ok 15 - localization boundary permits only main composition to config and bounded integration internals
  ---
  duration_ms: 1.397984
  type: 'test'
  ...
# Subtest: localization source manifest is strict and detects a missing required English key
ok 16 - localization source manifest is strict and detects a missing required English key
  ---
  duration_ms: 1.697516
  type: 'test'
  ...
# Subtest: localization source-key validation is namespace-aware, English-only, comment-safe, and fail-closed
ok 17 - localization source-key validation is namespace-aware, English-only, comment-safe, and fail-closed
  ---
  duration_ms: 1.00249
  type: 'test'
  ...
# Subtest: OLD_IMPORT_COUNT rejects reintroduced legacy usage
ok 18 - OLD_IMPORT_COUNT rejects reintroduced legacy usage
  ---
  duration_ms: 0.815726
  type: 'test'
  ...
# Subtest: OLD_COMPONENT_USAGE_COUNT rejects reintroduced legacy usage
ok 19 - OLD_COMPONENT_USAGE_COUNT rejects reintroduced legacy usage
  ---
  duration_ms: 0.667568
  type: 'test'
  ...
# Subtest: OLD_SCHEMA_USAGE_COUNT rejects reintroduced legacy usage
ok 20 - OLD_SCHEMA_USAGE_COUNT rejects reintroduced legacy usage
  ---
  duration_ms: 0.613652
  type: 'test'
  ...
# Subtest: OLD_ROUTE_COUNT rejects an increase above the preserved compatibility ceiling
ok 21 - OLD_ROUTE_COUNT rejects an increase above the preserved compatibility ceiling
  ---
  duration_ms: 1.152831
  type: 'test'
  ...
# Subtest: path ledger reconciliation detects unclassified, stale, and duplicate paths
ok 22 - path ledger reconciliation detects unclassified, stale, and duplicate paths
  ---
  duration_ms: 9.471138
  type: 'test'
  ...
# Subtest: ignored physical log is not ledger-required
ok 23 - ignored physical log is not ledger-required
  ---
  duration_ms: 45.077247
  type: 'test'
  ...
# Subtest: absent ignored log with a correct ledger does not create a stale row
ok 24 - absent ignored log with a correct ledger does not create a stale row
  ---
  duration_ms: 49.812085
  type: 'test'
  ...
# Subtest: nonignored unclassified path still fails reconciliation
ok 25 - nonignored unclassified path still fails reconciliation
  ---
  duration_ms: 49.790369
  type: 'test'
  ...
# Subtest: tracked path missing from the ledger still fails reconciliation
ok 26 - tracked path missing from the ledger still fails reconciliation
  ---
  duration_ms: 61.690596
  type: 'test'
  ...
# Subtest: ledger row for a tracked but physically missing path stays stale
ok 27 - ledger row for a tracked but physically missing path stays stale
  ---
  duration_ms: 61.62425
  type: 'test'
  ...
# Subtest: duplicate ledger path still fails reconciliation
ok 28 - duplicate ledger path still fails reconciliation
  ---
  duration_ms: 49.552045
  type: 'test'
  ...
# Subtest: explicitly tracked ignored-name file remains governed
ok 29 - explicitly tracked ignored-name file remains governed
  ---
  duration_ms: 61.894021
  type: 'test'
  ...
# Subtest: PRODUCT_CURRENT_REVISION_ID_FRONTEND_USAGE_COUNT rejects its post-H7 negative control and leaves zero residue
ok 30 - PRODUCT_CURRENT_REVISION_ID_FRONTEND_USAGE_COUNT rejects its post-H7 negative control and leaves zero residue
  ---
  duration_ms: 4.51231
  type: 'test'
  ...
# Subtest: CLIENT_LATEST_HEAD_INFERENCE_COUNT rejects its post-H7 negative control and leaves zero residue
ok 31 - CLIENT_LATEST_HEAD_INFERENCE_COUNT rejects its post-H7 negative control and leaves zero residue
  ---
  duration_ms: 2.695343
  type: 'test'
  ...
# Subtest: CLIENT_CANONICAL_ACTOR_AUTHORITY_COUNT rejects its post-H7 negative control and leaves zero residue
ok 32 - CLIENT_CANONICAL_ACTOR_AUTHORITY_COUNT rejects its post-H7 negative control and leaves zero residue
  ---
  duration_ms: 2.320778
  type: 'test'
  ...
# Subtest: CLIENT_CANONICAL_TENANT_OVERRIDE_COUNT rejects its post-H7 negative control and leaves zero residue
ok 33 - CLIENT_CANONICAL_TENANT_OVERRIDE_COUNT rejects its post-H7 negative control and leaves zero residue
  ---
  duration_ms: 3.773805
  type: 'test'
  ...
# Subtest: NEW_FRONTEND_GENERIC_PATCH_USAGE_COUNT rejects its post-H7 negative control and leaves zero residue
ok 34 - NEW_FRONTEND_GENERIC_PATCH_USAGE_COUNT rejects its post-H7 negative control and leaves zero residue
  ---
  duration_ms: 1.72359
  type: 'test'
  ...
# Subtest: PHYSICAL_STORAGE_URI_AS_ENTITY_ID_COUNT rejects its post-H7 negative control and leaves zero residue
ok 35 - PHYSICAL_STORAGE_URI_AS_ENTITY_ID_COUNT rejects its post-H7 negative control and leaves zero residue
  ---
  duration_ms: 1.861718
  type: 'test'
  ...
# Subtest: PROVIDER_KEY_AS_ARTIFACT_ID_COUNT rejects its post-H7 negative control and leaves zero residue
ok 36 - PROVIDER_KEY_AS_ARTIFACT_ID_COUNT rejects its post-H7 negative control and leaves zero residue
  ---
  duration_ms: 1.640758
  type: 'test'
  ...
# Subtest: CLIENT_CANONICAL_MERGE_AUTHORITY_COUNT rejects its post-H7 negative control and leaves zero residue
ok 37 - CLIENT_CANONICAL_MERGE_AUTHORITY_COUNT rejects its post-H7 negative control and leaves zero residue
  ---
  duration_ms: 1.226392
  type: 'test'
  ...
# Subtest: H8_INTERNAL_IMPLEMENTATION_FRONTEND_DEPENDENCY_COUNT rejects its post-H7 negative control and leaves zero residue
ok 38 - H8_INTERNAL_IMPLEMENTATION_FRONTEND_DEPENDENCY_COUNT rejects its post-H7 negative control and leaves zero residue
  ---
  duration_ms: 1.461456
  type: 'test'
  ...
# Subtest: UNSTABLE_ROUTE_DIRECT_COMPONENT_CALL_COUNT rejects its post-H7 negative control and leaves zero residue
ok 39 - UNSTABLE_ROUTE_DIRECT_COMPONENT_CALL_COUNT rejects its post-H7 negative control and leaves zero residue
  ---
  duration_ms: 1.195974
  type: 'test'
  ...
# Subtest: post-H7 rules allow authenticated tenant path scope and read-only server compare
ok 40 - post-H7 rules allow authenticated tenant path scope and read-only server compare
  ---
  duration_ms: 1.444538
  type: 'test'
  ...
# Subtest: CLIENT_CANONICAL_ACTOR_AUTHORITY_COUNT rejects actor shorthand on a governed runtime bridge
ok 41 - CLIENT_CANONICAL_ACTOR_AUTHORITY_COUNT rejects actor shorthand on a governed runtime bridge
  ---
  duration_ms: 1.124186
  type: 'test'
  ...
# Subtest: CLIENT_CANONICAL_ACTOR_AUTHORITY_COUNT rejects quoted actor key on a governed runtime bridge
ok 42 - CLIENT_CANONICAL_ACTOR_AUTHORITY_COUNT rejects quoted actor key on a governed runtime bridge
  ---
  duration_ms: 0.933567
  type: 'test'
  ...
# Subtest: CLIENT_CANONICAL_ACTOR_AUTHORITY_COUNT rejects computed actor key on a governed runtime bridge
ok 43 - CLIENT_CANONICAL_ACTOR_AUTHORITY_COUNT rejects computed actor key on a governed runtime bridge
  ---
  duration_ms: 0.966595
  type: 'test'
  ...
# Subtest: CLIENT_CANONICAL_ACTOR_AUTHORITY_COUNT rejects actor alias on a governed runtime bridge
ok 44 - CLIENT_CANONICAL_ACTOR_AUTHORITY_COUNT rejects actor alias on a governed runtime bridge
  ---
  duration_ms: 1.049429
  type: 'test'
  ...
# Subtest: CLIENT_CANONICAL_TENANT_OVERRIDE_COUNT rejects tenant shorthand request body on a governed runtime bridge
ok 45 - CLIENT_CANONICAL_TENANT_OVERRIDE_COUNT rejects tenant shorthand request body on a governed runtime bridge
  ---
  duration_ms: 0.919962
  type: 'test'
  ...
# Subtest: CLIENT_CANONICAL_TENANT_OVERRIDE_COUNT rejects computed tenant override on a governed runtime bridge
ok 46 - CLIENT_CANONICAL_TENANT_OVERRIDE_COUNT rejects computed tenant override on a governed runtime bridge
  ---
  duration_ms: 0.809136
  type: 'test'
  ...
# Subtest: CLIENT_CANONICAL_TENANT_OVERRIDE_COUNT rejects quoted tenant header on a governed runtime bridge
ok 47 - CLIENT_CANONICAL_TENANT_OVERRIDE_COUNT rejects quoted tenant header on a governed runtime bridge
  ---
  duration_ms: 0.791254
  type: 'test'
  ...
# Subtest: CLIENT_CANONICAL_TENANT_OVERRIDE_COUNT rejects tenant alias on a governed runtime bridge
ok 48 - CLIENT_CANONICAL_TENANT_OVERRIDE_COUNT rejects tenant alias on a governed runtime bridge
  ---
  duration_ms: 0.950012
  type: 'test'
  ...
# Subtest: CLIENT_CANONICAL_TENANT_OVERRIDE_COUNT rejects split tenant payload declaration on a governed runtime bridge
ok 49 - CLIENT_CANONICAL_TENANT_OVERRIDE_COUNT rejects split tenant payload declaration on a governed runtime bridge
  ---
  duration_ms: 0.983881
  type: 'test'
  ...
# Subtest: POST_H7_AXIOS_IMPORT_BYPASS_COUNT rejects aliased Axios import on a governed runtime bridge
ok 50 - POST_H7_AXIOS_IMPORT_BYPASS_COUNT rejects aliased Axios import on a governed runtime bridge
  ---
  duration_ms: 1.023241
  type: 'test'
  ...
# Subtest: POST_H7_VERSIONLESS_TRANSPORT_IMPORT_BYPASS_COUNT rejects aliased versionless transport import on a governed runtime bridge
ok 51 - POST_H7_VERSIONLESS_TRANSPORT_IMPORT_BYPASS_COUNT rejects aliased versionless transport import on a governed runtime bridge
  ---
  duration_ms: 0.932108
  type: 'test'
  ...
# Subtest: UNSTABLE_ROUTE_DIRECT_COMPONENT_CALL_COUNT rejects raw unstable route on a governed runtime bridge
ok 52 - UNSTABLE_ROUTE_DIRECT_COMPONENT_CALL_COUNT rejects raw unstable route on a governed runtime bridge
  ---
  duration_ms: 0.899937
  type: 'test'
  ...
# Subtest: UNSTABLE_ROUTE_DIRECT_COMPONENT_CALL_COUNT rejects composed unstable route on a governed runtime bridge
ok 53 - UNSTABLE_ROUTE_DIRECT_COMPONENT_CALL_COUNT rejects composed unstable route on a governed runtime bridge
  ---
  duration_ms: 0.981688
  type: 'test'
  ...
# Subtest: UNSTABLE_ROUTE_DIRECT_COMPONENT_CALL_COUNT rejects alternate transport client call on a governed runtime bridge
ok 54 - UNSTABLE_ROUTE_DIRECT_COMPONENT_CALL_COUNT rejects alternate transport client call on a governed runtime bridge
  ---
  duration_ms: 1.054595
  type: 'test'
  ...
# Subtest: UNSTABLE_ROUTE_DIRECT_COMPONENT_CALL_COUNT rejects dynamic transport method on a governed runtime bridge
ok 55 - UNSTABLE_ROUTE_DIRECT_COMPONENT_CALL_COUNT rejects dynamic transport method on a governed runtime bridge
  ---
  duration_ms: 0.920906
  type: 'test'
  ...
# Subtest: UNSTABLE_ROUTE_DIRECT_COMPONENT_CALL_COUNT rejects transport method alias on a governed runtime bridge
ok 56 - UNSTABLE_ROUTE_DIRECT_COMPONENT_CALL_COUNT rejects transport method alias on a governed runtime bridge
  ---
  duration_ms: 0.774361
  type: 'test'
  ...
# Subtest: UNSTABLE_ROUTE_DIRECT_COMPONENT_CALL_COUNT rejects destructured transport alias on a governed runtime bridge
ok 57 - UNSTABLE_ROUTE_DIRECT_COMPONENT_CALL_COUNT rejects destructured transport alias on a governed runtime bridge
  ---
  duration_ms: 1.025244
  type: 'test'
  ...
# Subtest: tenant authority guard allows authenticated ProjectContext projection and gateway path scope
ok 58 - tenant authority guard allows authenticated ProjectContext projection and gateway path scope
  ---
  duration_ms: 1.450184
  type: 'test'
  ...
# Subtest: api/app runtime allowlist rejects an unexpected non-test TypeScript module
ok 59 - api/app runtime allowlist rejects an unexpected non-test TypeScript module
  ---
  duration_ms: 2.806327
  type: 'test'
  ...
# Subtest: hostile A: an unallowlisted nested api/app .ts runtime fails closed
ok 60 - hostile A: an unallowlisted nested api/app .ts runtime fails closed
  ---
  duration_ms: 3.165288
  type: 'test'
  ...
# Subtest: hostile B: an unallowlisted nested api/app .tsx runtime fails closed
ok 61 - hostile B: an unallowlisted nested api/app .tsx runtime fails closed
  ---
  duration_ms: 3.114062
  type: 'test'
  ...
# Subtest: hostile C: post-H7 authority rules scan forbidden patterns in nested api/app runtime
ok 62 - hostile C: post-H7 authority rules scan forbidden patterns in nested api/app runtime
  ---
  duration_ms: 1.063197
  type: 'test'
  ...
# Subtest: hostile D: nested api/app test modules are excluded from runtime inventory
ok 63 - hostile D: nested api/app test modules are excluded from runtime inventory
  ---
  duration_ms: 2.640896
  type: 'test'
  ...
# Subtest: hostile E: nested api/app declaration modules are excluded from runtime inventory
ok 64 - hostile E: nested api/app declaration modules are excluded from runtime inventory
  ---
  duration_ms: 2.51024
  type: 'test'
  ...
# Subtest: hostile F: an unseen arbitrarily deep api/app directory cannot escape classification
ok 65 - hostile F: an unseen arbitrarily deep api/app directory cannot escape classification
  ---
  duration_ms: 2.736386
  type: 'test'
  ...
# Subtest: post-H7 governed path manifest fails closed when one expected runtime path is omitted
ok 66 - post-H7 governed path manifest fails closed when one expected runtime path is omitted
  ---
  duration_ms: 5.483611
  type: 'test'
  ...
# Subtest: FRONTEND_CONCRETE_FFMPEG_AUTHORITY_COUNT rejects FRONTEND_CONCRETE_FFMPEG_AUTHORITY_COUNT and leaves zero residue
ok 67 - FRONTEND_CONCRETE_FFMPEG_AUTHORITY_COUNT rejects FRONTEND_CONCRETE_FFMPEG_AUTHORITY_COUNT and leaves zero residue
  ---
  duration_ms: 0.809044
  type: 'test'
  ...
# Subtest: FRONTEND_PLAN_NAME_FEATURE_AUTHORITY_COUNT rejects FRONTEND_PLAN_NAME_FEATURE_AUTHORITY_COUNT and leaves zero residue
ok 68 - FRONTEND_PLAN_NAME_FEATURE_AUTHORITY_COUNT rejects FRONTEND_PLAN_NAME_FEATURE_AUTHORITY_COUNT and leaves zero residue
  ---
  duration_ms: 0.705275
  type: 'test'
  ...
# Subtest: FRONTEND_LOCAL_CAN_RUN_DECISION_COUNT rejects FRONTEND_LOCAL_CAN_RUN_DECISION_COUNT and leaves zero residue
ok 69 - FRONTEND_LOCAL_CAN_RUN_DECISION_COUNT rejects FRONTEND_LOCAL_CAN_RUN_DECISION_COUNT and leaves zero residue
  ---
  duration_ms: 0.821305
  type: 'test'
  ...
# Subtest: FRONTEND_DUPLICATE_CANONICAL_TIMELINE_AUTHORITY_COUNT rejects FRONTEND_DUPLICATE_CANONICAL_TIMELINE_AUTHORITY_COUNT and leaves zero residue
ok 70 - FRONTEND_DUPLICATE_CANONICAL_TIMELINE_AUTHORITY_COUNT rejects FRONTEND_DUPLICATE_CANONICAL_TIMELINE_AUTHORITY_COUNT and leaves zero residue
  ---
  duration_ms: 0.715342
  type: 'test'
  ...
# Subtest: FRONTEND_CANONICAL_DOMAIN_SHADOW_COUNT rejects FRONTEND_CANONICAL_DOMAIN_SHADOW_COUNT and leaves zero residue
ok 71 - FRONTEND_CANONICAL_DOMAIN_SHADOW_COUNT rejects FRONTEND_CANONICAL_DOMAIN_SHADOW_COUNT and leaves zero residue
  ---
  duration_ms: 0.72018
  type: 'test'
  ...
# Subtest: FRONTEND_PROVIDER_SELECTION_AUTHORITY_COUNT rejects FRONTEND_PROVIDER_SELECTION_AUTHORITY_COUNT and leaves zero residue
ok 72 - FRONTEND_PROVIDER_SELECTION_AUTHORITY_COUNT rejects FRONTEND_PROVIDER_SELECTION_AUTHORITY_COUNT and leaves zero residue
  ---
  duration_ms: 0.712295
  type: 'test'
  ...
# Subtest: FRONTEND_DIRECT_CANONICAL_MUTATION_BYPASS_COUNT rejects FRONTEND_DIRECT_CANONICAL_MUTATION_BYPASS_COUNT and leaves zero residue
ok 73 - FRONTEND_DIRECT_CANONICAL_MUTATION_BYPASS_COUNT rejects FRONTEND_DIRECT_CANONICAL_MUTATION_BYPASS_COUNT and leaves zero residue
  ---
  duration_ms: 0.67785
  type: 'test'
  ...
# Subtest: FRONTEND_PROVIDER_INTERNAL_GRAPH_AUTHORITY_COUNT rejects FRONTEND_PROVIDER_INTERNAL_GRAPH_AUTHORITY_COUNT and leaves zero residue
ok 74 - FRONTEND_PROVIDER_INTERNAL_GRAPH_AUTHORITY_COUNT rejects FRONTEND_PROVIDER_INTERNAL_GRAPH_AUTHORITY_COUNT and leaves zero residue
  ---
  duration_ms: 0.682046
  type: 'test'
  ...
# Subtest: FRONTEND_SYNTHETIC_WORKSPACE_SCOPE_COUNT rejects tenant synthetic default and leaves zero residue
ok 75 - FRONTEND_SYNTHETIC_WORKSPACE_SCOPE_COUNT rejects tenant synthetic default and leaves zero residue
  ---
  duration_ms: 0.922226
  type: 'test'
  ...
# Subtest: FRONTEND_SYNTHETIC_WORKSPACE_SCOPE_COUNT rejects project synthetic default and leaves zero residue
ok 76 - FRONTEND_SYNTHETIC_WORKSPACE_SCOPE_COUNT rejects project synthetic default and leaves zero residue
  ---
  duration_ms: 0.892089
  type: 'test'
  ...
# Subtest: FRONTEND_ACTIVE_UNSCOPED_RENDER_API_COUNT rejects nested unscoped artifact endpoint and leaves zero residue
ok 77 - FRONTEND_ACTIVE_UNSCOPED_RENDER_API_COUNT rejects nested unscoped artifact endpoint and leaves zero residue
  ---
  duration_ms: 0.70353
  type: 'test'
  ...
# Subtest: FRONTEND_ACTIVE_UNSCOPED_RENDER_API_COUNT rejects nested unscoped artifact mutation and leaves zero residue
ok 78 - FRONTEND_ACTIVE_UNSCOPED_RENDER_API_COUNT rejects nested unscoped artifact mutation and leaves zero residue
  ---
  duration_ms: 0.687458
  type: 'test'
  ...
# Subtest: FRONTEND_STALE_RENDER_STATUS_SHADOW_COUNT rejects stale render status shadow and leaves zero residue
ok 79 - FRONTEND_STALE_RENDER_STATUS_SHADOW_COUNT rejects stale render status shadow and leaves zero residue
  ---
  duration_ms: 0.828378
  type: 'test'
  ...
# Subtest: FRONTEND_RAW_STORAGE_PRODUCT_FIELD_COUNT rejects sourceUrl and leaves zero residue
ok 80 - FRONTEND_RAW_STORAGE_PRODUCT_FIELD_COUNT rejects sourceUrl and leaves zero residue
  ---
  duration_ms: 0.768067
  type: 'test'
  ...
# Subtest: FRONTEND_RAW_STORAGE_PRODUCT_FIELD_COUNT rejects storageUri and leaves zero residue
ok 81 - FRONTEND_RAW_STORAGE_PRODUCT_FIELD_COUNT rejects storageUri and leaves zero residue
  ---
  duration_ms: 0.713538
  type: 'test'
  ...
# Subtest: FRONTEND_RAW_STORAGE_PRODUCT_FIELD_COUNT rejects storageKey and leaves zero residue
ok 82 - FRONTEND_RAW_STORAGE_PRODUCT_FIELD_COUNT rejects storageKey and leaves zero residue
  ---
  duration_ms: 0.6235
  type: 'test'
  ...
# Subtest: FRONTEND_RAW_STORAGE_PRODUCT_FIELD_COUNT rejects objectKey and leaves zero residue
ok 83 - FRONTEND_RAW_STORAGE_PRODUCT_FIELD_COUNT rejects objectKey and leaves zero residue
  ---
  duration_ms: 0.631323
  type: 'test'
  ...
# Subtest: FRONTEND_RAW_STORAGE_PRODUCT_FIELD_COUNT rejects bucket and leaves zero residue
ok 84 - FRONTEND_RAW_STORAGE_PRODUCT_FIELD_COUNT rejects bucket and leaves zero residue
  ---
  duration_ms: 0.633749
  type: 'test'
  ...
# Subtest: FRONTEND_RAW_STORAGE_PRODUCT_FIELD_COUNT rejects assetUri and leaves zero residue
ok 85 - FRONTEND_RAW_STORAGE_PRODUCT_FIELD_COUNT rejects assetUri and leaves zero residue
  ---
  duration_ms: 0.641747
  type: 'test'
  ...
# Subtest: FRONTEND_DIRECT_STORAGE_URI_USE_COUNT rejects a baseline increase
ok 86 - FRONTEND_DIRECT_STORAGE_URI_USE_COUNT rejects a baseline increase
  ---
  duration_ms: 0.787095
  type: 'test'
  ...
# Subtest: FRONTEND_SCATTERED_NATIVE_FETCH_COUNT rejects a baseline increase
ok 87 - FRONTEND_SCATTERED_NATIVE_FETCH_COUNT rejects a baseline increase
  ---
  duration_ms: 0.684671
  type: 'test'
  ...
# Subtest: FRONTEND_DUPLICATE_CANONICAL_DTO_AUTHORITY_COUNT rejects a baseline increase
ok 88 - FRONTEND_DUPLICATE_CANONICAL_DTO_AUTHORITY_COUNT rejects a baseline increase
  ---
  duration_ms: 0.602719
  type: 'test'
  ...
# Subtest: FRONTEND_UNCLASSIFIED_DOMAIN_MODEL_COUNT rejects a baseline increase
ok 89 - FRONTEND_UNCLASSIFIED_DOMAIN_MODEL_COUNT rejects a baseline increase
  ---
  duration_ms: 0.59077
  type: 'test'
  ...
# Subtest: FRONTEND_COMMERCIAL_AUTHORITY_COUNT rejects a baseline increase
ok 90 - FRONTEND_COMMERCIAL_AUTHORITY_COUNT rejects a baseline increase
  ---
  duration_ms: 0.658138
  type: 'test'
  ...
# Subtest: FRONTEND_RUNTIME_ELIGIBILITY_AUTHORITY_COUNT rejects a baseline increase
ok 91 - FRONTEND_RUNTIME_ELIGIBILITY_AUTHORITY_COUNT rejects a baseline increase
  ---
  duration_ms: 0.652516
  type: 'test'
  ...
# Subtest: active product rules exclude explicit admin, developer, and operator surfaces
ok 92 - active product rules exclude explicit admin, developer, and operator surfaces
  ---
  duration_ms: 1.198437
  type: 'test'
  ...
# Subtest: guard fails closed on an empty scan universe
ok 93 - guard fails closed on an empty scan universe
  ---
  duration_ms: 0.65887
  type: 'test'
  ...
# Subtest: selection structural boundary rejects product/another/Untyped.tsx: import { useState as state } from 'react'; const [selectedIds, setSelectedIds] = state([])
ok 94 - selection structural boundary rejects product/another/Untyped.tsx: import { useState as state } from 'react'; const [selectedIds, setSelectedIds] = state([])
  ---
  duration_ms: 1.175324
  type: 'test'
  ...
# Subtest: selection structural boundary rejects product/canvas/Other.ts: function relabel(reference) { reference.label = 'Canonical' }
ok 95 - selection structural boundary rejects product/canvas/Other.ts: function relabel(reference) { reference.label = 'Canonical' }
  ---
  duration_ms: 0.857515
  type: 'test'
  ...
# Subtest: selection structural boundary rejects product/canvas/Other.ts: const edge = { meaning: 'DEPENDENCY' }
ok 96 - selection structural boundary rejects product/canvas/Other.ts: const edge = { meaning: 'DEPENDENCY' }
  ---
  duration_ms: 0.841441
  type: 'test'
  ...
# Subtest: selection structural boundary rejects product/another/Panel.tsx: import { createInteractionStore as make } from '../../interaction/model'; const privateStore = make({ surfaceId: 'canvas' })
ok 97 - selection structural boundary rejects product/another/Panel.tsx: import { createInteractionStore as make } from '../../interaction/model'; const privateStore = make({ surfaceId: 'canvas' })
  ---
  duration_ms: 0.979915
  type: 'test'
  ...
# Subtest: selection structural boundary rejects interaction/Other.tsx: import { createContext } from 'react'; import type { InteractionStore } from './model'; const another = createContext<InteractionStore | null>(null)
ok 98 - selection structural boundary rejects interaction/Other.tsx: import { createContext } from 'react'; import type { InteractionStore } from './model'; const another = createContext<InteractionStore | null>(null)
  ---
  duration_ms: 0.861114
  type: 'test'
  ...
# Subtest: selection structural boundary rejects product/another/Panel.tsx: import { useState } from 'react'; import type { SelectionState } from '../../interaction/model'; const [privateSelection] = useState<SelectionState>()
ok 99 - selection structural boundary rejects product/another/Panel.tsx: import { useState } from 'react'; import type { SelectionState } from '../../interaction/model'; const [privateSelection] = useState<SelectionState>()
  ---
  duration_ms: 0.894543
  type: 'test'
  ...
# Subtest: selection structural boundary rejects product/canvas/Model.ts: interface ExtraState { selectedPresentationId: string | null }
ok 100 - selection structural boundary rejects product/canvas/Model.ts: interface ExtraState { selectedPresentationId: string | null }
  ---
  duration_ms: 0.860197
  type: 'test'
  ...
# Subtest: selection structural boundary rejects product/canvas/Model.ts: function rename(state, title) { return { ...state, references: state.references.map(ref => ({ ...ref, label: title })) } }
ok 101 - selection structural boundary rejects product/canvas/Model.ts: function rename(state, title) { return { ...state, references: state.references.map(ref => ({ ...ref, label: title })) } }
  ---
  duration_ms: 1.108299
  type: 'test'
  ...
# Subtest: selection structural boundary rejects product/canvas/Other.ts: import { apply } from '../../api/app/operation.gateway'
ok 102 - selection structural boundary rejects product/canvas/Other.ts: import { apply } from '../../api/app/operation.gateway'
  ---
  duration_ms: 0.968495
  type: 'test'
  ...
# Subtest: selection structural boundary rejects interaction/Other.ts: export { ApplyContext } from '../../workflow-module/internal'
ok 103 - selection structural boundary rejects interaction/Other.ts: export { ApplyContext } from '../../workflow-module/internal'
  ---
  duration_ms: 0.748253
  type: 'test'
  ...
# Subtest: selection structural boundary rejects interaction/Other.ts: const result = { status: 'APPLIED', planDigest: 'fake' }
ok 104 - selection structural boundary rejects interaction/Other.ts: const result = { status: 'APPLIED', planDigest: 'fake' }
  ---
  duration_ms: 0.770878
  type: 'test'
  ...
# Subtest: selection structural boundary rejects interaction/Other.tsx: const control = <Button>{t('agent.apply')}</Button>
ok 105 - selection structural boundary rejects interaction/Other.tsx: const control = <Button>{t('agent.apply')}</Button>
  ---
  duration_ms: 0.79884
  type: 'test'
  ...
# Subtest: selection structural boundary rejects product/canvas/Other.ts: const entity = { kind: 'EDGE', id: 'visual' }
ok 106 - selection structural boundary rejects product/canvas/Other.ts: const entity = { kind: 'EDGE', id: 'visual' }
  ---
  duration_ms: 0.830703
  type: 'test'
  ...
# Subtest: Slice1B structural control rejects DOM collection authority
ok 107 - Slice1B structural control rejects DOM collection authority
  ---
  duration_ms: 0.9131
  type: 'test'
  ...
# Subtest: Slice1B structural control rejects DOM mount authority
ok 108 - Slice1B structural control rejects DOM mount authority
  ---
  duration_ms: 0.830557
  type: 'test'
  ...
# Subtest: Slice1B structural control rejects semantic ID sorting
ok 109 - Slice1B structural control rejects semantic ID sorting
  ---
  duration_ms: 0.935589
  type: 'test'
  ...
# Subtest: Slice1B structural control rejects route persistence
ok 110 - Slice1B structural control rejects route persistence
  ---
  duration_ms: 0.836213
  type: 'test'
  ...
# Subtest: Slice1B structural control rejects storage persistence
ok 111 - Slice1B structural control rejects storage persistence
  ---
  duration_ms: 0.830355
  type: 'test'
  ...
# Subtest: Slice1B structural control rejects route parsing
ok 112 - Slice1B structural control rejects route parsing
  ---
  duration_ms: 0.852939
  type: 'test'
  ...
# Subtest: Slice1B structural control rejects direct backend
ok 113 - Slice1B structural control rejects direct backend
  ---
  duration_ms: 0.861297
  type: 'test'
  ...
# Subtest: Slice1B structural control rejects second store
ok 114 - Slice1B structural control rejects second store
  ---
  duration_ms: 1.149736
  type: 'test'
  ...
# Subtest: Slice1B structural control permits model filtering, captured context and viewport/focus measurement
ok 115 - Slice1B structural control permits model filtering, captured context and viewport/focus measurement
  ---
  duration_ms: 1.302857
  type: 'test'
  ...
# Subtest: Slice1C G01 rejects app/routeTree.tsx: const routeState = { selectedRefs: [], primaryRef: null, lifetime: {} }
ok 116 - Slice1C G01 rejects app/routeTree.tsx: const routeState = { selectedRefs: [], primaryRef: null, lifetime: {} }
  ---
  duration_ms: 0.900433
  type: 'test'
  ...
# Subtest: Slice1C G01 rejects app/routes/Nested.tsx: import { useSelection as own } from '../../interaction/SelectionContext'; const state = own()
ok 117 - Slice1C G01 rejects app/routes/Nested.tsx: import { useSelection as own } from '../../interaction/SelectionContext'; const state = own()
  ---
  duration_ms: 0.80708
  type: 'test'
  ...
# Subtest: Slice1C G02 rejects app/routes/Nested.tsx: import { createInteractionStore as make } from '../../interaction/model'; const store = make(scope)
ok 118 - Slice1C G02 rejects app/routes/Nested.tsx: import { createInteractionStore as make } from '../../interaction/model'; const store = make(scope)
  ---
  duration_ms: 0.840022
  type: 'test'
  ...
# Subtest: Slice1C G03 rejects app/routeTree.tsx: const id = new URLSearchParams(location.search).get('selectedPresentationId')
ok 119 - Slice1C G03 rejects app/routeTree.tsx: const id = new URLSearchParams(location.search).get('selectedPresentationId')
  ---
  duration_ms: 0.8418
  type: 'test'
  ...
# Subtest: Slice1C G03 rejects app/routeTree.tsx: navigate({ search: { selectedIds: refs } })
ok 120 - Slice1C G03 rejects app/routeTree.tsx: navigate({ search: { selectedIds: refs } })
  ---
  duration_ms: 0.765985
  type: 'test'
  ...
# Subtest: Slice1C G04 rejects surfaces/Panel.tsx: localStorage.setItem('selection', JSON.stringify(store.getSnapshot()))
ok 121 - Slice1C G04 rejects surfaces/Panel.tsx: localStorage.setItem('selection', JSON.stringify(store.getSnapshot()))
  ---
  duration_ms: 0.774107
  type: 'test'
  ...
# Subtest: Slice1C G04 rejects surfaces/Panel.tsx: sessionStorage.setItem('selectedRefs', JSON.stringify(selectedRefs))
ok 122 - Slice1C G04 rejects surfaces/Panel.tsx: sessionStorage.setItem('selectedRefs', JSON.stringify(selectedRefs))
  ---
  duration_ms: 0.648406
  type: 'test'
  ...
# Subtest: Slice1C G04 rejects app/routeTree.tsx: new BroadcastChannel('selection')
ok 123 - Slice1C G04 rejects app/routeTree.tsx: new BroadcastChannel('selection')
  ---
  duration_ms: 0.750351
  type: 'test'
  ...
# Subtest: Slice1C G05 rejects app/routeTree.tsx: history.pushState({ selectionSnapshot: store.getSnapshot() }, '', target)
ok 124 - Slice1C G05 rejects app/routeTree.tsx: history.pushState({ selectionSnapshot: store.getSnapshot() }, '', target)
  ---
  duration_ms: 0.868864
  type: 'test'
  ...
# Subtest: Slice1C G05 rejects app/routeTree.tsx: const selectedRefs = history.state.selectedRefs
ok 125 - Slice1C G05 rejects app/routeTree.tsx: const selectedRefs = history.state.selectedRefs
  ---
  duration_ms: 0.708209
  type: 'test'
  ...
# Subtest: Slice1C G06 rejects surfaces/Panel.tsx: const next = { ...selectedRef, surfaceId: 'nle' }
ok 126 - Slice1C G06 rejects surfaces/Panel.tsx: const next = { ...selectedRef, surfaceId: 'nle' }
  ---
  duration_ms: 0.767849
  type: 'test'
  ...
# Subtest: Slice1C G07 rejects components/app-shell/DocumentLifecycleBridge.tsx: interface BridgeState { membership: string[]; revision: number; lifetime: object }
ok 127 - Slice1C G07 rejects components/app-shell/DocumentLifecycleBridge.tsx: interface BridgeState { membership: string[]; revision: number; lifetime: object }
  ---
  duration_ms: 0.773482
  type: 'test'
  ...
# Subtest: Slice1C G07 rejects components/app-shell/AppShell.tsx: function LifecycleBridge() { const state = { primaryRef: ref, revision: 4 } }
ok 128 - Slice1C G07 rejects components/app-shell/AppShell.tsx: function LifecycleBridge() { const state = { primaryRef: ref, revision: 4 } }
  ---
  duration_ms: 0.772804
  type: 'test'
  ...
# Subtest: Slice1C G08 rejects surfaces/Panel.tsx: useEffect(() => { store.select({ mode: 'clear', refs: [] }) }, [projectId])
ok 129 - Slice1C G08 rejects surfaces/Panel.tsx: useEffect(() => { store.select({ mode: 'clear', refs: [] }) }, [projectId])
  ---
  duration_ms: 0.742173
  type: 'test'
  ...
# Subtest: Slice1C G08 rejects components/app-shell/AppShell.tsx: <SelectionProvider key={location.pathname} scope={scope}>{children}</SelectionProvider>
ok 130 - Slice1C G08 rejects components/app-shell/AppShell.tsx: <SelectionProvider key={location.pathname} scope={scope}>{children}</SelectionProvider>
  ---
  duration_ms: 0.806749
  type: 'test'
  ...
# Subtest: Slice1C allows navigation identity, ordinary auth storage, comments and Selection-owned retirement
ok 131 - Slice1C allows navigation identity, ordinary auth storage, comments and Selection-owned retirement
  ---
  duration_ms: 8.208444
  type: 'test'
  ...
1..131
# tests 131
# suites 0
# pass 127
# fail 4
# cancelled 0
# skipped 0
# todo 0
# duration_ms 1712.051735
