
> media-platform-frontend@0.1.0 test
> vitest run --configLoader=runner --no-cache src/product/projects/source.test.ts src/product/projects/ProjectBrowser.test.tsx src/app/routeTree.test.tsx --reporter=default --reporter=json --outputFile=/home/user/Documents/workspace/audit-runs/FRONTEND_WAVE2_NEXT_PLANNED_FEATURE_IMPLEMENTATION_V1/writer/final-focused-results.json


 RUN  v3.2.6 /home/user/Documents/workspace/projects/.worktrees/frontend-wave2-product-ux-v1/frontend

 ✓ src/product/projects/source.test.ts (26 tests) 35ms
 ❯ src/product/projects/ProjectBrowser.test.tsx (20 tests | 1 failed) 542ms
   ✓ Workspace recent Project discovery and inspection > searches literal name and description content, filters opaque statuses, sorts deterministically, and resets no matches 102ms
   ✓ Workspace recent Project discovery and inspection > distinguishes an empty recent snapshot from local no matches 15ms
   ✓ Workspace recent Project discovery and inspection > inspects the exact item in a read-only dialog, renders opaque text safely, and restores launcher focus after Escape 37ms
   ✓ Workspace recent Project discovery and inspection > supports cancel, retry and refresh; each new request clears content and late cancelled replies stay hidden 49ms
   ✓ Workspace recent Project discovery and inspection > clears content and presents the exact unavailable failure without simulation fallback 28ms
   ✓ Workspace recent Project discovery and inspection > clears content and presents the exact denied failure without simulation fallback 24ms
   ✓ Workspace recent Project discovery and inspection > clears content and presents the exact unknown failure without simulation fallback 30ms
   ✓ Workspace recent Project discovery and inspection > clears content and presents the exact unsupported failure without simulation fallback 29ms
   ✓ Workspace recent Project discovery and inspection > clears content and presents the exact error failure without simulation fallback 22ms
   ✓ Workspace recent Project discovery and inspection > treats malformed and mismatched success receipts as errors and exposes no returned content 9ms
   ✓ Workspace recent Project discovery and inspection > synchronously hides old content on principalId change and ignores the old late reply 27ms
   ✓ Workspace recent Project discovery and inspection > synchronously hides old content on tenantId change and ignores the old late reply 23ms
   ✓ Workspace recent Project discovery and inspection > synchronously hides old content on sessionId change and ignores the old late reply 25ms
   ✓ Workspace recent Project discovery and inspection > synchronously hides old content on workspaceId change and ignores the old late reply 24ms
   ✓ Workspace recent Project discovery and inspection > drops late replies after adapter replacement and unmount 12ms
   ✓ Workspace recent Project discovery and inspection > aborts and drops a source reply that arrives after unmount 3ms
   × Workspace recent Project discovery and inspection > never reopens inspection or steals newly placed focus when a retired refresh replies late 41ms
     → expected <h2></h2> to be null
   ✓ Workspace recent Project discovery and inspection > does not query denied or unknown projections and presents no content 5ms
   ✓ Workspace recent Project discovery and inspection > is unavailable by default and persistently identifies the localhost fixture as simulated and read-only 17ms
   ✓ Workspace recent Project discovery and inspection > localizes the full Projects UI in zh-CN while preserving projected names, descriptions and statuses 18ms
 ✓ src/app/routeTree.test.tsx (8 tests) 1898ms
   ✓ runtime route registration and deep-link restoration > restores Workspace, Project, and surface identity from a creative deep link and fails unauthorized commands closed  655ms
   ✓ runtime route registration and deep-link restoration > reaches the post-H7 edit route and loads explicit canonical HEAD authority  402ms
   ✓ runtime route registration and deep-link restoration > renders the Workspace to Projects entry without synthesizing a Project selection  351ms
   ✓ runtime route registration and deep-link restoration > routes the existing Projects destination to the fail-closed recent-project browser without using Workspace home as its source  326ms

⎯⎯⎯⎯⎯⎯⎯ Failed Tests 1 ⎯⎯⎯⎯⎯⎯⎯

 FAIL  src/product/projects/ProjectBrowser.test.tsx > Workspace recent Project discovery and inspection > never reopens inspection or steals newly placed focus when a retired refresh replies late
AssertionError: expected <h2></h2> to be null

- Expected: 
null

+ Received: 
<h2>
  Late secret
</h2>

 ❯ src/product/projects/ProjectBrowser.test.tsx:163:47


⎯⎯⎯⎯⎯⎯⎯⎯⎯⎯⎯⎯⎯⎯⎯⎯⎯⎯⎯⎯⎯⎯⎯⎯[1/1]⎯


 Test Files  1 failed | 2 passed (3)
      Tests  1 failed | 53 passed (54)
   Start at  01:47:06
   Duration  4.53s (transform 1.84s, setup 0ms, collect 2.63s, tests 2.48s, environment 780ms, prepare 288ms)

JSON report written to /home/user/Documents/workspace/audit-runs/FRONTEND_WAVE2_NEXT_PLANNED_FEATURE_IMPLEMENTATION_V1/writer/final-focused-results.json
