Script started on 2026-09-08 23:44:06+08:00 [COMMAND="./node_modules/.bin/vitest run src/product/render-browser/source.test.ts src/product/render-browser/RenderBrowser.test.tsx src/localization/localization.test.tsx --configLoader runner --no-cache" <not executed on terminal>]
[?25l
 RUN  v3.2.6 /home/user/Documents/workspace/projects/.worktrees/frontend-wave2-product-ux-v1/frontend

[?2026h
 ❯ src/localization/localization.test.tsx [queued]

 Test Files 0 passed (3)
      Tests 0 passed (0)
   Start at 23:44:06
   Duration 764ms
[?2026l[?2026h[K
 ❯ src/localization/localization.test.tsx [queued]
 ❯ src/product/render-browser/RenderBrowser.test.tsx [queued]
 ❯ src/product/render-browser/source.test.ts [queued]

 Test Files 0 passed (3)
      Tests 0 passed (0)
   Start at 23:44:06
   Duration 968ms
[?2026l[?2026h[K
 ❯ src/localization/localization.test.tsx [queued]
 ❯ src/product/render-browser/RenderBrowser.test.tsx [queued]
 ❯ src/product/render-browser/source.test.ts 0/16

 Test Files 0 passed (3)
      Tests 0 passed (16)
   Start at 23:44:06
   Duration 1.07s
[?2026l[?2026h[K ❯ src/product/render-browser/source.test.ts (16 tests | 1 failed) 45ms
   × bounded Render observability projection > searches only supplied ID/name, uses source-supported statuses, and sorts stably by name then ID 13ms
     → expected [ 'render-z', 'render-a', 'render-b' ] to deeply equal [ 'render-a', 'render-b', 'render-z' ]
   ✓ bounded Render observability projection > derives percent only for matching finite units and valid ranges without clamping invalid values 1ms
   ✓ bounded Render observability projection > accepts safe task, attempt, failure, progress and bounded Artifact metadata as one owned snapshot 11ms
   ✓ bounded Render observability projection > preserves missing, empty, bounded, denied, unavailable, unknown and stale Artifact states without inventing history 2ms
   ✓ bounded Render observability projection > classifies broken attempt and Artifact task links as invalid relationships 2ms
   ✓ bounded Render observability projection > rejects malformed ownership, duplicate identities, foreign Projects, invalid source times, unsafe failures and excess bounds 8ms
   ✓ bounded Render observability projection > preserves safe nondisclosing unavailable receipts 1ms
   ✓ bounded Render observability projection > preserves safe nondisclosing denied receipts 0ms
   ✓ bounded Render observability projection > preserves safe nondisclosing unknown receipts 1ms
   ✓ bounded Render observability projection > preserves safe nondisclosing unsupported receipts 0ms
   ✓ bounded Render observability projection > preserves safe nondisclosing error receipts 0ms
   ✓ bounded Render observability projection > preserves safe nondisclosing stale receipts 0ms
   ✓ Render source, identity and access boundaries > accepts only an exact host-agreed SERVER binding and never treats Operations visibility as query permission 1ms
   ✓ Render source, identity and access boundaries > keys principal, tenant, session, Project and complete access projection ownership 0ms
   ✓ Render source, identity and access boundaries > requires explicit fixture identity, performs no transport or storage access, and has a distinct test-only binding 2ms
   ✓ Render source, identity and access boundaries > defaults unavailable without transport and does not invent a Project or identity 1ms

 ❯ src/localization/localization.test.tsx 0/13
 ❯ src/product/render-browser/RenderBrowser.test.tsx [queued]

 Test Files 1 failed | 0 passed (3)
      Tests 1 failed | 15 passed (29)
   Start at 23:44:06
   Duration 1.28s
[?2026l[?2026h[K
 ❯ src/localization/localization.test.tsx 1/13
 ❯ src/product/render-browser/RenderBrowser.test.tsx [queued]

 Test Files 1 failed | 0 passed (3)
      Tests 1 failed | 16 passed (29)
   Start at 23:44:06
   Duration 1.50s
[?2026l[?2026h[K ✓ src/localization/localization.test.tsx (13 tests) 197ms

 ❯ src/product/render-browser/RenderBrowser.test.tsx 0/21

 Test Files 1 failed | 1 passed (3)
      Tests 1 failed | 28 passed (50)
   Start at 23:44:06
   Duration 1.80s
[?2026l[?2026h[K
 ❯ src/product/render-browser/RenderBrowser.test.tsx 0/21

 Test Files 1 failed | 1 passed (3)
      Tests 1 failed | 28 passed (50)
   Start at 23:44:06
   Duration 1.90s
[?2026l[?2026h[K
 ❯ src/product/render-browser/RenderBrowser.test.tsx 4/21

 Test Files 1 failed | 1 passed (3)
      Tests 3 failed | 30 passed (50)
   Start at 23:44:06
   Duration 2.10s
[?2026l[?2026h[K
 ❯ src/product/render-browser/RenderBrowser.test.tsx 9/21

 Test Files 1 failed | 1 passed (3)
      Tests 4 failed | 34 passed (50)
   Start at 23:44:06
   Duration 2.40s
[?2026l[?2026h[K
 ❯ src/product/render-browser/RenderBrowser.test.tsx 14/21

 Test Files 1 failed | 1 passed (3)
      Tests 4 failed | 39 passed (50)
   Start at 23:44:06
   Duration 2.50s
[?2026l[K ❯ src/product/render-browser/RenderBrowser.test.tsx (21 tests | 3 failed) 721ms
   ✓ RenderBrowser observability workflow > uses explicit provider injection and remains usable through StrictMode adapter registration replay 117ms
   × RenderBrowser observability workflow > shows supplied summary data, opaque unknown status, valid progress and current-snapshot disclosure without actions 34ms
     → Found multiple elements with the text: VENDOR_WARMING

Here are the matching elements:

Ignored nodes: comments, script, style
[36m<option[39m
  [33mvalue[39m=[32m"VENDOR_WARMING"[39m
[36m>[39m
  [0mVENDOR_WARMING[0m
[36m</option>[39m

Ignored nodes: comments, script, style
[36m<span[39m
  [33mclass[39m=[32m"ff-status ff-status--neutral"[39m
[36m>[39m
  [36m<span[39m
    [33maria-hidden[39m=[32m"true"[39m
  [36m/>[39m
  [0mVENDOR_WARMING[0m
[36m</span>[39m

(If this is intentional, then use the `*AllBy*` variant of the query (like `queryAllByText`, `getAllByText`, or `findAllByText`)).

Ignored nodes: comments, script, style
[36m<body>[39m
  [36m<div>[39m
    [36m<section[39m
      [33maria-label[39m=[32m"Single-Project Render observability"[39m
      [33mclass[39m=[32m"ff-render-browser"[39m
    [36m>[39m
      [36m<header[39m
        [33mclass[39m=[32m"ff-render-browser-heading"[39m
      [36m>[39m
        [36m<div>[39m
          [36m<span>[39m
            [0mOperations · read-only[0m
          [36m</span>[39m
          [36m<h1>[39m
            [0mRender observability[0m
          [36m</h1>[39m
          [36m<p>[39m
            [0mDiscover and inspect source-supplied Render, task, attempt, failure and Artifact metadata for one explicit Project. This view cannot control execution.[0m
          [36m</p>[39m
        [36m</div>[39m
        [36m<button[39m
          [33mclass[39m=[32m"ff-button ff-button--secondary "[39m
        [36m>[39m
          [0mRefresh renders[0m
        [36m</button>[39m
      [36m</header>[39m
      [36m<p[39m
        [33mclass[39m=[32m"ff-render-origin ff-render-origin--simulated"[39m
      [36m>[39m
        [36m<span[39m
          [33mclass[39m=[32m"ff-badge ff-badge--warning"[39m
        [36m>[39m
          [0mSIMULATED RENDER DATA · explicitly injected fixture · no real account or permission[0m
        [36m</span>[39m
      [36m</p>[39m
      [36m<details[39m
        [33mclass[39m=[32m"ff-render-scope"[39m
      [36m>[39m
        [36m<summary>[39m
          [0mSupplied scope[0m
        [36m</summary>[39m
        [36m<dl>[39m
          [36m<dt>[39m
            [0mProject ID[0m
          [36m</dt>[39m
          [36m<dd>[39m
            [36m<code>[39m
              [0mproject-1[0m
            [36m</code>[39m
          [36m</dd>[39m
        [36m</dl>[39m
      [36m</details>[39m
      [36m<p[39m
        [33mclass[39m=[32m"ff-render-boundary"[39m
      [36m>[39m
        [0mOnly source-supplied values are shown. This current snapshot is not a global inventory, history, or execution authority.[0m
      [36m</p>[39m
      [36m<div[39m
        [33mclass[39m=[32m"ff-render-controls"[39m
      [36m>[39m
        [36m<input[39m
          [33maria-label[39m=[32m"Search renders"[39m
          [33mclass[39m=[32m"ff-input "[39m
          [33mplaceholder[39m=[32m"Search supplied Render ID or name"[39m
          [33mtype[39m=[32m"search"[39m
          [33mvalue[39m=[32m""[39m
        [36m/>[39m
        [36m<label>[39m
          [0mRender status[0m
          [36m<select>[39m
            [36m<option[39m
              [33mvalue[39m=[32m""[39m
            [36m>[39m
              [0mAll source-supported statuses[0m
            [36m</option>[39m
            [36m<option[39m
              [33mvalue[39m=[32m"VENDOR_WARMING"[39m
            [36m>[39m
              [0mVENDOR_WARMING[0m
            [36m</option>[39m
            [36m<option[39m
              [33mvalue[39m=[32m"FAILED"[39m
            [36m>[39m
              [0mFAILED[0m
            [36m</option>[39m
            [36m<option[39m
              [33mvalue[39m=[32m"QUEUED?"[39m
            [36m>[39m
              [0mQUEUED?[0m
            [36m</option>[39m
          [36m</select>[39m
        [36m</label>[39m
        [36m<label>[39m
          [0mSort renders[0m
          [36m<select>[39m
            [36m<option[39m
              [33mvalue[39m=[32m"name-asc"[39m
            [36m>[39m
              [0mName A–Z[0m
            [36m</option>[39m
            [36m<option[39m
              [33mvalue[39m=[32m"name-desc"[39m
            [36m>[39m
              [0mName Z–A[0m
            [36m</option>[39m
          [36m</select>[39m
        [36m</label>[39m
        [36m<button[39m
          [33maria-disabled[39m=[32m"true"[39m
          [33mclass[39m=[32m"ff-button ff-button--secondary "[39m
        [36m>[39m
          [0mReset filters[0m
        [36m</button>[39m
      [36m</div>[39m
      [36m<div[39m
        [33maria-live[39m=[32m"polite"[39m
        [33mclass[39m=[32m"ff-render-receipt"[39m
        [33mrole[39m=[32m"status"[39m
      [36m>[39m
        [36m<p>[39m
          [0m3 Renders loaded · source reports this snapshot complete · version simulated-render-observability-v1.[0m
        [36m</p>[39m
        [36m<p>[39m
          [0mSource update time: 2026-09-08T02:02:00Z.[0m
        [36m</p>[39m
        [36m<p>[39m
          [0mLast successful frontend fetch: 2026-09-08T15:44:08.770Z. This is not a source update time.[0m
        [36m</p>[39m
      [36m</div>[39m
      [36m<div[39m
        [33mclass[39m=[32m"ff-render-list-scroll"[39m
      [36m>[39m
        [36m<ul[39m
          [33maria-label[39m=[32m"Render snapshot"[39m
          [33mclass[39m=[32m"ff-render-browser-list"[39m
        [36m>[39m
          [36m<li>[39m
            [36m<section[39m
              [33mclass[39m=[32m"ff-panel "[39m
            [36m>[39m
              [36m<header[39m
                [33mclass[39m=[32m"ff-panel__header"[39m
              [36m>[39m
                [36m<h2>[39m
                  [0mCourtyard &lt;final&gt;[0m
                [36m</h2>[39m
              [36m</header>[39m
              [36m<div[39m
                [33mclass[39m=[32m"ff-panel__body"[39m
              [36m>[39m
                [36m<code>[39m
                  [0mrender-courtyard-final[0m
                [36m</code>[39m
                [36m<span[39m
                  [33mclass[39m=[32m"ff-status ff-status--neutral"[39m
                [36m>[39m
                  [36m<span[39m
                    [33maria-hidden[39m=[32m"true"[39m
                  [36m/>[39m
                  [0mVENDOR_WARMING[0m
                [36m</span>[39m
                [36m<p>[39m
                  [0mCreated: 2026-09-08T01:00:00Z[0m
                [36m</p>[39m
                [36m<p>[39m
                  [0mUpdated: 2026-09-08T01:04:00Z[0m
                [36m</p>[39m
                [36m<p>[39m
                  [0m3 of 8 shots · 37.5%[0m
                [36m</p>[39m
                [36m<button[39m
                  [33maria-label[39m=[32m"Inspect render Courtyard <final>"[39m
                  [33mclass[39m=[32m"ff-button ff-button--secondary "[39m
                [36m>[39m
                  [0mInspect[0m
                [36m</button>[39m
              [36m</div>[39m
            [36m</section>[39m
          [36m</li>[39m
          [36m<li>[39m
            [36m<section[39m
              [33mclass[39m=[32m"ff-panel "[39m
            [36m>[39m
              [36m<header[39m
                [33mclass[39m=[32m"ff-panel__header"[39m
              [36m>[39m
                [36m<h2>[39m
                  [0mSocial 原文[0m
                [36m</h2>[39m
              [36m</header>[39m
              [36m<div[39m
                [33mclass[39m=[32m"ff-panel__body"[39m
              [36m>[39m
                [36m<code>[39m
                  [0mrender-social-failed[0m
                [36m</code>[39m
                [36m<span[39m
                  [33mclass[39m=[32m"ff-status ff-status--neutral"[39m
                [36m>[39m
                  [36m<span[39m
                    [33maria-hidden[39m=[32m"true"[39m
                  [36m/>[39m
                  [0mFAILED[0m
                [36m</span>[39m
                [36m<p>[39m
                  [0mCreated: 2026-09-08T02:00:00Z[0m
                [36m</p>[39m
                [36m<p>[39m
                  [0mUpdated: 2026-09-08T02:02:00Z[0m
                [36m</p>[39m
                [36m<p>[39m
                  [0mInvalid supplied progress[0m
                [36m</p>[39m
                [36m<button[39m
                  [33maria-label[39m=[32m"Inspect render Social 原文"[39m
                  [33mclass[39m=[32m"ff-button ff-button--secondary "[39m
                [36m>[39m
                  [0mInspect[0m
                [36m</button>[39m
              [36m</div>[39m
            [36m</section>[39m
          [36m</li>[39m
          [36m<li>[39m
            [36m<section[39m
              [33mclass[39m=[32m"ff-panel "[39m
            [36m>[39m
              [36m<header[39m
                [33mclass[39m=[32m"ff-panel__header"[39m
              [36m>[39m
                [36m<h2>[39m
                  [0mrender-queued[0m
                [36m</h2>[39m
              [36m</header>[39m
              [36m<div[39m
                [33mclass[39m=[32m"ff-panel__body"[39m
              [36m>[39m
                [36m<code>[39m
                  [0mrender-queued[0m
                [36m</code>[39m
                [36m<span[39m
                  [33mclass[39m=[32m"ff-status ff-status--neutral"[39m
                [36m>[39m
                  [36m<span[39m
                    [33maria-hidden[39m=[32m"true"[39m
                  [36m/>[39m
                  [0mQUEUED?[0m
                [36m</span>[39m
                [36m<button[39m
                  [33maria-label[39m=[32m"Inspect render render-queued"[39m
                  [33mclass[39m=[32m"ff-button ff-button--secondary "[39m
                [36m>[39m
                  [0mInspect[0m
                [36m</button>[39m
              [36m</div>[39m
            [36m</section>[39m
          [36m</li>[39m
        [36m</ul>[39m
      [36m</div>[39m
    [36m</section>[39m
  [36m</div>[39m
[36m</body>[39m
   ✓ RenderBrowser observability workflow > searches ID/name, filters only source-supported literal statuses, sorts stably and keeps Reset focusable 56ms
   × RenderBrowser observability workflow > opens read-only task/attempt/failure/Artifact metadata and restores launcher focus without exposing URLs 56ms
     → Found multiple elements with the text: Encoder rejected supplied media

Here are the matching elements:

Ignored nodes: comments, script, style
[36m<span>[39m
  [0mEncoder rejected supplied media[0m
[36m</span>[39m

Ignored nodes: comments, script, style
[36m<span>[39m
  [0mEncoder rejected supplied media[0m
[36m</span>[39m

(If this is intentional, then use the `*AllBy*` variant of the query (like `queryAllByText`, `getAllByText`, or `findAllByText`)).

Ignored nodes: comments, script, style
[36m<section[39m
  [33maria-labelledby[39m=[32m"_r_4_"[39m
  [33maria-modal[39m=[32m"true"[39m
  [33mclass[39m=[32m"ff-interaction-dialog ff-render-detail"[39m
  [33mrole[39m=[32m"dialog"[39m
  [33mtabindex[39m=[32m"-1"[39m
[36m>[39m
  [36m<header[39m
    [33mclass[39m=[32m"ff-dialog-heading"[39m
  [36m>[39m
    [36m<h2[39m
      [33mid[39m=[32m"_r_4_"[39m
    [36m>[39m
      [0mRender details[0m
    [36m</h2>[39m
    [36m<button[39m
      [33maria-label[39m=[32m"Close Render details"[39m
      [33mtype[39m=[32m"button"[39m
    [36m>[39m
      [0m×[0m
    [36m</button>[39m
  [36m</header>[39m
  [36m<span[39m
    [33mclass[39m=[32m"ff-badge ff-badge--info"[39m
  [36m>[39m
    [0mRead-only source metadata[0m
  [36m</span>[39m
  [36m<section[39m
    [33maria-label[39m=[32m"Render and source identity"[39m
    [33mclass[39m=[32m"ff-render-detail-grid"[39m
  [36m>[39m
    [36m<div[39m
      [33mclass[39m=[32m"ff-property-row"[39m
    [36m>[39m
      [36m<span>[39m
        [0mRender ID[0m
      [36m</span>[39m
      [36m<div>[39m
        [36m<code>[39m
          [0mrender-social-failed[0m
        [36m</code>[39m
      [36m</div>[39m
    [36m</div>[39m
    [36m<div[39m
      [33mclass[39m=[32m"ff-property-row"[39m
    [36m>[39m
      [36m<span>[39m
        [0mName[0m
      [36m</span>[39m
      [36m<div>[39m
        [36m<span>[39m
          [0mSocial 原文[0m
        [36m</span>[39m
      [36m</div>[39m
    [36m</div>[39m
    [36m<div[39m
      [33mclass[39m=[32m"ff-property-row"[39m
    [36m>[39m
      [36m<span>[39m
        [0mProject ID[0m
      [36m</span>[39m
      [36m<div>[39m
        [36m<code>[39m
          [0mproject-1[0m
        [36m</code>[39m
      [36m</div>[39m
    [36m</div>[39m
    [36m<div[39m
      [33mclass[39m=[32m"ff-property-row"[39m
    [36m>[39m
      [36m<span>[39m
        [0mStatus[0m
      [36m</span>[39m
      [36m<div>[39m
        [36m<span>[39m
          [0mFAILED[0m
        [36m</span>[39m
      [36m</div>[39m
    [36m</div>[39m
    [36m<div[39m
      [33mclass[39m=[32m"ff-property-row"[39m
    [36m>[39m
      [36m<span>[39m
        [0mRender version[0m
      [36m</span>[39m
      [36m<div>[39m
        [36m<span>[39m
          [0mrender-v3[0m
        [36m</span>[39m
      [36m</div>[39m
    [36m</div>[39m
    [36m<div[39m
      [33mclass[39m=[32m"ff-property-row"[39m
    [36m>[39m
      [36m<span>[39m
        [0mSource kind[0m
      [36m</span>[39m
      [36m<div>[39m
        [36m<span>[39m
          [0mTIMELINE_REVISION[0m
        [36m</span>[39m
      [36m</div>[39m
    [36m</div>[39m
    [36m<div[39m
      [33mclass[39m=[32m"ff-property-row"[39m
    [36m>[39m
      [36m<span>[39m
        [0mSource ID[0m
      [36m</span>[39m
      [36m<div>[39m
        [36m<code>[39m
          [0mrevision-social[0m
        [36m</code>[39m
      [36m</div>[39m
    [36m</div>[39m
    [36m<div[39m
      [33mclass[39m=[32m"ff-property-row"[39m
    [36m>[39m
      [36m<span>[39m
        [0mSource version[0m
      [36m</span>[39m
      [36m<div>[39m
        [36m<span>[39m
          [0mNot supplied[0m
        [36m</span>[39m
      [36m</div>[39m
    [36m</div>[39m
  [36m</section>[39m
  [36m<section[39m
    [33mclass[39m=[32m"ff-render-detail-section"[39m
  [36m>[39m
    [36m<h3>[39m
      [0mSource times[0m
    [36m</h3>[39m
    [36m<div[39m
      [33mclass[39m=[32m"ff-property-row"[39m
    [36m>[39m
      [36m<span>[39m
        [0mCreated[0m
      [36m</span>[39m
      [36m<div>[39m
        [36m<span>[39m
          [36m<time[39m
            [33mdatetime[39m=[32m"2026-09-08T02:00:00Z"[39m
          [36m>[39m
            [0m2026-09-08T02:00:00Z[0m
          [36m</time>[39m
        [36m</span>[39m
      [36m</div>[39m
    [36m</div>[39m
    [36m<div[39m
      [33mclass[39m=[32m"ff-property-row"[39m
    [36m>[39m
      [36m<span>[39m
        [0mUpdated[0m
      [36m</span>[39m
      [36m<div>[39m
        [36m<span>[39m
          [36m<time[39m
            [33mdatetime[39m=[32m"2026-09-08T02:02:00Z"[39m
          [36m>[39m
            [0m2026-09-08T02:02:00Z[0m
          [36m</time>[39m
        [36m</span>[39m
      [36m</div>[39m
    [36m</div>[39m
    [36m<div[39m
      [33mclass[39m=[32m"ff-property-row"[39m
    [36m>[39m
      [36m<span>[39m
        [0mStarted[0m
      [36m</span>[39m
      [36m<div>[39m
        [36m<span>[39m
          [36m<time[39m
            [33mdatetime[39m=[32m"2026-09-08T02:01:00Z"[39m
          [36m>[39m
            [0m2026-09-08T02:01:00Z[0m
          [36m</time>[39m
        [36m</span>[39m
      [36m</div>[39m
    [36m</div>[39m
    [36m<div[39m
      [33mclass[39m=[32m"ff-property-row"[39m
    [36m>[39m
      [36m<span>[39m
        [0mEnded[0m
      [36m</span>[39m
      [36m<div>[39m
        [36m<span>[39m
          [36m<time[39m
            [33mdatetime[39m=[32m"2026-09-08T02:02:00Z"[39m
          [36m>[39m
            [0m2026-09-08T02:02:00Z[0m
          [36m</time>[39m
        [36m</span>[39m
      [36m</div>[39m
    [36m</div>[39m
    [36m<div[39m
      [33mclass[39m=[32m"ff-property-row"[39m
    [36m>[39m
      [36m<span>[39m
        [0mLast successful frontend fetch[0m
      [36m</span>[39m
      [36m<div>[39m
        [36m<span>[39m
          [0m2026-09-08T15:44:08.860Z[0m
        [36m</span>[39m
      [36m</div>[39m
    [36m</div>[39m
    [36m<p>[39m
      [0mSource times are displayed literally. Frontend fetch time is separate and never substitutes for a source time.[0m
    [36m</p>[39m
  [36m</section>[39m
  [36m<section[39m
    [33mclass[39m=[32m"ff-render-detail-section"[39m
  [36m>[39m
    [36m<h3>[39m
      [0mProgress[0m
    [36m</h3>[39m
    [36m<p>[39m
      [0mInvalid supplied progress[0m
    [36m</p>[39m
    [36m<div[39m
      [33mclass[39m=[32m"ff-property-row"[39m
    [36m>[39m
      [36m<span>[39m
        [0mStage[0m
      [36m</span>[39m
      [36m<div>[39m
        [36m<span>[39m
          [0mEncode[0m
        [36m</span>[39m
      [36m</div>[39m
    [36m</div>[39m
  [36m</section>[39m
  [36m<section[39m
    [33mclass[39m=[32m"ff-render-detail-section"[39m
  [36m>[39m
    [36m<h3>[39m
      [0mRelated task[0m
    [36m</h3>[39m
    [36m<div[39m
      [33mclass[39m=[32m"ff-property-row"[39m
    [36m>[39m
      [36m<span>[39m
        [0mTask ID[0m
      [36m</span>[39m
      [36m<div>[39m
        [36m<code>[39m
          [0mtask-social[0m
        [36m</code>[39m
      [36m</div>[39m
    [36m</div>[39m
    [36m<div[39m
      [33mclass[39m=[32m"ff-property-row"[39m
    [36m>[39m
      [36m<span>[39m
        [0mTask status[0m
      [36m</span>[39m
      [36m<div>[39m
        [36m<span>[39m
          [0mTASK_FAILED[0m
        [36m</span>[39m
      [36m</div>[39m
    [36m</div>[39m
    [36m<div[39m
      [33mclass[39m=[32m"ff-property-row"[39m
    [36m>[39m
      [36m<span>[39m
        [0mTask version[0m
      [36m</span>[39m
      [36m<div>[39m
        [36m<span>[39m
          [0mNot supplied[0m
        [36m</span>[39m
      [36m</div>[39m
    [36m</div>[39m
    [36m<h4>[39m
      [0mTask failure[0m
    [36m</h4>[39m
    [36m<div[39m
      [33mclass[39m=[32m"ff-render-failure"[39m
    [36m>[39m
      [36m<div[39m
        [33mclass[39m=[32m"ff-property-row"[39m
      [36m>[39m
        [36m<span>[39m
          [0mUser-safe summary[0m
        [36m</span>[39m
        [36m<div>[39m
          [36m<span>[39m
            [0mEncoder rejected supplied media[0m
          [36m</span>[39m
        [36m</div>[39m
      [36m</div>[39m
      [36m<div[39m
        [33mclass[39m=[32m"ff-property-row"[39m
      [36m>[39m
        [36m<span>[39m
          [0mCode[0m
        [36m</span>[39m
        [36m<div>[39m
          [36m<span>[39m
            [0mMEDIA_REJECTED[0m
          [36m</span>[39m
        [36m</div>[39m
      [36m</div>[39m
      [36m<div[39m
        [33mclass[39m=[32m"ff-property-row"[39m
      [36m>[39m
        [36m<span>[39m
          [0mTime[0m
        [36m</span>[39m
        [36m<div>[39m
          [36m<span>[39m
            [36m<time[39m
              [33mdatetime[39m=[32m"2026-09-08T02:02:00Z"[39m
            [36m>[39m
              [0m2026-09-08T02:02:00Z[0m
            [36m</time>[39m
          [36m</span>[39m
        [36m</div>[39m
      [36m</div>[39m
    [36m</div>[39m
  [36m</section>[39m
  [36m<section[39m
    [33mclass[39m=[32m"ff-render-detail-section"[39m
  [36m>[39m
    [36m<h3>[39m
      [0mAttempts[0m
    [36m</h3>[39m
    [36m<p>[39m
      [0mSource reports the attempt records complete.[0m
    [36m</p>[39m
    [36m<ol[39m
      [33mclass[39m=[32m"ff-render-attempts"[39m
    [36m>[39m
      [36m<li>[39m
        [36m<h4>[39m
          [0mAttempt 1[0m
        [36m</h4>[39m
        [36m<div[39m
          [33mclass[39m=[32m"ff-property-row"[39m
        [36m>[39m
          [36m<span>[39m
            [0mAttempt ID[0m
          [36m</span>[39m
          [36m<div>[39m
            [36m<code>[39m
              [0mattempt-social-1[0m
            [36m</code>[39m
          [36m</div>[39m
        [36m</div>[39m
        [36m<div[39m
          [33mclass[39m=[32m"ff-property-row"[39m
        [36m>[39m
          [36m<span>[39m
            [0mAttempt status[0m
          [36m</span>[39m
          [36m<div>[39m
            [36m<span>[39m
              [0mATTEMPT_FAILED[0m
            [36m</span>[39m
          [36m</div>[39m
        [36m</div>[39m
        [36m<div[39m
          [33mclass[39m=[32m"ff-property-row"[39m
        [36m>[39m
          [36m<span>[39m
            [0mTask ID[0m
          [36m</span>[39m
          [36m<div>[39m
            [36m<code>[39m
              [0mtask-social[0m
            [36m</code>[39m
          [36m</div>[39m
        [36m</div>[39m
        [36m<div[39m
          [33mclass[39m=[32m"ff-property-row"[39m
        [36m>[39m
          [36m<span>[39m
            [0mParent attempt ID[0m
          [36m</span>[39m
          [36m<div>[39m
            [36m<span>[39m
              [0mNot supplied[0m
            [36m</span>[39m
          [36m</div>[39m
        [36m</div>[39m
        [36m<div[39m
          [33mclass[39m=[32m"ff-property-row"[39m
        [36m>[39m
          [36m<span>[39m
            [0mRetry-of attempt ID[0m
          [36m</span>[39m
          [36m<div>[39m
            [36m<span>[39m
              [0mNot supplied[0m
            [36m</span>[39m
          [36m</div>[39m
        [36m</div>[39m
        [36m<div[39m
          [33mclass[39m=[32m"ff-render-failure"[39m
        [36m>[39m
          [36m<div[39m
            [33mclass[39m=[32m"ff-property-row"[39m
          [36m>[39m
            [36m<span>[39m
              [0mUser-safe summary[0m
            [36m</span>[39m
            [36m<div>[39m
              [36m<span>[39m
                [0mEncoder rejected supplied media[0m
              [36m</span>[39m
            [36m</div>[39m
          [36m</div>[39m
          [36m<div[39m
            [33mclass[39m=[32m"ff-property-row"[39m
          [36m>[39m
            [36m<span>[39m
              [0mCode[0m
            [36m</span>[39m
            [36m<div>[39m
              [36m<span>[39m
                [0mMEDIA_REJECTED[0m
              [36m</span>[39m
            [36m</div>[39m
          [36m</div>[39m
          [36m<div[39m
            [33mclass[39m=[32m"ff-property-row"[39m
          [36m>[39m
            [36m<span>[39m
              [0mTime[0m
            [36m</span>[39m
            [36m<div>[39m
              [36m<span>[39m
                [36m<time[39m
                  [33mdatetime[39m=[32m"2026-09-08T02:02:00Z"[39m
                [36m>[39m
                  [0m2026-09-08T02:02:00Z[0m
                [36m</time>[39m
              [36m</span>[39m
            [36m</div>[39m
          [36m</div>[39m
        [36m</div>[39m
      [36m</li>[39m
    [36m</ol>[39m
  [36m</section>[39m
  [36m<section[39m
    [33mclass[39m=[32m"ff-render-detail-section"[39m
  [36m>[39m
    [36m<h3>[39m
      [0mArtifacts[0m
    [36m</h3>[39m
    [36m<p>[39m
      [0mSource supplied an empty Artifact collection.[0m
    [36m</p>[39m
  [36m</section>[39m
  [36m<p[39m
    [33mclass[39m=[32m"ff-render-readonly-limit"[39m
  [36m>[39m
    [0mNo submit, cancel, retry, rerender, delete, publish, workflow, timeline, download, provider, worker, billing, quota, or canonical write is available here.[0m
  [36m</p>[39m
[36m</section>[39m
   ✓ RenderBrowser observability workflow > distinguishes missing attempts/Artifacts from empty and bounded inspectable metadata 92ms
   × RenderBrowser observability workflow > uses one stable Refresh/Cancel/Retry control, preserves filters, drops cancelled replies and never steals moved focus 45ms
     → Unable to find an accessible element with the role "searchbox" and name "Search renders"

Here are the accessible roles:

  button:

  Name "Stable focus":
  [36m<button[39m
    [33mtype[39m=[32m"button"[39m
  [36m/>[39m

  Name "Retry loading":
  [36m<button[39m
    [33mclass[39m=[32m"ff-button ff-button--secondary "[39m
  [36m/>[39m

  --------------------------------------------------
  region:

  Name "Single-Project Render observability":
  [36m<section[39m
    [33maria-label[39m=[32m"Single-Project Render observability"[39m
    [33mclass[39m=[32m"ff-render-browser"[39m
  [36m/>[39m

  Name "Render source error":
  [36m<section[39m
    [33maria-busy[39m=[32m"false"[39m
    [33maria-labelledby[39m=[32m"_r_a_"[39m
    [33maria-live[39m=[32m"polite"[39m
    [33mclass[39m=[32m"ff-state ff-state--error"[39m
  [36m/>[39m

  --------------------------------------------------
  banner:

  Name "":
  [36m<header[39m
    [33mclass[39m=[32m"ff-render-browser-heading"[39m
  [36m/>[39m

  --------------------------------------------------
  heading:

  Name "Render observability":
  [36m<h1 />[39m

  Name "Render source error":
  [36m<h2[39m
    [33mid[39m=[32m"_r_a_"[39m
  [36m/>[39m

  --------------------------------------------------
  paragraph:

  Name "":
  [36m<p />[39m

  Name "":
  [36m<p[39m
    [33mclass[39m=[32m"ff-render-origin ff-render-origin--real"[39m
  [36m/>[39m

  Name "":
  [36m<p[39m
    [33mclass[39m=[32m"ff-render-boundary"[39m
  [36m/>[39m

  Name "":
  [36m<p />[39m

  Name "":
  [36m<p[39m
    [33mclass[39m=[32m"ff-render-opaque"[39m
  [36m/>[39m

  --------------------------------------------------
  group:

  Name "":
  [36m<details[39m
    [33mclass[39m=[32m"ff-render-scope"[39m
  [36m/>[39m

  --------------------------------------------------
  term:

  Name "":
  [36m<dt />[39m

  --------------------------------------------------
  definition:

  Name "":
  [36m<dd />[39m

  --------------------------------------------------
  code:

  Name "":
  [36m<code />[39m

  --------------------------------------------------

Ignored nodes: comments, script, style
[36m<body>[39m
  [36m<div>[39m
    [36m<button[39m
      [33mtype[39m=[32m"button"[39m
    [36m>[39m
      [0mStable focus[0m
    [36m</button>[39m
    [36m<section[39m
      [33maria-label[39m=[32m"Single-Project Render observability"[39m
      [33mclass[39m=[32m"ff-render-browser"[39m
    [36m>[39m
      [36m<header[39m
        [33mclass[39m=[32m"ff-render-browser-heading"[39m
      [36m>[39m
        [36m<div>[39m
          [36m<span>[39m
            [0mOperations · read-only[0m
          [36m</span>[39m
          [36m<h1>[39m
            [0mRender observability[0m
          [36m</h1>[39m
          [36m<p>[39m
            [0mDiscover and inspect source-supplied Render, task, attempt, failure and Artifact metadata for one explicit Project. This view cannot control execution.[0m
          [36m</p>[39m
        [36m</div>[39m
        [36m<button[39m
          [33mclass[39m=[32m"ff-button ff-button--secondary "[39m
        [36m>[39m
          [0mRetry loading[0m
        [36m</button>[39m
      [36m</header>[39m
      [36m<p[39m
        [33mclass[39m=[32m"ff-render-origin ff-render-origin--real"[39m
      [36m>[39m
        [36m<span[39m
          [33mclass[39m=[32m"ff-badge ff-badge--neutral"[39m
        [36m>[39m
          [0mCONNECTED READ-ONLY SOURCE · identity, access and Project scope are supplied by the host[0m
        [36m</span>[39m
      [36m</p>[39m
      [36m<details[39m
        [33mclass[39m=[32m"ff-render-scope"[39m
      [36m>[39m
        [36m<summary>[39m
          [0mSupplied scope[0m
        [36m</summary>[39m
        [36m<dl>[39m
          [36m<dt>[39m
            [0mProject ID[0m
          [36m</dt>[39m
          [36m<dd>[39m
            [36m<code>[39m
              [0mproject-1[0m
            [36m</code>[39m
          [36m</dd>[39m
        [36m</dl>[39m
      [36m</details>[39m
      [36m<p[39m
        [33mclass[39m=[32m"ff-render-boundary"[39m
      [36m>[39m
        [0mOnly source-supplied values are shown. This current snapshot is not a global inventory, history, or execution authority.[0m
      [36m</p>[39m
      [36m<section[39m
        [33maria-busy[39m=[32m"false"[39m
        [33maria-labelledby[39m=[32m"_r_a_"[39m
        [33maria-live[39m=[32m"polite"[39m
        [33mclass[39m=[32m"ff-state ff-state--error"[39m
      [36m>[39m
        [36m<span[39m
          [33mclass[39m=[32m"ff-state__code"[39m
        [36m>[39m
          [0mERROR[0m
        [36m</span>[39m
        [36m<h2[39m
          [33mid[39m=[32m"_r_a_"[39m
        [36m>[39m
          [0mRender source error[0m
        [36m</h2>[39m
        [36m<div>[39m
          [36m<p>[39m
            [0mThe source request failed. Retry to request a fresh snapshot.[0m
          [36m</p>[39m
          [36m<p[39m
            [33mclass[39m=[32m"ff-render-opaque"[39m
          [36m>[39m
            [0m&lt;opaque error&gt;[0m
          [36m</p>[39m
        [36m</div>[39m
      [36m</section>[39m
    [36m</section>[39m
  [36m</div>[39m
[36m</body>[39m
   ✓ RenderBrowser observability workflow > clears old content for a safe unavailable receipt and keeps retry available 22ms
   ✓ RenderBrowser observability workflow > clears old content for a safe denied receipt and keeps retry available 26ms
   ✓ RenderBrowser observability workflow > clears old content for a safe unknown receipt and keeps retry available 22ms
   ✓ RenderBrowser observability workflow > clears old content for a safe unsupported receipt and keeps retry available 21ms
   ✓ RenderBrowser observability workflow > clears old content for a safe error receipt and keeps retry available 19ms
   ✓ RenderBrowser observability workflow > clears old content for a safe stale receipt and keeps retry available 21ms
   ✓ RenderBrowser observability workflow > distinguishes invalid relationships from invalid returned content and never retains stale detail 22ms
   ✓ RenderBrowser observability workflow > shows detail-not-found after a successful refresh removes the inspected Render 39ms
   ✓ RenderBrowser observability workflow > retires a pending valid reply on principalId change 17ms
   ✓ RenderBrowser observability workflow > retires a pending valid reply on tenantId change 13ms
   ✓ RenderBrowser observability workflow > retires a pending valid reply on sessionId change 14ms
   ✓ RenderBrowser observability workflow > retires a pending valid reply on projectId change 14ms
   ✓ RenderBrowser observability workflow > retires a pending read on Selection owner retirement and rejects its late success 5ms
   ✓ RenderBrowser observability workflow > rebinds only to a fresh pageshow Selection owner after clearing ready data 29ms
   ✓ RenderBrowser observability workflow > is unavailable with no injected source and localizes the complete workflow in Chinese 35ms

⎯⎯⎯⎯⎯⎯⎯ Failed Tests 4 ⎯⎯⎯⎯⎯⎯⎯

 FAIL  src/product/render-browser/RenderBrowser.test.tsx > RenderBrowser observability workflow > shows supplied summary data, opaque unknown status, valid progress and current-snapshot disclosure without actions
TestingLibraryElementError: Found multiple elements with the text: VENDOR_WARMING

Here are the matching elements:

Ignored nodes: comments, script, style
[36m<option[39m
  [33mvalue[39m=[32m"VENDOR_WARMING"[39m
[36m>[39m
  [0mVENDOR_WARMING[0m
[36m</option>[39m

Ignored nodes: comments, script, style
[36m<span[39m
  [33mclass[39m=[32m"ff-status ff-status--neutral"[39m
[36m>[39m
  [36m<span[39m
    [33maria-hidden[39m=[32m"true"[39m
  [36m/>[39m
  [0mVENDOR_WARMING[0m
[36m</span>[39m

(If this is intentional, then use the `*AllBy*` variant of the query (like `queryAllByText`, `getAllByText`, or `findAllByText`)).

Ignored nodes: comments, script, style
[36m<body>[39m
  [36m<div>[39m
    [36m<section[39m
      [33maria-label[39m=[32m"Single-Project Render observability"[39m
      [33mclass[39m=[32m"ff-render-browser"[39m
    [36m>[39m
      [36m<header[39m
        [33mclass[39m=[32m"ff-render-browser-heading"[39m
      [36m>[39m
        [36m<div>[39m
          [36m<span>[39m
            [0mOperations · read-only[0m
          [36m</span>[39m
          [36m<h1>[39m
            [0mRender observability[0m
          [36m</h1>[39m
          [36m<p>[39m
            [0mDiscover and inspect source-supplied Render, task, attempt, failure and Artifact metadata for one explicit Project. This view cannot control execution.[0m
          [36m</p>[39m
        [36m</div>[39m
        [36m<button[39m
          [33mclass[39m=[32m"ff-button ff-button--secondary "[39m
        [36m>[39m
          [0mRefresh renders[0m
        [36m</button>[39m
      [36m</header>[39m
      [36m<p[39m
        [33mclass[39m=[32m"ff-render-origin ff-render-origin--simulated"[39m
      [36m>[39m
        [36m<span[39m
          [33mclass[39m=[32m"ff-badge ff-badge--warning"[39m
        [36m>[39m
          [0mSIMULATED RENDER DATA · explicitly injected fixture · no real account or permission[0m
        [36m</span>[39m
      [36m</p>[39m
      [36m<details[39m
        [33mclass[39m=[32m"ff-render-scope"[39m
      [36m>[39m
        [36m<summary>[39m
          [0mSupplied scope[0m
        [36m</summary>[39m
        [36m<dl>[39m
          [36m<dt>[39m
            [0mProject ID[0m
          [36m</dt>[39m
          [36m<dd>[39m
            [36m<code>[39m
              [0mproject-1[0m
            [36m</code>[39m
          [36m</dd>[39m
        [36m</dl>[39m
      [36m</details>[39m
      [36m<p[39m
        [33mclass[39m=[32m"ff-render-boundary"[39m
      [36m>[39m
        [0mOnly source-supplied values are shown. This current snapshot is not a global inventory, history, or execution authority.[0m
      [36m</p>[39m
      [36m<div[39m
        [33mclass[39m=[32m"ff-render-controls"[39m
      [36m>[39m
        [36m<input[39m
          [33maria-label[39m=[32m"Search renders"[39m
          [33mclass[39m=[32m"ff-input "[39m
          [33mplaceholder[39m=[32m"Search supplied Render ID or name"[39m
          [33mtype[39m=[32m"search"[39m
          [33mvalue[39m=[32m""[39m
        [36m/>[39m
        [36m<label>[39m
          [0mRender status[0m
          [36m<select>[39m
            [36m<option[39m
              [33mvalue[39m=[32m""[39m
            [36m>[39m
              [0mAll source-supported statuses[0m
            [36m</option>[39m
            [36m<option[39m
              [33mvalue[39m=[32m"VENDOR_WARMING"[39m
            [36m>[39m
              [0mVENDOR_WARMING[0m
            [36m</option>[39m
            [36m<option[39m
              [33mvalue[39m=[32m"FAILED"[39m
            [36m>[39m
              [0mFAILED[0m
            [36m</option>[39m
            [36m<option[39m
              [33mvalue[39m=[32m"QUEUED?"[39m
            [36m>[39m
              [0mQUEUED?[0m
            [36m</option>[39m
          [36m</select>[39m
        [36m</label>[39m
        [36m<label>[39m
          [0mSort renders[0m
          [36m<select>[39m
            [36m<option[39m
              [33mvalue[39m=[32m"name-asc"[39m
            [36m>[39m
              [0mName A–Z[0m
            [36m</option>[39m
            [36m<option[39m
              [33mvalue[39m=[32m"name-desc"[39m
            [36m>[39m
              [0mName Z–A[0m
            [36m</option>[39m
          [36m</select>[39m
        [36m</label>[39m
        [36m<button[39m
          [33maria-disabled[39m=[32m"true"[39m
          [33mclass[39m=[32m"ff-button ff-button--secondary "[39m
        [36m>[39m
          [0mReset filters[0m
        [36m</button>[39m
      [36m</div>[39m
      [36m<div[39m
        [33maria-live[39m=[32m"polite"[39m
        [33mclass[39m=[32m"ff-render-receipt"[39m
        [33mrole[39m=[32m"status"[39m
      [36m>[39m
        [36m<p>[39m
          [0m3 Renders loaded · source reports this snapshot complete · version simulated-render-observability-v1.[0m
        [36m</p>[39m
        [36m<p>[39m
          [0mSource update time: 2026-09-08T02:02:00Z.[0m
        [36m</p>[39m
        [36m<p>[39m
          [0mLast successful frontend fetch: 2026-09-08T15:44:08.770Z. This is not a source update time.[0m
        [36m</p>[39m
      [36m</div>[39m
      [36m<div[39m
        [33mclass[39m=[32m"ff-render-list-scroll"[39m
      [36m>[39m
        [36m<ul[39m
          [33maria-label[39m=[32m"Render snapshot"[39m
          [33mclass[39m=[32m"ff-render-browser-list"[39m
        [36m>[39m
          [36m<li>[39m
            [36m<section[39m
              [33mclass[39m=[32m"ff-panel "[39m
            [36m>[39m
              [36m<header[39m
                [33mclass[39m=[32m"ff-panel__header"[39m
              [36m>[39m
                [36m<h2>[39m
                  [0mCourtyard &lt;final&gt;[0m
                [36m</h2>[39m
              [36m</header>[39m
              [36m<div[39m
                [33mclass[39m=[32m"ff-panel__body"[39m
              [36m>[39m
                [36m<code>[39m
                  [0mrender-courtyard-final[0m
                [36m</code>[39m
                [36m<span[39m
                  [33mclass[39m=[32m"ff-status ff-status--neutral"[39m
                [36m>[39m
                  [36m<span[39m
                    [33maria-hidden[39m=[32m"true"[39m
                  [36m/>[39m
                  [0mVENDOR_WARMING[0m
                [36m</span>[39m
                [36m<p>[39m
                  [0mCreated: 2026-09-08T01:00:00Z[0m
                [36m</p>[39m
                [36m<p>[39m
                  [0mUpdated: 2026-09-08T01:04:00Z[0m
                [36m</p>[39m
                [36m<p>[39m
                  [0m3 of 8 shots · 37.5%[0m
                [36m</p>[39m
                [36m<button[39m
                  [33maria-label[39m=[32m"Inspect render Courtyard <final>"[39m
                  [33mclass[39m=[32m"ff-button ff-button--secondary "[39m
                [36m>[39m
                  [0mInspect[0m
                [36m</button>[39m
              [36m</div>[39m
            [36m</section>[39m
          [36m</li>[39m
          [36m<li>[39m
            [36m<section[39m
              [33mclass[39m=[32m"ff-panel "[39m
            [36m>[39m
              [36m<header[39m
                [33mclass[39m=[32m"ff-panel__header"[39m
              [36m>[39m
                [36m<h2>[39m
                  [0mSocial 原文[0m
                [36m</h2>[39m
              [36m</header>[39m
              [36m<div[39m
                [33mclass[39m=[32m"ff-panel__body"[39m
              [36m>[39m
                [36m<code>[39m
                  [0mrender-social-failed[0m
                [36m</code>[39m
                [36m<span[39m
                  [33mclass[39m=[32m"ff-status ff-status--neutral"[39m
                [36m>[39m
                  [36m<span[39m
                    [33maria-hidden[39m=[32m"true"[39m
                  [36m/>[39m
                  [0mFAILED[0m
                [36m</span>[39m
                [36m<p>[39m
                  [0mCreated: 2026-09-08T02:00:00Z[0m
                [36m</p>[39m
                [36m<p>[39m
                  [0mUpdated: 2026-09-08T02:02:00Z[0m
                [36m</p>[39m
                [36m<p>[39m
                  [0mInvalid supplied progress[0m
                [36m</p>[39m
                [36m<button[39m
                  [33maria-label[39m=[32m"Inspect render Social 原文"[39m
                  [33mclass[39m=[32m"ff-button ff-button--secondary "[39m
                [36m>[39m
                  [0mInspect[0m
                [36m</button>[39m
              [36m</div>[39m
            [36m</section>[39m
          [36m</li>[39m
          [36m<li>[39m
            [36m<section[39m
              [33mclass[39m=[32m"ff-panel "[39m
            [36m>[39m
              [36m<header[39m
                [33mclass[39m=[32m"ff-panel__header"[39m
              [36m>[39m
                [36m<h2>[39m
                  [0mrender-queued[0m
                [36m</h2>[39m
              [36m</header>[39m
              [36m<div[39m
                [33mclass[39m=[32m"ff-panel__body"[39m
              [36m>[39m
                [36m<code>[39m
                  [0mrender-queued[0m
                [36m</code>[39m
                [36m<span[39m
                  [33mclass[39m=[32m"ff-status ff-status--neutral"[39m
                [36m>[39m
                  [36m<span[39m
                    [33maria-hidden[39m=[32m"true"[39m
                  [36m/>[39m
                  [0mQUEUED?[0m
                [36m</span>[39m
                [36m<button[39m
                  [33maria-label[39m=[32m"Inspect render render-queued"[39m
                  [33mclass[39m=[32m"ff-button ff-button--secondary "[39m
                [36m>[39m
                  [0mInspect[0m
                [36m</button>[39m
              [36m</div>[39m
            [36m</section>[39m
          [36m</li>[39m
        [36m</ul>[39m
      [36m</div>[39m
    [36m</section>[39m
  [36m</div>[39m
[36m</body>[39m
 ❯ Object.getElementError node_modules/@testing-library/dom/dist/config.js:37:19
 ❯ getElementError node_modules/@testing-library/dom/dist/query-helpers.js:20:35
 ❯ getMultipleElementsFoundError node_modules/@testing-library/dom/dist/query-helpers.js:23:10
 ❯ node_modules/@testing-library/dom/dist/query-helpers.js:55:13
 ❯ node_modules/@testing-library/dom/dist/query-helpers.js:95:19
 ❯ src/product/render-browser/RenderBrowser.test.tsx:56:19
     54|     setup()
     55|     expect(await screen.findByRole('heading', { name: 'Render observab…
     56|     expect(screen.getByText('VENDOR_WARMING')).toBeTruthy()
       |                   ^
     57|     expect(screen.getByText(/3 of 8 shots · 37.5%/)).toBeTruthy()
     58|     expect(screen.getByText(/bounded snapshot; more may exist/i)).toBe…

⎯⎯⎯⎯⎯⎯⎯⎯⎯⎯⎯⎯⎯⎯⎯⎯⎯⎯⎯⎯⎯⎯⎯⎯[1/4]⎯

 FAIL  src/product/render-browser/RenderBrowser.test.tsx > RenderBrowser observability workflow > opens read-only task/attempt/failure/Artifact metadata and restores launcher focus without exposing URLs
TestingLibraryElementError: Found multiple elements with the text: Encoder rejected supplied media

Here are the matching elements:

Ignored nodes: comments, script, style
[36m<span>[39m
  [0mEncoder rejected supplied media[0m
[36m</span>[39m

Ignored nodes: comments, script, style
[36m<span>[39m
  [0mEncoder rejected supplied media[0m
[36m</span>[39m

(If this is intentional, then use the `*AllBy*` variant of the query (like `queryAllByText`, `getAllByText`, or `findAllByText`)).

Ignored nodes: comments, script, style
[36m<section[39m
  [33maria-labelledby[39m=[32m"_r_4_"[39m
  [33maria-modal[39m=[32m"true"[39m
  [33mclass[39m=[32m"ff-interaction-dialog ff-render-detail"[39m
  [33mrole[39m=[32m"dialog"[39m
  [33mtabindex[39m=[32m"-1"[39m
[36m>[39m
  [36m<header[39m
    [33mclass[39m=[32m"ff-dialog-heading"[39m
  [36m>[39m
    [36m<h2[39m
      [33mid[39m=[32m"_r_4_"[39m
    [36m>[39m
      [0mRender details[0m
    [36m</h2>[39m
    [36m<button[39m
      [33maria-label[39m=[32m"Close Render details"[39m
      [33mtype[39m=[32m"button"[39m
    [36m>[39m
      [0m×[0m
    [36m</button>[39m
  [36m</header>[39m
  [36m<span[39m
    [33mclass[39m=[32m"ff-badge ff-badge--info"[39m
  [36m>[39m
    [0mRead-only source metadata[0m
  [36m</span>[39m
  [36m<section[39m
    [33maria-label[39m=[32m"Render and source identity"[39m
    [33mclass[39m=[32m"ff-render-detail-grid"[39m
  [36m>[39m
    [36m<div[39m
      [33mclass[39m=[32m"ff-property-row"[39m
    [36m>[39m
      [36m<span>[39m
        [0mRender ID[0m
      [36m</span>[39m
      [36m<div>[39m
        [36m<code>[39m
          [0mrender-social-failed[0m
        [36m</code>[39m
      [36m</div>[39m
    [36m</div>[39m
    [36m<div[39m
      [33mclass[39m=[32m"ff-property-row"[39m
    [36m>[39m
      [36m<span>[39m
        [0mName[0m
      [36m</span>[39m
      [36m<div>[39m
        [36m<span>[39m
          [0mSocial 原文[0m
        [36m</span>[39m
      [36m</div>[39m
    [36m</div>[39m
    [36m<div[39m
      [33mclass[39m=[32m"ff-property-row"[39m
    [36m>[39m
      [36m<span>[39m
        [0mProject ID[0m
      [36m</span>[39m
      [36m<div>[39m
        [36m<code>[39m
          [0mproject-1[0m
        [36m</code>[39m
      [36m</div>[39m
    [36m</div>[39m
    [36m<div[39m
      [33mclass[39m=[32m"ff-property-row"[39m
    [36m>[39m
      [36m<span>[39m
        [0mStatus[0m
      [36m</span>[39m
      [36m<div>[39m
        [36m<span>[39m
          [0mFAILED[0m
        [36m</span>[39m
      [36m</div>[39m
    [36m</div>[39m
    [36m<div[39m
      [33mclass[39m=[32m"ff-property-row"[39m
    [36m>[39m
      [36m<span>[39m
        [0mRender version[0m
      [36m</span>[39m
      [36m<div>[39m
        [36m<span>[39m
          [0mrender-v3[0m
        [36m</span>[39m
      [36m</div>[39m
    [36m</div>[39m
    [36m<div[39m
      [33mclass[39m=[32m"ff-property-row"[39m
    [36m>[39m
      [36m<span>[39m
        [0mSource kind[0m
      [36m</span>[39m
      [36m<div>[39m
        [36m<span>[39m
          [0mTIMELINE_REVISION[0m
        [36m</span>[39m
      [36m</div>[39m
    [36m</div>[39m
    [36m<div[39m
      [33mclass[39m=[32m"ff-property-row"[39m
    [36m>[39m
      [36m<span>[39m
        [0mSource ID[0m
      [36m</span>[39m
      [36m<div>[39m
        [36m<code>[39m
          [0mrevision-social[0m
        [36m</code>[39m
      [36m</div>[39m
    [36m</div>[39m
    [36m<div[39m
      [33mclass[39m=[32m"ff-property-row"[39m
    [36m>[39m
      [36m<span>[39m
        [0mSource version[0m
      [36m</span>[39m
      [36m<div>[39m
        [36m<span>[39m
          [0mNot supplied[0m
        [36m</span>[39m
      [36m</div>[39m
    [36m</div>[39m
  [36m</section>[39m
  [36m<section[39m
    [33mclass[39m=[32m"ff-render-detail-section"[39m
  [36m>[39m
    [36m<h3>[39m
      [0mSource times[0m
    [36m</h3>[39m
    [36m<div[39m
      [33mclass[39m=[32m"ff-property-row"[39m
    [36m>[39m
      [36m<span>[39m
        [0mCreated[0m
      [36m</span>[39m
      [36m<div>[39m
        [36m<span>[39m
          [36m<time[39m
            [33mdatetime[39m=[32m"2026-09-08T02:00:00Z"[39m
          [36m>[39m
            [0m2026-09-08T02:00:00Z[0m
          [36m</time>[39m
        [36m</span>[39m
      [36m</div>[39m
    [36m</div>[39m
    [36m<div[39m
      [33mclass[39m=[32m"ff-property-row"[39m
    [36m>[39m
      [36m<span>[39m
        [0mUpdated[0m
      [36m</span>[39m
      [36m<div>[39m
        [36m<span>[39m
          [36m<time[39m
            [33mdatetime[39m=[32m"2026-09-08T02:02:00Z"[39m
          [36m>[39m
            [0m2026-09-08T02:02:00Z[0m
          [36m</time>[39m
        [36m</span>[39m
      [36m</div>[39m
    [36m</div>[39m
    [36m<div[39m
      [33mclass[39m=[32m"ff-property-row"[39m
    [36m>[39m
      [36m<span>[39m
        [0mStarted[0m
      [36m</span>[39m
      [36m<div>[39m
        [36m<span>[39m
          [36m<time[39m
            [33mdatetime[39m=[32m"2026-09-08T02:01:00Z"[39m
          [36m>[39m
            [0m2026-09-08T02:01:00Z[0m
          [36m</time>[39m
        [36m</span>[39m
      [36m</div>[39m
    [36m</div>[39m
    [36m<div[39m
      [33mclass[39m=[32m"ff-property-row"[39m
    [36m>[39m
      [36m<span>[39m
        [0mEnded[0m
      [36m</span>[39m
      [36m<div>[39m
        [36m<span>[39m
          [36m<time[39m
            [33mdatetime[39m=[32m"2026-09-08T02:02:00Z"[39m
          [36m>[39m
            [0m2026-09-08T02:02:00Z[0m
          [36m</time>[39m
        [36m</span>[39m
      [36m</div>[39m
    [36m</div>[39m
    [36m<div[39m
      [33mclass[39m=[32m"ff-property-row"[39m
    [36m>[39m
      [36m<span>[39m
        [0mLast successful frontend fetch[0m
      [36m</span>[39m
      [36m<div>[39m
        [36m<span>[39m
          [0m2026-09-08T15:44:08.860Z[0m
        [36m</span>[39m
      [36m</div>[39m
    [36m</div>[39m
    [36m<p>[39m
      [0mSource times are displayed literally. Frontend fetch time is separate and never substitutes for a source time.[0m
    [36m</p>[39m
  [36m</section>[39m
  [36m<section[39m
    [33mclass[39m=[32m"ff-render-detail-section"[39m
  [36m>[39m
    [36m<h3>[39m
      [0mProgress[0m
    [36m</h3>[39m
    [36m<p>[39m
      [0mInvalid supplied progress[0m
    [36m</p>[39m
    [36m<div[39m
      [33mclass[39m=[32m"ff-property-row"[39m
    [36m>[39m
      [36m<span>[39m
        [0mStage[0m
      [36m</span>[39m
      [36m<div>[39m
        [36m<span>[39m
          [0mEncode[0m
        [36m</span>[39m
      [36m</div>[39m
    [36m</div>[39m
  [36m</section>[39m
  [36m<section[39m
    [33mclass[39m=[32m"ff-render-detail-section"[39m
  [36m>[39m
    [36m<h3>[39m
      [0mRelated task[0m
    [36m</h3>[39m
    [36m<div[39m
      [33mclass[39m=[32m"ff-property-row"[39m
    [36m>[39m
      [36m<span>[39m
        [0mTask ID[0m
      [36m</span>[39m
      [36m<div>[39m
        [36m<code>[39m
          [0mtask-social[0m
        [36m</code>[39m
      [36m</div>[39m
    [36m</div>[39m
    [36m<div[39m
      [33mclass[39m=[32m"ff-property-row"[39m
    [36m>[39m
      [36m<span>[39m
        [0mTask status[0m
      [36m</span>[39m
      [36m<div>[39m
        [36m<span>[39m
          [0mTASK_FAILED[0m
        [36m</span>[39m
      [36m</div>[39m
    [36m</div>[39m
    [36m<div[39m
      [33mclass[39m=[32m"ff-property-row"[39m
    [36m>[39m
      [36m<span>[39m
        [0mTask version[0m
      [36m</span>[39m
      [36m<div>[39m
        [36m<span>[39m
          [0mNot supplied[0m
        [36m</span>[39m
      [36m</div>[39m
    [36m</div>[39m
    [36m<h4>[39m
      [0mTask failure[0m
    [36m</h4>[39m
    [36m<div[39m
      [33mclass[39m=[32m"ff-render-failure"[39m
    [36m>[39m
      [36m<div[39m
        [33mclass[39m=[32m"ff-property-row"[39m
      [36m>[39m
        [36m<span>[39m
          [0mUser-safe summary[0m
        [36m</span>[39m
        [36m<div>[39m
          [36m<span>[39m
            [0mEncoder rejected supplied media[0m
          [36m</span>[39m
        [36m</div>[39m
      [36m</div>[39m
      [36m<div[39m
        [33mclass[39m=[32m"ff-property-row"[39m
      [36m>[39m
        [36m<span>[39m
          [0mCode[0m
        [36m</span>[39m
        [36m<div>[39m
          [36m<span>[39m
            [0mMEDIA_REJECTED[0m
          [36m</span>[39m
        [36m</div>[39m
      [36m</div>[39m
      [36m<div[39m
        [33mclass[39m=[32m"ff-property-row"[39m
      [36m>[39m
        [36m<span>[39m
          [0mTime[0m
        [36m</span>[39m
        [36m<div>[39m
          [36m<span>[39m
            [36m<time[39m
              [33mdatetime[39m=[32m"2026-09-08T02:02:00Z"[39m
            [36m>[39m
              [0m2026-09-08T02:02:00Z[0m
            [36m</time>[39m
          [36m</span>[39m
        [36m</div>[39m
      [36m</div>[39m
    [36m</div>[39m
  [36m</section>[39m
  [36m<section[39m
    [33mclass[39m=[32m"ff-render-detail-section"[39m
  [36m>[39m
    [36m<h3>[39m
      [0mAttempts[0m
    [36m</h3>[39m
    [36m<p>[39m
      [0mSource reports the attempt records complete.[0m
    [36m</p>[39m
    [36m<ol[39m
      [33mclass[39m=[32m"ff-render-attempts"[39m
    [36m>[39m
      [36m<li>[39m
        [36m<h4>[39m
          [0mAttempt 1[0m
        [36m</h4>[39m
        [36m<div[39m
          [33mclass[39m=[32m"ff-property-row"[39m
        [36m>[39m
          [36m<span>[39m
            [0mAttempt ID[0m
          [36m</span>[39m
          [36m<div>[39m
            [36m<code>[39m
              [0mattempt-social-1[0m
            [36m</code>[39m
          [36m</div>[39m
        [36m</div>[39m
        [36m<div[39m
          [33mclass[39m=[32m"ff-property-row"[39m
        [36m>[39m
          [36m<span>[39m
            [0mAttempt status[0m
          [36m</span>[39m
          [36m<div>[39m
            [36m<span>[39m
              [0mATTEMPT_FAILED[0m
            [36m</span>[39m
          [36m</div>[39m
        [36m</div>[39m
        [36m<div[39m
          [33mclass[39m=[32m"ff-property-row"[39m
        [36m>[39m
          [36m<span>[39m
            [0mTask ID[0m
          [36m</span>[39m
          [36m<div>[39m
            [36m<code>[39m
              [0mtask-social[0m
            [36m</code>[39m
          [36m</div>[39m
        [36m</div>[39m
        [36m<div[39m
          [33mclass[39m=[32m"ff-property-row"[39m
        [36m>[39m
          [36m<span>[39m
            [0mParent attempt ID[0m
          [36m</span>[39m
          [36m<div>[39m
            [36m<span>[39m
              [0mNot supplied[0m
            [36m</span>[39m
          [36m</div>[39m
        [36m</div>[39m
        [36m<div[39m
          [33mclass[39m=[32m"ff-property-row"[39m
        [36m>[39m
          [36m<span>[39m
            [0mRetry-of attempt ID[0m
          [36m</span>[39m
          [36m<div>[39m
            [36m<span>[39m
              [0mNot supplied[0m
            [36m</span>[39m
          [36m</div>[39m
        [36m</div>[39m
        [36m<div[39m
          [33mclass[39m=[32m"ff-render-failure"[39m
        [36m>[39m
          [36m<div[39m
            [33mclass[39m=[32m"ff-property-row"[39m
          [36m>[39m
            [36m<span>[39m
              [0mUser-safe summary[0m
            [36m</span>[39m
            [36m<div>[39m
              [36m<span>[39m
                [0mEncoder rejected supplied media[0m
              [36m</span>[39m
            [36m</div>[39m
          [36m</div>[39m
          [36m<div[39m
            [33mclass[39m=[32m"ff-property-row"[39m
          [36m>[39m
            [36m<span>[39m
              [0mCode[0m
            [36m</span>[39m
            [36m<div>[39m
              [36m<span>[39m
                [0mMEDIA_REJECTED[0m
              [36m</span>[39m
            [36m</div>[39m
          [36m</div>[39m
          [36m<div[39m
            [33mclass[39m=[32m"ff-property-row"[39m
          [36m>[39m
            [36m<span>[39m
              [0mTime[0m
            [36m</span>[39m
            [36m<div>[39m
              [36m<span>[39m
                [36m<time[39m
                  [33mdatetime[39m=[32m"2026-09-08T02:02:00Z"[39m
                [36m>[39m
                  [0m2026-09-08T02:02:00Z[0m
                [36m</time>[39m
              [36m</span>[39m
            [36m</div>[39m
          [36m</div>[39m
        [36m</div>[39m
      [36m</li>[39m
    [36m</ol>[39m
  [36m</section>[39m
  [36m<section[39m
    [33mclass[39m=[32m"ff-render-detail-section"[39m
  [36m>[39m
    [36m<h3>[39m
      [0mArtifacts[0m
    [36m</h3>[39m
    [36m<p>[39m
      [0mSource supplied an empty Artifact collection.[0m
    [36m</p>[39m
  [36m</section>[39m
  [36m<p[39m
    [33mclass[39m=[32m"ff-render-readonly-limit"[39m
  [36m>[39m
    [0mNo submit, cancel, retry, rerender, delete, publish, workflow, timeline, download, provider, worker, billing, quota, or canonical write is available here.[0m
  [36m</p>[39m
[36m</section>[39m
 ❯ Object.getElementError node_modules/@testing-library/dom/dist/config.js:37:19
 ❯ getElementError node_modules/@testing-library/dom/dist/query-helpers.js:20:35
 ❯ getMultipleElementsFoundError node_modules/@testing-library/dom/dist/query-helpers.js:23:10
 ❯ node_modules/@testing-library/dom/dist/query-helpers.js:55:13
 ❯ node_modules/@testing-library/dom/dist/query-helpers.js:95:19
 ❯ src/product/render-browser/RenderBrowser.test.tsx:86:27
     84|     expect(within(dialog).getByText('TASK_FAILED')).toBeTruthy()
     85|     expect(within(dialog).getByText('ATTEMPT_FAILED')).toBeTruthy()
     86|     expect(within(dialog).getByText('Encoder rejected supplied media')…
       |                           ^
     87|     expect(within(dialog).getByText('Invalid supplied progress')).toBe…
     88|     expect(within(dialog).getByText('Source supplied an empty Artifact…

⎯⎯⎯⎯⎯⎯⎯⎯⎯⎯⎯⎯⎯⎯⎯⎯⎯⎯⎯⎯⎯⎯⎯⎯[2/4]⎯

 FAIL  src/product/render-browser/RenderBrowser.test.tsx > RenderBrowser observability workflow > uses one stable Refresh/Cancel/Retry control, preserves filters, drops cancelled replies and never steals moved focus
TestingLibraryElementError: Unable to find an accessible element with the role "searchbox" and name "Search renders"

Here are the accessible roles:

  button:

  Name "Stable focus":
  [36m<button[39m
    [33mtype[39m=[32m"button"[39m
  [36m/>[39m

  Name "Retry loading":
  [36m<button[39m
    [33mclass[39m=[32m"ff-button ff-button--secondary "[39m
  [36m/>[39m

  --------------------------------------------------
  region:

  Name "Single-Project Render observability":
  [36m<section[39m
    [33maria-label[39m=[32m"Single-Project Render observability"[39m
    [33mclass[39m=[32m"ff-render-browser"[39m
  [36m/>[39m

  Name "Render source error":
  [36m<section[39m
    [33maria-busy[39m=[32m"false"[39m
    [33maria-labelledby[39m=[32m"_r_a_"[39m
    [33maria-live[39m=[32m"polite"[39m
    [33mclass[39m=[32m"ff-state ff-state--error"[39m
  [36m/>[39m

  --------------------------------------------------
  banner:

  Name "":
  [36m<header[39m
    [33mclass[39m=[32m"ff-render-browser-heading"[39m
  [36m/>[39m

  --------------------------------------------------
  heading:

  Name "Render observability":
  [36m<h1 />[39m

  Name "Render source error":
  [36m<h2[39m
    [33mid[39m=[32m"_r_a_"[39m
  [36m/>[39m

  --------------------------------------------------
  paragraph:

  Name "":
  [36m<p />[39m

  Name "":
  [36m<p[39m
    [33mclass[39m=[32m"ff-render-origin ff-render-origin--real"[39m
  [36m/>[39m

  Name "":
  [36m<p[39m
    [33mclass[39m=[32m"ff-render-boundary"[39m
  [36m/>[39m

  Name "":
  [36m<p />[39m

  Name "":
  [36m<p[39m
    [33mclass[39m=[32m"ff-render-opaque"[39m
  [36m/>[39m

  --------------------------------------------------
  group:

  Name "":
  [36m<details[39m
    [33mclass[39m=[32m"ff-render-scope"[39m
  [36m/>[39m

  --------------------------------------------------
  term:

  Name "":
  [36m<dt />[39m

  --------------------------------------------------
  definition:

  Name "":
  [36m<dd />[39m

  --------------------------------------------------
  code:

  Name "":
  [36m<code />[39m

  --------------------------------------------------

Ignored nodes: comments, script, style
[36m<body>[39m
  [36m<div>[39m
    [36m<button[39m
      [33mtype[39m=[32m"button"[39m
    [36m>[39m
      [0mStable focus[0m
    [36m</button>[39m
    [36m<section[39m
      [33maria-label[39m=[32m"Single-Project Render observability"[39m
      [33mclass[39m=[32m"ff-render-browser"[39m
    [36m>[39m
      [36m<header[39m
        [33mclass[39m=[32m"ff-render-browser-heading"[39m
      [36m>[39m
        [36m<div>[39m
          [36m<span>[39m
            [0mOperations · read-only[0m
          [36m</span>[39m
          [36m<h1>[39m
            [0mRender observability[0m
          [36m</h1>[39m
          [36m<p>[39m
            [0mDiscover and inspect source-supplied Render, task, attempt, failure and Artifact metadata for one explicit Project. This view cannot control execution.[0m
          [36m</p>[39m
        [36m</div>[39m
        [36m<button[39m
          [33mclass[39m=[32m"ff-button ff-button--secondary "[39m
        [36m>[39m
          [0mRetry loading[0m
        [36m</button>[39m
      [36m</header>[39m
      [36m<p[39m
        [33mclass[39m=[32m"ff-render-origin ff-render-origin--real"[39m
      [36m>[39m
        [36m<span[39m
          [33mclass[39m=[32m"ff-badge ff-badge--neutral"[39m
        [36m>[39m
          [0mCONNECTED READ-ONLY SOURCE · identity, access and Project scope are supplied by the host[0m
        [36m</span>[39m
      [36m</p>[39m
      [36m<details[39m
        [33mclass[39m=[32m"ff-render-scope"[39m
      [36m>[39m
        [36m<summary>[39m
          [0mSupplied scope[0m
        [36m</summary>[39m
        [36m<dl>[39m
          [36m<dt>[39m
            [0mProject ID[0m
          [36m</dt>[39m
          [36m<dd>[39m
            [36m<code>[39m
              [0mproject-1[0m
            [36m</code>[39m
          [36m</dd>[39m
        [36m</dl>[39m
      [36m</details>[39m
      [36m<p[39m
        [33mclass[39m=[32m"ff-render-boundary"[39m
      [36m>[39m
        [0mOnly source-supplied values are shown. This current snapshot is not a global inventory, history, or execution authority.[0m
      [36m</p>[39m
      [36m<section[39m
        [33maria-busy[39m=[32m"false"[39m
        [33maria-labelledby[39m=[32m"_r_a_"[39m
        [33maria-live[39m=[32m"polite"[39m
        [33mclass[39m=[32m"ff-state ff-state--error"[39m
      [36m>[39m
        [36m<span[39m
          [33mclass[39m=[32m"ff-state__code"[39m
        [36m>[39m
          [0mERROR[0m
        [36m</span>[39m
        [36m<h2[39m
          [33mid[39m=[32m"_r_a_"[39m
        [36m>[39m
          [0mRender source error[0m
        [36m</h2>[39m
        [36m<div>[39m
          [36m<p>[39m
            [0mThe source request failed. Retry to request a fresh snapshot.[0m
          [36m</p>[39m
          [36m<p[39m
            [33mclass[39m=[32m"ff-render-opaque"[39m
          [36m>[39m
            [0m&lt;opaque error&gt;[0m
          [36m</p>[39m
        [36m</div>[39m
      [36m</section>[39m
    [36m</section>[39m
  [36m</div>[39m
[36m</body>[39m
 ❯ Object.getElementError node_modules/@testing-library/dom/dist/config.js:37:19
 ❯ node_modules/@testing-library/dom/dist/query-helpers.js:76:38
 ❯ node_modules/@testing-library/dom/dist/query-helpers.js:52:17
 ❯ node_modules/@testing-library/dom/dist/query-helpers.js:95:19
 ❯ src/product/render-browser/RenderBrowser.test.tsx:122:20
    120|     expect(screen.getByRole('button', { name: 'Retry loading' })).toBe…
    121|     expect(document.activeElement).toBe(stable)
    122|     expect((screen.getByRole('searchbox', { name: 'Search renders' }) …
       |                    ^
    123| 
    124|     const cancelled = deferred<unknown>(); let cancelledRequest!: Rend…

⎯⎯⎯⎯⎯⎯⎯⎯⎯⎯⎯⎯⎯⎯⎯⎯⎯⎯⎯⎯⎯⎯⎯⎯[3/4]⎯

 FAIL  src/product/render-browser/source.test.ts > bounded Render observability projection > searches only supplied ID/name, uses source-supported statuses, and sorts stably by name then ID
AssertionError: expected [ 'render-z', 'render-a', 'render-b' ] to deeply equal [ 'render-a', 'render-b', 'render-z' ]

- Expected
+ Received

  [
+   "render-z",
    "render-a",
    "render-b",
-   "render-z",
  ]

 ❯ src/product/render-browser/source.test.ts:72:138
     70|     expect(selectRenderJobs(jobs, { query: 'timeline-z', status: '', o…
     71|     expect(selectRenderJobs(jobs, { query: '', status: 'VENDOR_WARMING…
     72|     expect(selectRenderJobs([...jobs, { ...jobs[1], id: 'render-b' }],…
       |                                                                                                                                          ^
     73|     expect(renderStatusValues(receipt().boundary)).toEqual(['QUEUED', …
     74|   })

⎯⎯⎯⎯⎯⎯⎯⎯⎯⎯⎯⎯⎯⎯⎯⎯⎯⎯⎯⎯⎯⎯⎯⎯[4/4]⎯


 Test Files  2 failed | 1 passed (3)
      Tests  4 failed | 46 passed (50)
   Start at  23:44:06
   Duration  2.61s (transform 834ms, setup 0ms, collect 1.77s, tests 963ms, environment 764ms, prepare 333ms)

[?25h
Script done on 2026-09-08 23:44:09+08:00 [COMMAND_EXIT_CODE="1"]
