Script started on 2026-09-08 23:55:21+08:00 [COMMAND="node scripts/frontend-architecture-guard.test.mjs" <not executed on terminal>]
FRONTEND_ARCHITECTURE_POSITIVE_CONTROL=PASS files=200
PRODUCT_CURRENT_REVISION_ID_FRONTEND_USAGE_COUNT_NEGATIVE_CONTROL=PASS residue=0
CLIENT_LATEST_HEAD_INFERENCE_COUNT_NEGATIVE_CONTROL=PASS residue=0
CLIENT_CANONICAL_ACTOR_AUTHORITY_COUNT_NEGATIVE_CONTROL=PASS residue=0
CLIENT_CANONICAL_TENANT_OVERRIDE_COUNT_NEGATIVE_CONTROL=PASS residue=0
NEW_FRONTEND_GENERIC_PATCH_USAGE_COUNT_NEGATIVE_CONTROL=PASS residue=0
PHYSICAL_STORAGE_URI_AS_ENTITY_ID_COUNT_NEGATIVE_CONTROL=PASS residue=0
PROVIDER_KEY_AS_ARTIFACT_ID_COUNT_NEGATIVE_CONTROL=PASS residue=0
CLIENT_CANONICAL_MERGE_AUTHORITY_COUNT_NEGATIVE_CONTROL=PASS residue=0
H8_INTERNAL_IMPLEMENTATION_FRONTEND_DEPENDENCY_COUNT_NEGATIVE_CONTROL=PASS residue=0
UNSTABLE_ROUTE_DIRECT_COMPONENT_CALL_COUNT_NEGATIVE_CONTROL=PASS residue=0
POST_H7_AUTHENTICATED_TENANT_AND_READ_ONLY_COMPARE_CONTROL=PASS residue=0
FRONTEND_CONCRETE_FFMPEG_AUTHORITY_COUNT_NEGATIVE_CONTROL=PASS residue=0
FRONTEND_PLAN_NAME_FEATURE_AUTHORITY_COUNT_NEGATIVE_CONTROL=PASS residue=0
FRONTEND_LOCAL_CAN_RUN_DECISION_COUNT_NEGATIVE_CONTROL=PASS residue=0
FRONTEND_DUPLICATE_CANONICAL_TIMELINE_AUTHORITY_COUNT_NEGATIVE_CONTROL=PASS residue=0
FRONTEND_CANONICAL_DOMAIN_SHADOW_COUNT_NEGATIVE_CONTROL=PASS residue=0
FRONTEND_PROVIDER_SELECTION_AUTHORITY_COUNT_NEGATIVE_CONTROL=PASS residue=0
FRONTEND_DIRECT_CANONICAL_MUTATION_BYPASS_COUNT_NEGATIVE_CONTROL=PASS residue=0
FRONTEND_PROVIDER_INTERNAL_GRAPH_AUTHORITY_COUNT_NEGATIVE_CONTROL=PASS residue=0
FRONTEND_SYNTHETIC_WORKSPACE_SCOPE_COUNT_NEGATIVE_CONTROL=PASS residue=0
FRONTEND_SYNTHETIC_WORKSPACE_SCOPE_COUNT_NEGATIVE_CONTROL=PASS residue=0
FRONTEND_ACTIVE_UNSCOPED_RENDER_API_COUNT_NEGATIVE_CONTROL=PASS residue=0
FRONTEND_ACTIVE_UNSCOPED_RENDER_API_COUNT_NEGATIVE_CONTROL=PASS residue=0
FRONTEND_STALE_RENDER_STATUS_SHADOW_COUNT_NEGATIVE_CONTROL=PASS residue=0
FRONTEND_RAW_STORAGE_PRODUCT_FIELD_COUNT_sourceUrl_NEGATIVE_CONTROL=PASS residue=0
FRONTEND_RAW_STORAGE_PRODUCT_FIELD_COUNT_storageUri_NEGATIVE_CONTROL=PASS residue=0
FRONTEND_RAW_STORAGE_PRODUCT_FIELD_COUNT_storageKey_NEGATIVE_CONTROL=PASS residue=0
FRONTEND_RAW_STORAGE_PRODUCT_FIELD_COUNT_objectKey_NEGATIVE_CONTROL=PASS residue=0
FRONTEND_RAW_STORAGE_PRODUCT_FIELD_COUNT_bucket_NEGATIVE_CONTROL=PASS residue=0
FRONTEND_RAW_STORAGE_PRODUCT_FIELD_COUNT_assetUri_NEGATIVE_CONTROL=PASS residue=0
FRONTEND_EXPLICIT_NON_PRODUCT_SURFACE_EXCLUSION_CONTROL=PASS residue=0
FRONTEND_ARCHITECTURE_EMPTY_UNIVERSE_NEGATIVE_CONTROL=PASS residue=0
✔ governed frontend passes with all authority counts at zero (915.14071ms)
✔ localization guard rejects direct vendor imports and migrated hardcoded chrome (2.413ms)
✔ localization boundary rejects product integration imports, dynamic imports, public re-exports, and JSX copy (2.879324ms)
✔ localization boundary permits only main composition to config and bounded integration internals (1.802372ms)
✔ localization source manifest is strict and detects a missing required English key (2.115575ms)
✔ localization source-key validation is namespace-aware, English-only, comment-safe, and fail-closed (1.108512ms)
✔ OLD_IMPORT_COUNT rejects reintroduced legacy usage (0.894407ms)
✔ OLD_COMPONENT_USAGE_COUNT rejects reintroduced legacy usage (0.902789ms)
✔ OLD_SCHEMA_USAGE_COUNT rejects reintroduced legacy usage (1.211148ms)
✔ OLD_ROUTE_COUNT rejects an increase above the preserved compatibility ceiling (2.053509ms)
✔ path ledger reconciliation detects unclassified, stale, and duplicate paths (9.402078ms)
✔ ignored physical log is not ledger-required (48.940929ms)
✔ absent ignored log with a correct ledger does not create a stale row (54.636342ms)
✔ nonignored unclassified path still fails reconciliation (57.077559ms)
✔ tracked path missing from the ledger still fails reconciliation (66.318945ms)
✔ ledger row for a tracked but physically missing path stays stale (66.755777ms)
✔ duplicate ledger path still fails reconciliation (54.400095ms)
✔ explicitly tracked ignored-name file remains governed (67.592747ms)
✔ PRODUCT_CURRENT_REVISION_ID_FRONTEND_USAGE_COUNT rejects its post-H7 negative control and leaves zero residue (3.552341ms)
✔ CLIENT_LATEST_HEAD_INFERENCE_COUNT rejects its post-H7 negative control and leaves zero residue (2.487856ms)
✔ CLIENT_CANONICAL_ACTOR_AUTHORITY_COUNT rejects its post-H7 negative control and leaves zero residue (2.24776ms)
✔ CLIENT_CANONICAL_TENANT_OVERRIDE_COUNT rejects its post-H7 negative control and leaves zero residue (2.07935ms)
✔ NEW_FRONTEND_GENERIC_PATCH_USAGE_COUNT rejects its post-H7 negative control and leaves zero residue (2.047649ms)
✔ PHYSICAL_STORAGE_URI_AS_ENTITY_ID_COUNT rejects its post-H7 negative control and leaves zero residue (2.022635ms)
✔ PROVIDER_KEY_AS_ARTIFACT_ID_COUNT rejects its post-H7 negative control and leaves zero residue (1.435781ms)
✔ CLIENT_CANONICAL_MERGE_AUTHORITY_COUNT rejects its post-H7 negative control and leaves zero residue (1.631145ms)
✔ H8_INTERNAL_IMPLEMENTATION_FRONTEND_DEPENDENCY_COUNT rejects its post-H7 negative control and leaves zero residue (1.635903ms)
✔ UNSTABLE_ROUTE_DIRECT_COMPONENT_CALL_COUNT rejects its post-H7 negative control and leaves zero residue (1.337525ms)
✔ post-H7 rules allow authenticated tenant path scope and read-only server compare (1.582287ms)
✔ CLIENT_CANONICAL_ACTOR_AUTHORITY_COUNT rejects actor shorthand on a governed runtime bridge (1.280715ms)
✔ CLIENT_CANONICAL_ACTOR_AUTHORITY_COUNT rejects quoted actor key on a governed runtime bridge (1.064742ms)
✔ CLIENT_CANONICAL_ACTOR_AUTHORITY_COUNT rejects computed actor key on a governed runtime bridge (0.910447ms)
✔ CLIENT_CANONICAL_ACTOR_AUTHORITY_COUNT rejects actor alias on a governed runtime bridge (0.990812ms)
✔ CLIENT_CANONICAL_TENANT_OVERRIDE_COUNT rejects tenant shorthand request body on a governed runtime bridge (0.939304ms)
✔ CLIENT_CANONICAL_TENANT_OVERRIDE_COUNT rejects computed tenant override on a governed runtime bridge (0.939827ms)
✔ CLIENT_CANONICAL_TENANT_OVERRIDE_COUNT rejects quoted tenant header on a governed runtime bridge (0.965989ms)
✔ CLIENT_CANONICAL_TENANT_OVERRIDE_COUNT rejects tenant alias on a governed runtime bridge (0.996806ms)
✔ CLIENT_CANONICAL_TENANT_OVERRIDE_COUNT rejects split tenant payload declaration on a governed runtime bridge (1.109855ms)
✔ POST_H7_AXIOS_IMPORT_BYPASS_COUNT rejects aliased Axios import on a governed runtime bridge (1.066305ms)
✔ POST_H7_VERSIONLESS_TRANSPORT_IMPORT_BYPASS_COUNT rejects aliased versionless transport import on a governed runtime bridge (1.08866ms)
✔ UNSTABLE_ROUTE_DIRECT_COMPONENT_CALL_COUNT rejects raw unstable route on a governed runtime bridge (0.984104ms)
✔ UNSTABLE_ROUTE_DIRECT_COMPONENT_CALL_COUNT rejects composed unstable route on a governed runtime bridge (1.031772ms)
✔ UNSTABLE_ROUTE_DIRECT_COMPONENT_CALL_COUNT rejects alternate transport client call on a governed runtime bridge (1.09008ms)
✔ UNSTABLE_ROUTE_DIRECT_COMPONENT_CALL_COUNT rejects dynamic transport method on a governed runtime bridge (1.0208ms)
✔ UNSTABLE_ROUTE_DIRECT_COMPONENT_CALL_COUNT rejects transport method alias on a governed runtime bridge (0.865437ms)
✔ UNSTABLE_ROUTE_DIRECT_COMPONENT_CALL_COUNT rejects destructured transport alias on a governed runtime bridge (1.057345ms)
✔ tenant authority guard allows authenticated ProjectContext projection and gateway path scope (1.52031ms)
✔ api/app runtime allowlist rejects an unexpected non-test TypeScript module (2.930321ms)
✔ hostile A: an unallowlisted nested api/app .ts runtime fails closed (2.983132ms)
✔ hostile B: an unallowlisted nested api/app .tsx runtime fails closed (3.108304ms)
✔ hostile C: post-H7 authority rules scan forbidden patterns in nested api/app runtime (1.173025ms)
✔ hostile D: nested api/app test modules are excluded from runtime inventory (2.81059ms)
✔ hostile E: nested api/app declaration modules are excluded from runtime inventory (2.839475ms)
✔ hostile F: an unseen arbitrarily deep api/app directory cannot escape classification (3.240379ms)
✔ post-H7 governed path manifest fails closed when one expected runtime path is omitted (6.462215ms)
✔ FRONTEND_CONCRETE_FFMPEG_AUTHORITY_COUNT rejects FRONTEND_CONCRETE_FFMPEG_AUTHORITY_COUNT and leaves zero residue (0.964311ms)
✔ FRONTEND_PLAN_NAME_FEATURE_AUTHORITY_COUNT rejects FRONTEND_PLAN_NAME_FEATURE_AUTHORITY_COUNT and leaves zero residue (0.888712ms)
✔ FRONTEND_LOCAL_CAN_RUN_DECISION_COUNT rejects FRONTEND_LOCAL_CAN_RUN_DECISION_COUNT and leaves zero residue (1.021284ms)
✔ FRONTEND_DUPLICATE_CANONICAL_TIMELINE_AUTHORITY_COUNT rejects FRONTEND_DUPLICATE_CANONICAL_TIMELINE_AUTHORITY_COUNT and leaves zero residue (0.88408ms)
✔ FRONTEND_CANONICAL_DOMAIN_SHADOW_COUNT rejects FRONTEND_CANONICAL_DOMAIN_SHADOW_COUNT and leaves zero residue (0.988638ms)
✔ FRONTEND_PROVIDER_SELECTION_AUTHORITY_COUNT rejects FRONTEND_PROVIDER_SELECTION_AUTHORITY_COUNT and leaves zero residue (0.91875ms)
✔ FRONTEND_DIRECT_CANONICAL_MUTATION_BYPASS_COUNT rejects FRONTEND_DIRECT_CANONICAL_MUTATION_BYPASS_COUNT and leaves zero residue (0.880852ms)
✔ FRONTEND_PROVIDER_INTERNAL_GRAPH_AUTHORITY_COUNT rejects FRONTEND_PROVIDER_INTERNAL_GRAPH_AUTHORITY_COUNT and leaves zero residue (0.881033ms)
✔ FRONTEND_SYNTHETIC_WORKSPACE_SCOPE_COUNT rejects tenant synthetic default and leaves zero residue (1.107599ms)
✔ FRONTEND_SYNTHETIC_WORKSPACE_SCOPE_COUNT rejects project synthetic default and leaves zero residue (1.141223ms)
✔ FRONTEND_ACTIVE_UNSCOPED_RENDER_API_COUNT rejects nested unscoped artifact endpoint and leaves zero residue (0.89652ms)
✔ FRONTEND_ACTIVE_UNSCOPED_RENDER_API_COUNT rejects nested unscoped artifact mutation and leaves zero residue (0.865197ms)
✔ FRONTEND_STALE_RENDER_STATUS_SHADOW_COUNT rejects stale render status shadow and leaves zero residue (1.020294ms)
✔ FRONTEND_RAW_STORAGE_PRODUCT_FIELD_COUNT rejects sourceUrl and leaves zero residue (1.077659ms)
✔ FRONTEND_RAW_STORAGE_PRODUCT_FIELD_COUNT rejects storageUri and leaves zero residue (0.886081ms)
✔ FRONTEND_RAW_STORAGE_PRODUCT_FIELD_COUNT rejects storageKey and leaves zero residue (0.880226ms)
✔ FRONTEND_RAW_STORAGE_PRODUCT_FIELD_COUNT rejects objectKey and leaves zero residue (0.868181ms)
✔ FRONTEND_RAW_STORAGE_PRODUCT_FIELD_COUNT rejects bucket and leaves zero residue (0.86862ms)
✔ FRONTEND_RAW_STORAGE_PRODUCT_FIELD_COUNT rejects assetUri and leaves zero residue (0.863889ms)
✔ FRONTEND_DIRECT_STORAGE_URI_USE_COUNT rejects a baseline increase (0.980273ms)
✔ FRONTEND_SCATTERED_NATIVE_FETCH_COUNT rejects a baseline increase (0.886358ms)
✔ FRONTEND_DUPLICATE_CANONICAL_DTO_AUTHORITY_COUNT rejects a baseline increase (0.92971ms)
✔ FRONTEND_UNCLASSIFIED_DOMAIN_MODEL_COUNT rejects a baseline increase (0.832037ms)
✔ FRONTEND_COMMERCIAL_AUTHORITY_COUNT rejects a baseline increase (0.780992ms)
✔ FRONTEND_RUNTIME_ELIGIBILITY_AUTHORITY_COUNT rejects a baseline increase (0.809928ms)
✔ active product rules exclude explicit admin, developer, and operator surfaces (1.385773ms)
✔ guard fails closed on an empty scan universe (0.719067ms)
✔ selection structural boundary rejects product/another/Untyped.tsx: import { useState as state } from 'react'; const [selectedIds, setSelectedIds] = state([]) (1.469669ms)
✔ selection structural boundary rejects product/canvas/Other.ts: function relabel(reference) { reference.label = 'Canonical' } (1.121752ms)
✔ selection structural boundary rejects product/canvas/Other.ts: const edge = { meaning: 'DEPENDENCY' } (1.087387ms)
✔ selection structural boundary rejects product/another/Panel.tsx: import { createInteractionStore as make } from '../../interaction/model'; const privateStore = make({ surfaceId: 'canvas' }) (1.367319ms)
✔ selection structural boundary rejects interaction/Other.tsx: import { createContext } from 'react'; import type { InteractionStore } from './model'; const another = createContext<InteractionStore | null>(null) (1.111492ms)
✔ selection structural boundary rejects product/another/Panel.tsx: import { useState } from 'react'; import type { SelectionState } from '../../interaction/model'; const [privateSelection] = useState<SelectionState>() (1.286493ms)
✔ selection structural boundary rejects product/canvas/Model.ts: interface ExtraState { selectedPresentationId: string | null } (0.974093ms)
✔ selection structural boundary rejects product/canvas/Model.ts: function rename(state, title) { return { ...state, references: state.references.map(ref => ({ ...ref, label: title })) } } (1.225102ms)
✔ selection structural boundary rejects product/canvas/Other.ts: import { apply } from '../../api/app/operation.gateway' (1.026271ms)
✔ selection structural boundary rejects interaction/Other.ts: export { ApplyContext } from '../../workflow-module/internal' (0.81934ms)
✔ selection structural boundary rejects interaction/Other.ts: const result = { status: 'APPLIED', planDigest: 'fake' } (0.980078ms)
✔ selection structural boundary rejects interaction/Other.tsx: const control = <Button>{t('agent.apply')}</Button> (0.912271ms)
✔ selection structural boundary rejects product/canvas/Other.ts: const entity = { kind: 'EDGE', id: 'visual' } (0.935297ms)
✔ Slice1B structural control rejects DOM collection authority (1.075194ms)
✔ Slice1B structural control rejects DOM mount authority (0.939488ms)
✔ Slice1B structural control rejects semantic ID sorting (1.070506ms)
✔ Slice1B structural control rejects route persistence (0.959176ms)
✔ Slice1B structural control rejects storage persistence (2.585709ms)
✔ Slice1B structural control rejects route parsing (0.995525ms)
✔ Slice1B structural control rejects direct backend (0.917817ms)
✔ Slice1B structural control rejects second store (1.048674ms)
✔ Slice1B structural control permits model filtering, captured context and viewport/focus measurement (1.372842ms)
✔ Slice1C G01 rejects app/routeTree.tsx: const routeState = { selectedRefs: [], primaryRef: null, lifetime: {} } (1.000416ms)
✔ Slice1C G01 rejects app/routes/Nested.tsx: import { useSelection as own } from '../../interaction/SelectionContext'; const state = own() (0.897526ms)
✔ Slice1C G02 rejects app/routes/Nested.tsx: import { createInteractionStore as make } from '../../interaction/model'; const store = make(scope) (1.003031ms)
✔ Slice1C G03 rejects app/routeTree.tsx: const id = new URLSearchParams(location.search).get('selectedPresentationId') (1.05933ms)
✔ Slice1C G03 rejects app/routeTree.tsx: navigate({ search: { selectedIds: refs } }) (0.895233ms)
✔ Slice1C G04 rejects surfaces/Panel.tsx: localStorage.setItem('selection', JSON.stringify(store.getSnapshot())) (0.901633ms)
✔ Slice1C G04 rejects surfaces/Panel.tsx: sessionStorage.setItem('selectedRefs', JSON.stringify(selectedRefs)) (0.80912ms)
✔ Slice1C G04 rejects app/routeTree.tsx: new BroadcastChannel('selection') (0.842206ms)
✔ Slice1C G05 rejects app/routeTree.tsx: history.pushState({ selectionSnapshot: store.getSnapshot() }, '', target) (1.008532ms)
✔ Slice1C G05 rejects app/routeTree.tsx: const selectedRefs = history.state.selectedRefs (0.898674ms)
✔ Slice1C G06 rejects surfaces/Panel.tsx: const next = { ...selectedRef, surfaceId: 'nle' } (0.909878ms)
✔ Slice1C G07 rejects components/app-shell/DocumentLifecycleBridge.tsx: interface BridgeState { membership: string[]; revision: number; lifetime: object } (0.82357ms)
✔ Slice1C G07 rejects components/app-shell/AppShell.tsx: function LifecycleBridge() { const state = { primaryRef: ref, revision: 4 } } (1.024863ms)
✔ Slice1C G08 rejects surfaces/Panel.tsx: useEffect(() => { store.select({ mode: 'clear', refs: [] }) }, [projectId]) (0.856392ms)
✔ Slice1C G08 rejects components/app-shell/AppShell.tsx: <SelectionProvider key={location.pathname} scope={scope}>{children}</SelectionProvider> (1.013906ms)
✔ Slice1C allows navigation identity, ordinary auth storage, comments and Selection-owned retirement (2.446756ms)
ℹ tests 120
ℹ suites 0
ℹ pass 120
ℹ fail 0
ℹ cancelled 0
ℹ skipped 0
ℹ todo 0
ℹ duration_ms 1535.47901

Script done on 2026-09-08 23:55:23+08:00 [COMMAND_EXIT_CODE="0"]
