Script started on 2026-09-08 23:58:22+08:00 [COMMAND="./node_modules/.bin/eslint src/**/*.{ts,tsx}" <not executed on terminal>]

/home/user/Documents/workspace/projects/.worktrees/frontend-wave2-product-ux-v1/frontend/src/pages/AdminRenderJobsPage.tsx
  6:7  warning  'TENANT_ID' is assigned a value but never used  @typescript-eslint/no-unused-vars

/home/user/Documents/workspace/projects/.worktrees/frontend-wave2-product-ux-v1/frontend/src/pages/DevConsolePage.tsx
    1:20   warning  'useEffect' is defined but never used     @typescript-eslint/no-unused-vars
   55:30   warning  Unexpected any. Specify a different type  @typescript-eslint/no-explicit-any
  139:106  warning  Unexpected any. Specify a different type  @typescript-eslint/no-explicit-any

/home/user/Documents/workspace/projects/.worktrees/frontend-wave2-product-ux-v1/frontend/src/pages/TimelineGitConsolePage.tsx
    5:7   warning  'TENANT_ID' is assigned a value but never used                              @typescript-eslint/no-unused-vars
  185:51  warning  Unexpected any. Specify a different type                                    @typescript-eslint/no-explicit-any
  224:51  warning  Unexpected any. Specify a different type                                    @typescript-eslint/no-explicit-any
  329:32  warning  Unexpected any. Specify a different type                                    @typescript-eslint/no-explicit-any
  408:36  warning  'onRender' is defined but never used. Allowed unused args must match /^_/u  @typescript-eslint/no-unused-vars
  423:44  warning  Unexpected any. Specify a different type                                    @typescript-eslint/no-explicit-any
  503:47  warning  Unexpected any. Specify a different type                                    @typescript-eslint/no-explicit-any
  530:23  warning  'setRenderJobId' is assigned a value but never used                         @typescript-eslint/no-unused-vars

/home/user/Documents/workspace/projects/.worktrees/frontend-wave2-product-ux-v1/frontend/src/types/index.ts
  130:34  warning  Unexpected any. Specify a different type  @typescript-eslint/no-explicit-any

✖ 13 problems (0 errors, 13 warnings)


Script done on 2026-09-08 23:58:25+08:00 [COMMAND_EXIT_CODE="0"]
