Script started on 2026-09-08 23:58:42+08:00 [COMMAND="node scripts/frontend-architecture-guard.test.mjs" <not executed on terminal>]
FRONTEND_ARCHITECTURE_POSITIVE_CONTROL=PASS files=200
PRODUCT_CURRENT_REVISION_ID_FRONTEND_USAGE_COUNT_NEGATIVE_CONTROL=PASS residue=0
CLIENT_LATEST_HEAD_INFERENCE_COUNT_NEGATIVE_CONTROL=PASS residue=0
CLIENT_CANONICAL_ACTOR_AUTHORITY_COUNT_NEGATIVE_CONTROL=PASS residue=0
CLIENT_CANONICAL_TENANT_OVERRIDE_COUNT_NEGATIVE_CONTROL=PASS residue=0
NEW_FRONTEND_GENERIC_PATCH_USAGE_COUNT_NEGATIVE_CONTROL=PASS residue=0
PHYSICAL_STORAGE_URI_AS_ENTITY_ID_COUNT_NEGATIVE_CONTROL=PASS residue=0
PROVIDER_KEY_AS_ARTIFACT_ID_COUNT_NEGATIVE_CONTROL=PASS residue=0
CLIENT_CANONICAL_MERGE_AUTHORITY_COUNT_NEGATIVE_CONTROL=PASS residue=0
H8_INTERNAL_IMPLEMENTATION_FRONTEND_DEPENDENCY_COUNT_NEGATIVE_CONTROL=PASS residue=0
UNSTABLE_ROUTE_DIRECT_COMPONENT_CALL_COUNT_NEGATIVE_CONTROL=PASS residue=0
POST_H7_AUTHENTICATED_TENANT_AND_READ_ONLY_COMPARE_CONTROL=PASS residue=0
FRONTEND_CONCRETE_FFMPEG_AUTHORITY_COUNT_NEGATIVE_CONTROL=PASS residue=0
FRONTEND_PLAN_NAME_FEATURE_AUTHORITY_COUNT_NEGATIVE_CONTROL=PASS residue=0
FRONTEND_LOCAL_CAN_RUN_DECISION_COUNT_NEGATIVE_CONTROL=PASS residue=0
FRONTEND_DUPLICATE_CANONICAL_TIMELINE_AUTHORITY_COUNT_NEGATIVE_CONTROL=PASS residue=0
FRONTEND_CANONICAL_DOMAIN_SHADOW_COUNT_NEGATIVE_CONTROL=PASS residue=0
FRONTEND_PROVIDER_SELECTION_AUTHORITY_COUNT_NEGATIVE_CONTROL=PASS residue=0
FRONTEND_DIRECT_CANONICAL_MUTATION_BYPASS_COUNT_NEGATIVE_CONTROL=PASS residue=0
FRONTEND_PROVIDER_INTERNAL_GRAPH_AUTHORITY_COUNT_NEGATIVE_CONTROL=PASS residue=0
FRONTEND_SYNTHETIC_WORKSPACE_SCOPE_COUNT_NEGATIVE_CONTROL=PASS residue=0
FRONTEND_SYNTHETIC_WORKSPACE_SCOPE_COUNT_NEGATIVE_CONTROL=PASS residue=0
FRONTEND_ACTIVE_UNSCOPED_RENDER_API_COUNT_NEGATIVE_CONTROL=PASS residue=0
FRONTEND_ACTIVE_UNSCOPED_RENDER_API_COUNT_NEGATIVE_CONTROL=PASS residue=0
FRONTEND_STALE_RENDER_STATUS_SHADOW_COUNT_NEGATIVE_CONTROL=PASS residue=0
FRONTEND_RAW_STORAGE_PRODUCT_FIELD_COUNT_sourceUrl_NEGATIVE_CONTROL=PASS residue=0
FRONTEND_RAW_STORAGE_PRODUCT_FIELD_COUNT_storageUri_NEGATIVE_CONTROL=PASS residue=0
FRONTEND_RAW_STORAGE_PRODUCT_FIELD_COUNT_storageKey_NEGATIVE_CONTROL=PASS residue=0
FRONTEND_RAW_STORAGE_PRODUCT_FIELD_COUNT_objectKey_NEGATIVE_CONTROL=PASS residue=0
FRONTEND_RAW_STORAGE_PRODUCT_FIELD_COUNT_bucket_NEGATIVE_CONTROL=PASS residue=0
FRONTEND_RAW_STORAGE_PRODUCT_FIELD_COUNT_assetUri_NEGATIVE_CONTROL=PASS residue=0
FRONTEND_EXPLICIT_NON_PRODUCT_SURFACE_EXCLUSION_CONTROL=PASS residue=0
FRONTEND_ARCHITECTURE_EMPTY_UNIVERSE_NEGATIVE_CONTROL=PASS residue=0
✔ governed frontend passes with all authority counts at zero (909.55255ms)
✔ localization guard rejects direct vendor imports and migrated hardcoded chrome (2.366995ms)
✔ localization boundary rejects product integration imports, dynamic imports, public re-exports, and JSX copy (2.824223ms)
✔ localization boundary permits only main composition to config and bounded integration internals (1.784821ms)
✔ localization source manifest is strict and detects a missing required English key (1.986212ms)
✔ localization source-key validation is namespace-aware, English-only, comment-safe, and fail-closed (1.186246ms)
✔ OLD_IMPORT_COUNT rejects reintroduced legacy usage (0.950988ms)
✔ OLD_COMPONENT_USAGE_COUNT rejects reintroduced legacy usage (0.946636ms)
✔ OLD_SCHEMA_USAGE_COUNT rejects reintroduced legacy usage (1.122173ms)
✔ OLD_ROUTE_COUNT rejects an increase above the preserved compatibility ceiling (2.033803ms)
✔ path ledger reconciliation detects unclassified, stale, and duplicate paths (9.178154ms)
✔ ignored physical log is not ledger-required (48.562572ms)
✔ absent ignored log with a correct ledger does not create a stale row (54.679843ms)
✔ nonignored unclassified path still fails reconciliation (51.178605ms)
✔ tracked path missing from the ledger still fails reconciliation (64.773791ms)
✔ ledger row for a tracked but physically missing path stays stale (65.872511ms)
✔ duplicate ledger path still fails reconciliation (54.314539ms)
✔ explicitly tracked ignored-name file remains governed (66.388641ms)
✔ PRODUCT_CURRENT_REVISION_ID_FRONTEND_USAGE_COUNT rejects its post-H7 negative control and leaves zero residue (3.700692ms)
✔ CLIENT_LATEST_HEAD_INFERENCE_COUNT rejects its post-H7 negative control and leaves zero residue (2.441014ms)
✔ CLIENT_CANONICAL_ACTOR_AUTHORITY_COUNT rejects its post-H7 negative control and leaves zero residue (2.43621ms)
✔ CLIENT_CANONICAL_TENANT_OVERRIDE_COUNT rejects its post-H7 negative control and leaves zero residue (2.240447ms)
✔ NEW_FRONTEND_GENERIC_PATCH_USAGE_COUNT rejects its post-H7 negative control and leaves zero residue (2.186675ms)
✔ PHYSICAL_STORAGE_URI_AS_ENTITY_ID_COUNT rejects its post-H7 negative control and leaves zero residue (1.796031ms)
✔ PROVIDER_KEY_AS_ARTIFACT_ID_COUNT rejects its post-H7 negative control and leaves zero residue (1.563549ms)
✔ CLIENT_CANONICAL_MERGE_AUTHORITY_COUNT rejects its post-H7 negative control and leaves zero residue (1.807952ms)
✔ H8_INTERNAL_IMPLEMENTATION_FRONTEND_DEPENDENCY_COUNT rejects its post-H7 negative control and leaves zero residue (1.903331ms)
✔ UNSTABLE_ROUTE_DIRECT_COMPONENT_CALL_COUNT rejects its post-H7 negative control and leaves zero residue (1.447446ms)
✔ post-H7 rules allow authenticated tenant path scope and read-only server compare (1.739142ms)
✔ CLIENT_CANONICAL_ACTOR_AUTHORITY_COUNT rejects actor shorthand on a governed runtime bridge (1.198852ms)
✔ CLIENT_CANONICAL_ACTOR_AUTHORITY_COUNT rejects quoted actor key on a governed runtime bridge (0.959309ms)
✔ CLIENT_CANONICAL_ACTOR_AUTHORITY_COUNT rejects computed actor key on a governed runtime bridge (0.912753ms)
✔ CLIENT_CANONICAL_ACTOR_AUTHORITY_COUNT rejects actor alias on a governed runtime bridge (1.05489ms)
✔ CLIENT_CANONICAL_TENANT_OVERRIDE_COUNT rejects tenant shorthand request body on a governed runtime bridge (1.009192ms)
✔ CLIENT_CANONICAL_TENANT_OVERRIDE_COUNT rejects computed tenant override on a governed runtime bridge (0.894178ms)
✔ CLIENT_CANONICAL_TENANT_OVERRIDE_COUNT rejects quoted tenant header on a governed runtime bridge (0.909115ms)
✔ CLIENT_CANONICAL_TENANT_OVERRIDE_COUNT rejects tenant alias on a governed runtime bridge (1.028749ms)
✔ CLIENT_CANONICAL_TENANT_OVERRIDE_COUNT rejects split tenant payload declaration on a governed runtime bridge (1.114937ms)
✔ POST_H7_AXIOS_IMPORT_BYPASS_COUNT rejects aliased Axios import on a governed runtime bridge (2.379791ms)
✔ POST_H7_VERSIONLESS_TRANSPORT_IMPORT_BYPASS_COUNT rejects aliased versionless transport import on a governed runtime bridge (1.092512ms)
✔ UNSTABLE_ROUTE_DIRECT_COMPONENT_CALL_COUNT rejects raw unstable route on a governed runtime bridge (1.095947ms)
✔ UNSTABLE_ROUTE_DIRECT_COMPONENT_CALL_COUNT rejects composed unstable route on a governed runtime bridge (1.09127ms)
✔ UNSTABLE_ROUTE_DIRECT_COMPONENT_CALL_COUNT rejects alternate transport client call on a governed runtime bridge (1.157385ms)
✔ UNSTABLE_ROUTE_DIRECT_COMPONENT_CALL_COUNT rejects dynamic transport method on a governed runtime bridge (1.023942ms)
✔ UNSTABLE_ROUTE_DIRECT_COMPONENT_CALL_COUNT rejects transport method alias on a governed runtime bridge (0.923033ms)
✔ UNSTABLE_ROUTE_DIRECT_COMPONENT_CALL_COUNT rejects destructured transport alias on a governed runtime bridge (1.073436ms)
✔ tenant authority guard allows authenticated ProjectContext projection and gateway path scope (1.575949ms)
✔ api/app runtime allowlist rejects an unexpected non-test TypeScript module (3.182884ms)
✔ hostile A: an unallowlisted nested api/app .ts runtime fails closed (3.095899ms)
✔ hostile B: an unallowlisted nested api/app .tsx runtime fails closed (2.99443ms)
✔ hostile C: post-H7 authority rules scan forbidden patterns in nested api/app runtime (1.18638ms)
✔ hostile D: nested api/app test modules are excluded from runtime inventory (2.791382ms)
✔ hostile E: nested api/app declaration modules are excluded from runtime inventory (2.932073ms)
✔ hostile F: an unseen arbitrarily deep api/app directory cannot escape classification (3.231567ms)
✔ post-H7 governed path manifest fails closed when one expected runtime path is omitted (6.379718ms)
✔ FRONTEND_CONCRETE_FFMPEG_AUTHORITY_COUNT rejects FRONTEND_CONCRETE_FFMPEG_AUTHORITY_COUNT and leaves zero residue (0.981111ms)
✔ FRONTEND_PLAN_NAME_FEATURE_AUTHORITY_COUNT rejects FRONTEND_PLAN_NAME_FEATURE_AUTHORITY_COUNT and leaves zero residue (0.851966ms)
✔ FRONTEND_LOCAL_CAN_RUN_DECISION_COUNT rejects FRONTEND_LOCAL_CAN_RUN_DECISION_COUNT and leaves zero residue (0.987479ms)
✔ FRONTEND_DUPLICATE_CANONICAL_TIMELINE_AUTHORITY_COUNT rejects FRONTEND_DUPLICATE_CANONICAL_TIMELINE_AUTHORITY_COUNT and leaves zero residue (0.822019ms)
✔ FRONTEND_CANONICAL_DOMAIN_SHADOW_COUNT rejects FRONTEND_CANONICAL_DOMAIN_SHADOW_COUNT and leaves zero residue (0.941156ms)
✔ FRONTEND_PROVIDER_SELECTION_AUTHORITY_COUNT rejects FRONTEND_PROVIDER_SELECTION_AUTHORITY_COUNT and leaves zero residue (0.895448ms)
✔ FRONTEND_DIRECT_CANONICAL_MUTATION_BYPASS_COUNT rejects FRONTEND_DIRECT_CANONICAL_MUTATION_BYPASS_COUNT and leaves zero residue (0.872037ms)
✔ FRONTEND_PROVIDER_INTERNAL_GRAPH_AUTHORITY_COUNT rejects FRONTEND_PROVIDER_INTERNAL_GRAPH_AUTHORITY_COUNT and leaves zero residue (0.869504ms)
✔ FRONTEND_SYNTHETIC_WORKSPACE_SCOPE_COUNT rejects tenant synthetic default and leaves zero residue (1.077941ms)
✔ FRONTEND_SYNTHETIC_WORKSPACE_SCOPE_COUNT rejects project synthetic default and leaves zero residue (1.043699ms)
✔ FRONTEND_ACTIVE_UNSCOPED_RENDER_API_COUNT rejects nested unscoped artifact endpoint and leaves zero residue (0.921305ms)
✔ FRONTEND_ACTIVE_UNSCOPED_RENDER_API_COUNT rejects nested unscoped artifact mutation and leaves zero residue (0.920917ms)
✔ FRONTEND_STALE_RENDER_STATUS_SHADOW_COUNT rejects stale render status shadow and leaves zero residue (1.045762ms)
✔ FRONTEND_RAW_STORAGE_PRODUCT_FIELD_COUNT rejects sourceUrl and leaves zero residue (0.964188ms)
✔ FRONTEND_RAW_STORAGE_PRODUCT_FIELD_COUNT rejects storageUri and leaves zero residue (0.866145ms)
✔ FRONTEND_RAW_STORAGE_PRODUCT_FIELD_COUNT rejects storageKey and leaves zero residue (0.863131ms)
✔ FRONTEND_RAW_STORAGE_PRODUCT_FIELD_COUNT rejects objectKey and leaves zero residue (0.83468ms)
✔ FRONTEND_RAW_STORAGE_PRODUCT_FIELD_COUNT rejects bucket and leaves zero residue (0.853406ms)
✔ FRONTEND_RAW_STORAGE_PRODUCT_FIELD_COUNT rejects assetUri and leaves zero residue (0.856865ms)
✔ FRONTEND_DIRECT_STORAGE_URI_USE_COUNT rejects a baseline increase (1.021284ms)
✔ FRONTEND_SCATTERED_NATIVE_FETCH_COUNT rejects a baseline increase (0.843867ms)
✔ FRONTEND_DUPLICATE_CANONICAL_DTO_AUTHORITY_COUNT rejects a baseline increase (0.864425ms)
✔ FRONTEND_UNCLASSIFIED_DOMAIN_MODEL_COUNT rejects a baseline increase (0.813559ms)
✔ FRONTEND_COMMERCIAL_AUTHORITY_COUNT rejects a baseline increase (0.82031ms)
✔ FRONTEND_RUNTIME_ELIGIBILITY_AUTHORITY_COUNT rejects a baseline increase (0.79193ms)
✔ active product rules exclude explicit admin, developer, and operator surfaces (1.329033ms)
✔ guard fails closed on an empty scan universe (0.733763ms)
✔ selection structural boundary rejects product/another/Untyped.tsx: import { useState as state } from 'react'; const [selectedIds, setSelectedIds] = state([]) (1.487824ms)
✔ selection structural boundary rejects product/canvas/Other.ts: function relabel(reference) { reference.label = 'Canonical' } (1.058844ms)
✔ selection structural boundary rejects product/canvas/Other.ts: const edge = { meaning: 'DEPENDENCY' } (1.018818ms)
✔ selection structural boundary rejects product/another/Panel.tsx: import { createInteractionStore as make } from '../../interaction/model'; const privateStore = make({ surfaceId: 'canvas' }) (1.369654ms)
✔ selection structural boundary rejects interaction/Other.tsx: import { createContext } from 'react'; import type { InteractionStore } from './model'; const another = createContext<InteractionStore | null>(null) (1.114105ms)
✔ selection structural boundary rejects product/another/Panel.tsx: import { useState } from 'react'; import type { SelectionState } from '../../interaction/model'; const [privateSelection] = useState<SelectionState>() (1.327871ms)
✔ selection structural boundary rejects product/canvas/Model.ts: interface ExtraState { selectedPresentationId: string | null } (1.010254ms)
✔ selection structural boundary rejects product/canvas/Model.ts: function rename(state, title) { return { ...state, references: state.references.map(ref => ({ ...ref, label: title })) } } (1.194301ms)
✔ selection structural boundary rejects product/canvas/Other.ts: import { apply } from '../../api/app/operation.gateway' (0.971533ms)
✔ selection structural boundary rejects interaction/Other.ts: export { ApplyContext } from '../../workflow-module/internal' (0.805452ms)
✔ selection structural boundary rejects interaction/Other.ts: const result = { status: 'APPLIED', planDigest: 'fake' } (0.806547ms)
✔ selection structural boundary rejects interaction/Other.tsx: const control = <Button>{t('agent.apply')}</Button> (0.893591ms)
✔ selection structural boundary rejects product/canvas/Other.ts: const entity = { kind: 'EDGE', id: 'visual' } (0.946137ms)
✔ Slice1B structural control rejects DOM collection authority (1.011565ms)
✔ Slice1B structural control rejects DOM mount authority (0.923193ms)
✔ Slice1B structural control rejects semantic ID sorting (1.137588ms)
✔ Slice1B structural control rejects route persistence (0.935253ms)
✔ Slice1B structural control rejects storage persistence (0.898439ms)
✔ Slice1B structural control rejects route parsing (1.014667ms)
✔ Slice1B structural control rejects direct backend (0.982292ms)
✔ Slice1B structural control rejects second store (1.051096ms)
✔ Slice1B structural control permits model filtering, captured context and viewport/focus measurement (1.358659ms)
✔ Slice1C G01 rejects app/routeTree.tsx: const routeState = { selectedRefs: [], primaryRef: null, lifetime: {} } (1.184158ms)
✔ Slice1C G01 rejects app/routes/Nested.tsx: import { useSelection as own } from '../../interaction/SelectionContext'; const state = own() (1.086492ms)
✔ Slice1C G02 rejects app/routes/Nested.tsx: import { createInteractionStore as make } from '../../interaction/model'; const store = make(scope) (0.969294ms)
✔ Slice1C G03 rejects app/routeTree.tsx: const id = new URLSearchParams(location.search).get('selectedPresentationId') (0.93552ms)
✔ Slice1C G03 rejects app/routeTree.tsx: navigate({ search: { selectedIds: refs } }) (0.866951ms)
✔ Slice1C G04 rejects surfaces/Panel.tsx: localStorage.setItem('selection', JSON.stringify(store.getSnapshot())) (0.807108ms)
✔ Slice1C G04 rejects surfaces/Panel.tsx: sessionStorage.setItem('selectedRefs', JSON.stringify(selectedRefs)) (0.747987ms)
✔ Slice1C G04 rejects app/routeTree.tsx: new BroadcastChannel('selection') (0.833515ms)
✔ Slice1C G05 rejects app/routeTree.tsx: history.pushState({ selectionSnapshot: store.getSnapshot() }, '', target) (0.989094ms)
✔ Slice1C G05 rejects app/routeTree.tsx: const selectedRefs = history.state.selectedRefs (0.881009ms)
✔ Slice1C G06 rejects surfaces/Panel.tsx: const next = { ...selectedRef, surfaceId: 'nle' } (0.835711ms)
✔ Slice1C G07 rejects components/app-shell/DocumentLifecycleBridge.tsx: interface BridgeState { membership: string[]; revision: number; lifetime: object } (0.806133ms)
✔ Slice1C G07 rejects components/app-shell/AppShell.tsx: function LifecycleBridge() { const state = { primaryRef: ref, revision: 4 } } (1.096505ms)
✔ Slice1C G08 rejects surfaces/Panel.tsx: useEffect(() => { store.select({ mode: 'clear', refs: [] }) }, [projectId]) (0.862844ms)
✔ Slice1C G08 rejects components/app-shell/AppShell.tsx: <SelectionProvider key={location.pathname} scope={scope}>{children}</SelectionProvider> (1.025696ms)
✔ Slice1C allows navigation identity, ordinary auth storage, comments and Selection-owned retirement (2.422486ms)
ℹ tests 120
ℹ suites 0
ℹ pass 120
ℹ fail 0
ℹ cancelled 0
ℹ skipped 0
ℹ todo 0
ℹ duration_ms 1515.982787

Script done on 2026-09-08 23:58:44+08:00 [COMMAND_EXIT_CODE="0"]
