Script started on 2026-09-08 23:58:56+08:00 [COMMAND="python3 /home/user/Documents/workspace/audit-runs/FRONTEND_WAVE2_RENDER_OBSERVABILITY_V7/scope_check.py" <not executed on terminal>]
{
  "head": "f5e19cf53fd010eea2935dd29557e82a879e042c",
  "branch": "refs/heads/agent/frontend-wave2-product-ux-v1",
  "real_index_unchanged": true,
  "changed_from_accepted_working_tree": [
    "docs/architecture/governance/frontend-backend-application-api-gap-ledger-v1.md",
    "docs/architecture/governance/frontend-current-governed-scope-ledger-v1.tsv",
    "docs/architecture/governance/frontend-product-information-architecture-v1.md",
    "docs/architecture/governance/frontend-product-path-classification-v1.tsv",
    "frontend/governance/BACKEND_ENABLEMENT_REQUESTS.tsv",
    "frontend/governance/UX_WAVE_1_REVIEW.md",
    "frontend/src/app/routeTree.test.tsx",
    "frontend/src/localization/catalogs.ts",
    "frontend/src/localization/source-manifest.json",
    "frontend/src/product/render-browser/RenderBrowser.test.tsx",
    "frontend/src/product/render-browser/RenderBrowser.tsx",
    "frontend/src/product/render-browser/fixture.ts",
    "frontend/src/product/render-browser/render-browser.css",
    "frontend/src/product/render-browser/source.test.ts",
    "frontend/src/product/render-browser/source.ts"
  ],
  "deleted": [],
  "outside_allowlist": [],
  "allowlisted_but_unchanged": [],
  "unchanged_baseline_paths_outside_allowlist": 990
}

Script done on 2026-09-08 23:58:57+08:00 [COMMAND_EXIT_CODE="0"]
