
> media-platform-frontend@0.1.0 build
> vite build --outDir /home/user/Documents/workspace/audit-runs/PUBLICATION_SINGLE_CHANNEL_READONLY_INTEGRATION_PILOT_V11/continuation-implementation/review-correction/build/frontend --emptyOutDir

vite v6.4.3 building for production...
transforming...
✓ 403 modules transformed.
rendering chunks...
computing gzip size...
../../../../audit-runs/PUBLICATION_SINGLE_CHANNEL_READONLY_INTEGRATION_PILOT_V11/continuation-implementation/review-correction/build/frontend/index.html                             0.51 kB │ gzip:   0.34 kB
../../../../audit-runs/PUBLICATION_SINGLE_CHANNEL_READONLY_INTEGRATION_PILOT_V11/continuation-implementation/review-correction/build/frontend/assets/NleWorkspace-D0bNhKEW.css       1.76 kB │ gzip:   0.67 kB
../../../../audit-runs/PUBLICATION_SINGLE_CHANNEL_READONLY_INTEGRATION_PILOT_V11/continuation-implementation/review-correction/build/frontend/assets/FoundationPages-DMC9oJ4a.css    7.12 kB │ gzip:   1.73 kB
../../../../audit-runs/PUBLICATION_SINGLE_CHANNEL_READONLY_INTEGRATION_PILOT_V11/continuation-implementation/review-correction/build/frontend/assets/index-DIv6he-3.css             87.10 kB │ gzip:  15.64 kB
../../../../audit-runs/PUBLICATION_SINGLE_CHANNEL_READONLY_INTEGRATION_PILOT_V11/continuation-implementation/review-correction/build/frontend/assets/ReviewWorkspace-CbgUML16.js     7.54 kB │ gzip:   2.69 kB
../../../../audit-runs/PUBLICATION_SINGLE_CHANNEL_READONLY_INTEGRATION_PILOT_V11/continuation-implementation/review-correction/build/frontend/assets/SemanticDiff-eqTHEzjE.js        9.11 kB │ gzip:   3.44 kB
../../../../audit-runs/PUBLICATION_SINGLE_CHANNEL_READONLY_INTEGRATION_PILOT_V11/continuation-implementation/review-correction/build/frontend/assets/WorkspaceCanvas-BZdOShiF.js    18.21 kB │ gzip:   6.08 kB
../../../../audit-runs/PUBLICATION_SINGLE_CHANNEL_READONLY_INTEGRATION_PILOT_V11/continuation-implementation/review-correction/build/frontend/assets/NleWorkspace-DhIB7Iq4.js       41.59 kB │ gzip:  12.13 kB
../../../../audit-runs/PUBLICATION_SINGLE_CHANNEL_READONLY_INTEGRATION_PILOT_V11/continuation-implementation/review-correction/build/frontend/assets/FoundationPages-DJqo9-YG.js   148.29 kB │ gzip:  40.82 kB
../../../../audit-runs/PUBLICATION_SINGLE_CHANNEL_READONLY_INTEGRATION_PILOT_V11/continuation-implementation/review-correction/build/frontend/assets/index-DW0uU-WC.js             737.86 kB │ gzip: 214.08 kB

(!) Some chunks are larger than 500 kB after minification. Consider:
- Using dynamic import() to code-split the application
- Use build.rollupOptions.output.manualChunks to improve chunking: https://rollupjs.org/configuration-options/#output-manualchunks
- Adjust chunk size limit for this warning via build.chunkSizeWarningLimit.
✓ built in 5.28s
