{
  "root": "/home/user/Documents/workspace/audit-runs/FRONTEND_WAVE2_COMMAND_DISCOVERY_AND_ACCESSIBILITY_CONVERGENCE_V1/snapshot/frontend",
  "outDir": "/home/user/Documents/workspace/audit-runs/FRONTEND_WAVE2_COMMAND_DISCOVERY_AND_ACCESSIBILITY_CONVERGENCE_V1/build",
  "emptyOutDir": true,
  "plugins": [
    "vite:build-metadata",
    "vite:watch-package-data",
    "alias",
    "vite:modulepreload-polyfill",
    "vite:resolve",
    "vite:html-inline-proxy",
    "vite:css",
    "vite:esbuild",
    "vite:json",
    "vite:wasm-helper",
    "vite:worker",
    "vite:asset",
    "vite:react-swc",
    "vite:react-virtual-preamble",
    "vite:wasm-fallback",
    "vite:define",
    "vite:css-post",
    "vite:build-html",
    "vite:worker-import-meta-url",
    "vite:asset-import-meta-url",
    "vite:force-systemjs-wrap-complete",
    "commonjs",
    "vite:data-uri",
    "vite:rollup-options-plugins",
    "vite:dynamic-import-vars",
    "vite:import-glob",
    "vite:build-import-analysis",
    "vite:esbuild-transpile",
    "vite:terser",
    "vite:manifest",
    "vite:ssr-manifest",
    "vite:reporter",
    "vite:load-fallback"
  ]
}
