
 RUN  v3.2.6 /home/user/Documents/workspace/audit-runs/FRONTEND_WAVE2_COMMAND_DISCOVERY_AND_ACCESSIBILITY_CONVERGENCE_V1/snapshot/frontend

 ✓ src/foundation/surfaceRegistry.test.ts (3 tests) 11ms
 ✓ src/foundation/references.test.ts (1 test) 8ms
 ✓ src/product/timeline/types.test.ts (11 tests) 12ms
 ✓ src/api/app/gateway-error.test.ts (9 tests) 10ms
 ✓ src/interaction/model.test.ts (16 tests) 37ms
 ✓ src/product/timeline/editor-state.test.ts (50 tests) 26ms
 ✓ src/foundation/errors.test.tsx (2 tests) 45ms
 ✓ src/foundation/commandRegistry.test.ts (3 tests) 11ms
 ✓ src/contracts/app/render-job.test.ts (2 tests) 11ms
 ✓ src/contracts/app/artifact.test.ts (3 tests) 11ms
 ✓ src/api/dev/diagnostics.client.test.ts (3 tests) 21ms
 ✓ src/integrations/localization/config.test.ts (2 tests) 6ms
 ✓ src/product/timeline/SemanticDiff.test.tsx (1 test) 50ms
 ✓ src/editor/EditorPage.test.tsx (3 tests) 69ms
 ✓ src/pages/CanonicalProjectionGapPages.test.tsx (3 tests) 68ms
 ✓ src/integrations/localization/adapters/TolgeeRemoteCatalogAdapter.test.ts (6 tests) 31ms
 ✓ src/product/canvas/model.test.ts (36 tests) 352ms
   ✓ Slice1B common legal group delta > large group respects every boundary with the same fractional delta  331ms
 ✓ src/localization/localization.test.tsx (13 tests) 218ms
 ✓ src/foundation/effectiveAccess.test.tsx (4 tests) 30ms
 ✓ src/api/app/timeline-query.gateway.test.ts (7 tests) 14ms
 ✓ src/api/app/operation.gateway.test.ts (22 tests) 15ms
 ✓ src/pages/H4BoundedCorrection.test.tsx (3 tests) 120ms
 ✓ src/components/app-shell/AppShell.test.tsx (21 tests) 787ms
 ✓ src/product/review/ReviewWorkspace.test.tsx (9 tests) 671ms
stderr | src/interaction/InteractionShell.test.tsx > keeps technical proposal evidence closed until diagnostics are explicitly opened
AggregateError: 
[90m    at internalConnectMultiple (node:net:1135:18)[39m
[90m    at afterConnectMultiple (node:net:1716:7)[39m {
  code: [32m'ECONNREFUSED'[39m,
  [errors]: [
    Error: connect ECONNREFUSED ::1:3000
    [90m    at createConnectionError (node:net:1679:14)[39m
    [90m    at afterConnectMultiple (node:net:1709:16)[39m {
      errno: [33m-111[39m,
      code: [32m'ECONNREFUSED'[39m,
      syscall: [32m'connect'[39m,
      address: [32m'::1'[39m,
      port: [33m3000[39m
    },
    Error: connect ECONNREFUSED 127.0.0.1:3000
    [90m    at createConnectionError (node:net:1679:14)[39m
    [90m    at afterConnectMultiple (node:net:1709:16)[39m {
      errno: [33m-111[39m,
      code: [32m'ECONNREFUSED'[39m,
      syscall: [32m'connect'[39m,
      address: [32m'127.0.0.1'[39m,
      port: [33m3000[39m
    }
  ]
}

stderr | src/interaction/InteractionShell.test.tsx > keeps technical proposal evidence closed until diagnostics are explicitly opened
AggregateError: 
[90m    at internalConnectMultiple (node:net:1135:18)[39m
[90m    at afterConnectMultiple (node:net:1716:7)[39m {
  code: [32m'ECONNREFUSED'[39m,
  [errors]: [
    Error: connect ECONNREFUSED ::1:3000
    [90m    at createConnectionError (node:net:1679:14)[39m
    [90m    at afterConnectMultiple (node:net:1709:16)[39m {
      errno: [33m-111[39m,
      code: [32m'ECONNREFUSED'[39m,
      syscall: [32m'connect'[39m,
      address: [32m'::1'[39m,
      port: [33m3000[39m
    },
    Error: connect ECONNREFUSED 127.0.0.1:3000
    [90m    at createConnectionError (node:net:1679:14)[39m
    [90m    at afterConnectMultiple (node:net:1709:16)[39m {
      errno: [33m-111[39m,
      code: [32m'ECONNREFUSED'[39m,
      syscall: [32m'connect'[39m,
      address: [32m'127.0.0.1'[39m,
      port: [33m3000[39m
    }
  ]
}

stderr | src/interaction/InteractionShell.test.tsx > keeps technical proposal evidence closed until diagnostics are explicitly opened
AggregateError: 
[90m    at internalConnectMultiple (node:net:1135:18)[39m
[90m    at afterConnectMultiple (node:net:1716:7)[39m {
  code: [32m'ECONNREFUSED'[39m,
  [errors]: [
    Error: connect ECONNREFUSED ::1:3000
    [90m    at createConnectionError (node:net:1679:14)[39m
    [90m    at afterConnectMultiple (node:net:1709:16)[39m {
      errno: [33m-111[39m,
      code: [32m'ECONNREFUSED'[39m,
      syscall: [32m'connect'[39m,
      address: [32m'::1'[39m,
      port: [33m3000[39m
    },
    Error: connect ECONNREFUSED 127.0.0.1:3000
    [90m    at createConnectionError (node:net:1679:14)[39m
    [90m    at afterConnectMultiple (node:net:1709:16)[39m {
      errno: [33m-111[39m,
      code: [32m'ECONNREFUSED'[39m,
      syscall: [32m'connect'[39m,
      address: [32m'127.0.0.1'[39m,
      port: [33m3000[39m
    }
  ]
}

 ✓ src/app/routeTree.test.tsx (7 tests) 1403ms
   ✓ runtime route registration and deep-link restoration > restores Workspace, Project, and surface identity from a creative deep link and fails unauthorized commands closed  480ms
   ✓ runtime route registration and deep-link restoration > reaches the post-H7 edit route and loads explicit canonical HEAD authority  385ms
   ✓ runtime route registration and deep-link restoration > renders the Workspace to Projects entry without synthesizing a Project selection  356ms
stderr | src/interaction/InteractionShell.test.tsx > Slice1C actual route query and hash preserve the same live exact owner and proposal; focus is independent
AggregateError: 
[90m    at internalConnectMultiple (node:net:1135:18)[39m
[90m    at afterConnectMultiple (node:net:1716:7)[39m {
  code: [32m'ECONNREFUSED'[39m,
  [errors]: [
    Error: connect ECONNREFUSED ::1:3000
    [90m    at createConnectionError (node:net:1679:14)[39m
    [90m    at afterConnectMultiple (node:net:1709:16)[39m {
      errno: [33m-111[39m,
      code: [32m'ECONNREFUSED'[39m,
      syscall: [32m'connect'[39m,
      address: [32m'::1'[39m,
      port: [33m3000[39m
    },
    Error: connect ECONNREFUSED 127.0.0.1:3000
    [90m    at createConnectionError (node:net:1679:14)[39m
    [90m    at afterConnectMultiple (node:net:1709:16)[39m {
      errno: [33m-111[39m,
      code: [32m'ECONNREFUSED'[39m,
      syscall: [32m'connect'[39m,
      address: [32m'127.0.0.1'[39m,
      port: [33m3000[39m
    }
  ]
}

stderr | src/interaction/InteractionShell.test.tsx > Slice1C actual route query and hash preserve the same live exact owner and proposal; focus is independent
AggregateError: 
[90m    at internalConnectMultiple (node:net:1135:18)[39m
[90m    at afterConnectMultiple (node:net:1716:7)[39m {
  code: [32m'ECONNREFUSED'[39m,
  [errors]: [
    Error: connect ECONNREFUSED ::1:3000
    [90m    at createConnectionError (node:net:1679:14)[39m
    [90m    at afterConnectMultiple (node:net:1709:16)[39m {
      errno: [33m-111[39m,
      code: [32m'ECONNREFUSED'[39m,
      syscall: [32m'connect'[39m,
      address: [32m'::1'[39m,
      port: [33m3000[39m
    },
    Error: connect ECONNREFUSED 127.0.0.1:3000
    [90m    at createConnectionError (node:net:1679:14)[39m
    [90m    at afterConnectMultiple (node:net:1709:16)[39m {
      errno: [33m-111[39m,
      code: [32m'ECONNREFUSED'[39m,
      syscall: [32m'connect'[39m,
      address: [32m'127.0.0.1'[39m,
      port: [33m3000[39m
    }
  ]
}

stderr | src/interaction/InteractionShell.test.tsx > Slice1C actual route query and hash preserve the same live exact owner and proposal; focus is independent
AggregateError: 
[90m    at internalConnectMultiple (node:net:1135:18)[39m
[90m    at afterConnectMultiple (node:net:1716:7)[39m {
  code: [32m'ECONNREFUSED'[39m,
  [errors]: [
    Error: connect ECONNREFUSED ::1:3000
    [90m    at createConnectionError (node:net:1679:14)[39m
    [90m    at afterConnectMultiple (node:net:1709:16)[39m {
      errno: [33m-111[39m,
      code: [32m'ECONNREFUSED'[39m,
      syscall: [32m'connect'[39m,
      address: [32m'::1'[39m,
      port: [33m3000[39m
    },
    Error: connect ECONNREFUSED 127.0.0.1:3000
    [90m    at createConnectionError (node:net:1679:14)[39m
    [90m    at afterConnectMultiple (node:net:1709:16)[39m {
      errno: [33m-111[39m,
      code: [32m'ECONNREFUSED'[39m,
      syscall: [32m'connect'[39m,
      address: [32m'127.0.0.1'[39m,
      port: [33m3000[39m
    }
  ]
}

 ✓ src/product/timeline/NleWorkspace.test.tsx (17 tests) 2460ms
   ✓ preserves lanes and running playback across shared inspector collapse and frees preview space  391ms
stderr | src/interaction/InteractionShell.test.tsx > Slice1C malformed or missing route IDs and unsupported surface /w/w/projects/p/unsupported expose no old owner
Warning: A notFoundError was encountered on the route with ID "__root__", but a notFoundComponent option was not configured, nor was a router level defaultNotFoundComponent configured. Consider configuring at least one of these to avoid TanStack Router's overly generic defaultNotFoundComponent (<p>Not Found</p>)

stderr | src/interaction/InteractionShell.test.tsx > Slice1C malformed or missing route IDs and unsupported surface /w/w/projects/canvas expose no old owner
Warning: A notFoundError was encountered on the route with ID "__root__", but a notFoundComponent option was not configured, nor was a router level defaultNotFoundComponent configured. Consider configuring at least one of these to avoid TanStack Router's overly generic defaultNotFoundComponent (<p>Not Found</p>)

 ✓ src/interaction/InteractionShell.test.tsx (45 tests) 2842ms
   ✓ Slice1C actual route query and hash preserve the same live exact owner and proposal; focus is independent  404ms
 ✓ src/product/canvas/WorkspaceCanvas.test.tsx (97 tests) 4224ms

 Test Files  28 passed (28)
      Tests  399 passed (399)
   Start at  18:21:15
   Duration  6.81s (transform 6.70s, setup 0ms, collect 23.01s, tests 13.56s, environment 9.83s, prepare 5.49s)

JSON report written to /home/user/Documents/workspace/audit-runs/FRONTEND_WAVE2_COMMAND_DISCOVERY_AND_ACCESSIBILITY_CONVERGENCE_V1/FULL_UNIT.json
