
 RUN  v3.2.6 /home/user/Documents/workspace/projects/.worktrees/frontend-wave2-product-ux-v1/frontend

 ✓ src/product/render-browser/source.test.ts (27 tests) 50ms
stderr | src/product/render-browser/RenderBrowser.test.tsx > Artifact item metadata permission boundaries > removes Artifact DOM and aborts old reads on adapter replacement while ready
An update to RenderBrowserSession inside a test was not wrapped in act(...).

When testing, code that causes React state updates should be wrapped into act(...):

act(() => {
  /* fire events that update state */
});
/* assert on the output */

This ensures that you're testing the behavior the user would see in the browser. Learn more at https://react.dev/link/wrap-tests-with-act
An update to RenderBrowserSession inside a test was not wrapped in act(...).

When testing, code that causes React state updates should be wrapped into act(...):

act(() => {
  /* fire events that update state */
});
/* assert on the output */

This ensures that you're testing the behavior the user would see in the browser. Learn more at https://react.dev/link/wrap-tests-with-act
An update to RenderBrowserSession inside a test was not wrapped in act(...).

When testing, code that causes React state updates should be wrapped into act(...):

act(() => {
  /* fire events that update state */
});
/* assert on the output */

This ensures that you're testing the behavior the user would see in the browser. Learn more at https://react.dev/link/wrap-tests-with-act

 ✓ src/product/render-browser/RenderBrowser.test.tsx (64 tests) 2328ms

 Test Files  2 passed (2)
      Tests  91 passed (91)
   Start at  03:50:58
   Duration  4.27s (transform 886ms, setup 0ms, collect 1.40s, tests 2.38s, environment 510ms, prepare 212ms)

JSON report written to /tmp/FRONTEND_WAVE2_RENDER_ARTIFACT_METADATA_ACCESS_CORRECTION_V1/green-01/tests.json
