src/components/app-shell/AppShell.test.tsx(170,26): error TS2339: Property 'getState' does not exist on type '{ getSnapshot: () => SelectionState; subscribe: (listener: () => void) => () => void; reconcile: () => void; select: (request: SelectionRequest) => ActionResult; ... 4 more ...; dispatch: (action: ProductAction, _source?: InvocationSource) => ActionResult; }'.
src/components/app-shell/AppShell.test.tsx(175,18): error TS2339: Property 'getState' does not exist on type '{ getSnapshot: () => SelectionState; subscribe: (listener: () => void) => () => void; reconcile: () => void; select: (request: SelectionRequest) => ActionResult; ... 4 more ...; dispatch: (action: ProductAction, _source?: InvocationSource) => ActionResult; }'.
src/product/notifications/NotificationInbox.test.tsx(58,55): error TS2339: Property 'mockImplementation' does not exist on type 'never'.
src/product/notifications/NotificationInbox.test.tsx(58,74): error TS7006: Parameter 'req' implicitly has an 'any' type.
src/product/notifications/NotificationInbox.test.tsx(72,55): error TS2339: Property 'mockImplementation' does not exist on type 'never'.
src/product/notifications/NotificationInbox.test.tsx(72,80): error TS7006: Parameter 'request' implicitly has an 'any' type.
src/product/notifications/NotificationInbox.test.tsx(115,66): error TS2769: No overload matches this call.
  Overload 1 of 2, '(role: ByRoleMatcher, options?: ByRoleOptions | undefined): HTMLElement', gave the following error.
    Object literal may only specify known properties, and 'exact' does not exist in type 'ByRoleOptions'.
  Overload 2 of 2, '(role: ByRoleMatcher, options?: ByRoleOptions | undefined): HTMLElement', gave the following error.
    Object literal may only specify known properties, and 'exact' does not exist in type 'ByRoleOptions'.
src/product/notifications/NotificationInbox.test.tsx(123,42): error TS2339: Property 'mockReturnValue' does not exist on type 'never'.
src/product/notifications/NotificationInbox.test.tsx(134,42): error TS2339: Property 'mockReturnValue' does not exist on type 'never'.
src/product/notifications/NotificationInbox.test.tsx(198,42): error TS2339: Property 'mockImplementation' does not exist on type 'never'.
src/product/notifications/NotificationInbox.test.tsx(198,61): error TS7006: Parameter 'req' implicitly has an 'any' type.
src/product/notifications/NotificationInbox.test.tsx(200,66): error TS2769: No overload matches this call.
  Overload 1 of 2, '(role: ByRoleMatcher, options?: ByRoleOptions | undefined): HTMLElement', gave the following error.
    Object literal may only specify known properties, and 'exact' does not exist in type 'ByRoleOptions'.
  Overload 2 of 2, '(role: ByRoleMatcher, options?: ByRoleOptions | undefined): HTMLElement', gave the following error.
    Object literal may only specify known properties, and 'exact' does not exist in type 'ByRoleOptions'.
src/product/notifications/NotificationInbox.test.tsx(212,45): error TS2339: Property 'mockImplementation' does not exist on type 'never'.
src/product/notifications/NotificationInbox.test.tsx(212,64): error TS7006: Parameter 'req' implicitly has an 'any' type.
src/product/notifications/NotificationInbox.test.tsx(226,42): error TS2339: Property 'mockImplementation' does not exist on type 'never'.
src/product/notifications/NotificationInbox.test.tsx(226,61): error TS7006: Parameter 'req' implicitly has an 'any' type.
src/product/notifications/NotificationInbox.test.tsx(228,66): error TS2769: No overload matches this call.
  Overload 1 of 2, '(role: ByRoleMatcher, options?: ByRoleOptions | undefined): HTMLElement', gave the following error.
    Object literal may only specify known properties, and 'exact' does not exist in type 'ByRoleOptions'.
  Overload 2 of 2, '(role: ByRoleMatcher, options?: ByRoleOptions | undefined): HTMLElement', gave the following error.
    Object literal may only specify known properties, and 'exact' does not exist in type 'ByRoleOptions'.
src/product/notifications/NotificationInbox.tsx(127,148): error TS2339: Property 'explanation' does not exist on type '{ status: "error" | "denied" | "unavailable" | "not-found"; context: { principalId: string | null; tenantId: string | null; sessionId: string; access: "unknown" | "allowed" | "denied"; workspaceId?: string | undefined; }; requestId: string; explanation?: string | undefined; } | { ...; }'.
  Property 'explanation' does not exist on type '{ status: "ok" | "partial"; operation: { kind: "all"; scope: "inbox"; }; readIds: string[]; failures: { id: string; reason: "error" | "denied" | "not-found"; }[]; context: { principalId: string | null; tenantId: string | null; sessionId: string; access: "unknown" | ... 1 more ... | "denied"; workspaceId?: string | u...'.
