failed to load config from /home/user/Documents/workspace/audit-runs/FRONTEND_WAVE2_NLE_TIMELINE_NAVIGATION_AND_INSPECTION_V9/validation-02/snapshot/frontend/vite.config.ts
node:internal/fs/promises:639
  return new FileHandle(await PromisePrototypeThen(
                        ^

Error: EROFS: read-only file system, open '/home/user/Documents/workspace/audit-runs/FRONTEND_WAVE2_NLE_TIMELINE_NAVIGATION_AND_INSPECTION_V9/validation-02/snapshot/frontend/node_modules/.vite-temp/vite.config.ts.timestamp-1788920094368-fa50184ba1772.mjs'
    at async open (node:internal/fs/promises:639:25)
    at async Object.writeFile (node:internal/fs/promises:1222:14)
    at async loadConfigFromBundledFile (file:///home/user/Documents/workspace/projects/.worktrees/frontend-wave2-product-ux-v1/frontend/node_modules/vite/dist/node/chunks/dep-Dm0c1Wj2.js:49588:5)
    at async bundleAndLoadConfigFile (file:///home/user/Documents/workspace/projects/.worktrees/frontend-wave2-product-ux-v1/frontend/node_modules/vite/dist/node/chunks/dep-Dm0c1Wj2.js:49433:22)
    at async loadConfigFromFile (file:///home/user/Documents/workspace/projects/.worktrees/frontend-wave2-product-ux-v1/frontend/node_modules/vite/dist/node/chunks/dep-Dm0c1Wj2.js:49396:44)
    at async resolveConfig (file:///home/user/Documents/workspace/projects/.worktrees/frontend-wave2-product-ux-v1/frontend/node_modules/vite/dist/node/chunks/dep-Dm0c1Wj2.js:48891:24)
    at async createBuilder (file:///home/user/Documents/workspace/projects/.worktrees/frontend-wave2-product-ux-v1/frontend/node_modules/vite/dist/node/chunks/dep-Dm0c1Wj2.js:46866:18)
    at async build (file:///home/user/Documents/workspace/projects/.worktrees/frontend-wave2-product-ux-v1/frontend/node_modules/vite/dist/node/chunks/dep-Dm0c1Wj2.js:46140:19)
    at async file:///home/user/Documents/workspace/audit-runs/FRONTEND_WAVE2_NLE_TIMELINE_NAVIGATION_AND_INSPECTION_V9/browser-v9/build.mjs:4:1 {
  errno: -30,
  code: 'EROFS',
  syscall: 'open',
  path: '/home/user/Documents/workspace/audit-runs/FRONTEND_WAVE2_NLE_TIMELINE_NAVIGATION_AND_INSPECTION_V9/validation-02/snapshot/frontend/node_modules/.vite-temp/vite.config.ts.timestamp-1788920094368-fa50184ba1772.mjs'
}

Node.js v22.23.2
