src/api/app/artifacts.client.ts(1,1): error TS6133: 'z' is declared but its value is never read.
src/api/app/products.client.ts(1,1): error TS6133: 'z' is declared but its value is never read.
src/api/dev/safe-preflight-reports.client.ts(1,1): error TS6133: 'z' is declared but its value is never read.
src/api/guard/contract-guard.ts(33,17): error TS6133: 'context' is declared but its value is never read.
src/pages/AdminRenderJobsPage.tsx(6,7): error TS6133: 'TENANT_ID' is declared but its value is never read.
src/pages/DevConsolePage.tsx(1,20): error TS6133: 'useEffect' is declared but its value is never read.
src/pages/TimelineGitConsolePage.tsx(5,7): error TS6133: 'TENANT_ID' is declared but its value is never read.
src/pages/TimelineGitConsolePage.tsx(408,36): error TS6133: 'onRender' is declared but its value is never read.
src/pages/TimelineGitConsolePage.tsx(530,23): error TS6133: 'setRenderJobId' is declared but its value is never read.
src/query/app/upload/useUploadRawMediaMutation.ts(26,7): error TS6133: 'productsClient' is declared but its value is never read.
src/query/app/upload/useUploadRawMediaMutation.ts(33,24): error TS6133: 'input' is declared but its value is never read.
src/query/app/upload/useUploadRawMediaMutation.ts(47,17): error TS6133: 'data' is declared but its value is never read.
src/timeline/commands/commandEngine.ts(17,3): error TS6196: 'CommandType' is declared but never used.
src/timeline/commands/commands/MoveClipCommand.ts(22,20): error TS6133: 'originalClip' is declared but its value is never read.
src/timeline/components/TimelineIntelligencePanel.tsx(12,3): error TS6133: 'analyzeTimeline' is declared but its value is never read.
src/timeline/components/TimelineIntelligencePanel.tsx(13,3): error TS6133: 'generateSuggestions' is declared but its value is never read.
src/timeline/components/TimelineIntelligencePanel.tsx(14,3): error TS6133: 'resolveTimelineConflicts' is declared but its value is never read.
src/timeline/components/TimelineIntelligencePanel.tsx(15,3): error TS6133: 'autoStackClips' is declared but its value is never read.
src/timeline/components/TimelineIntelligencePanel.tsx(16,3): error TS6133: 'compactTimeline' is declared but its value is never read.
src/timeline/components/TimelineIntelligencePanel.tsx(29,3): error TS6133: 'getAllTraces' is declared but its value is never read.
src/timeline/components/TimelineIntelligencePanel.tsx(55,37): error TS6133: 'trace' is declared but its value is never read.
src/timeline/components/TimelineIntelligencePanel.tsx(89,21): error TS6133: 'trace' is declared but its value is never read.
src/timeline/components/TimelineIntelligencePanel.tsx(122,11): error TS6133: 'replayResult' is declared but its value is never read.
src/timeline/components/TrackView.tsx(22,36): error TS6133: 'layout' is declared but its value is never read.
src/timeline/engine/snap.ts(158,9): error TS6133: 'additionalTargets' is declared but its value is never read.
src/timeline/engine/timelineEngine.ts(18,3): error TS6196: 'TimelineTrack' is declared but never used.
src/timeline/engine/timelineEngine.ts(20,44): error TS6133: 'DEFAULT_SNAP_CONFIG' is declared but its value is never read.
src/timeline/intelligence/autoLayout.ts(12,1): error TS6133: 'DeleteClipCommand' is declared but its value is never read.
src/timeline/intelligence/autoLayout.ts(219,9): error TS6133: 'metadata' is declared but its value is never read.
src/timeline/intelligence/conflictResolver.ts(80,3): error TS6133: 'timeline' is declared but its value is never read.
src/timeline/intelligence/conflictResolver.ts(116,3): error TS6133: 'timeline' is declared but its value is never read.
src/timeline/intelligence/suggestionEngine.ts(13,1): error TS6133: 'AddClipCommand' is declared but its value is never read.
src/timeline/intelligence/suggestionEngine.ts(14,1): error TS6133: 'createClip' is declared but its value is never read.
src/timeline/intelligence/timelineAnalyzer.ts(8,50): error TS6196: 'TimelineTrack' is declared but never used.
src/timeline/intelligence/trace/explainer.ts(8,30): error TS6196: 'DecisionTraceNode' is declared but never used.
src/timeline/intelligence/trace/explainer.ts(9,55): error TS6133: 'formatTraceDuration' is declared but its value is never read.
src/timeline/intelligence/trace/explainer.ts(11,1): error TS6133: 'globalRuleTracker' is declared but its value is never read.
src/timeline/intelligence/trace/intelligenceReplay.ts(9,30): error TS6196: 'DecisionTraceNode' is declared but never used.
src/timeline/intelligence/trace/intelligenceReplay.ts(13,3): error TS6133: 'getTrace' is declared but its value is never read.
src/timeline/intelligence/trace/ruleTracker.ts(8,15): error TS6196: 'DecisionTraceNode' is declared but never used.
