
 RUN  v3.2.6 /home/user/Documents/workspace/projects/.worktrees/frontend-wave2-product-ux-v1/frontend

 ✓ src/foundation/surfaceRegistry.test.ts (3 tests) 9ms
 ✓ src/interaction/model.test.ts (17 tests) 30ms
 ✓ src/product/publication/model.test.ts (8 tests) 48ms
 ✓ src/localization/localization.test.tsx (13 tests) 182ms
 ✓ src/components/app-shell/AppShell.test.tsx (45 tests) 1795ms
stdout | src/product/publication/PublicationWorkspace.test.tsx > Publication select values and options have readable contrast in dark theme
Publication computed style evidence (happy-dom; inherited colors resolved) {"theme":"dark","colors":[{"element":"SELECT","value":"","foreground":"#E8EAED","background":"#181B20","contrast":14.322753879741617},{"element":"OPTION","value":"","foreground":"#E8EAED","background":"#181B20","contrast":14.322753879741617},{"element":"OPTION","value":"a","foreground":"#E8EAED","background":"#181B20","contrast":14.322753879741617},{"element":"OPTION","value":"b","foreground":"#E8EAED","background":"#181B20","contrast":14.322753879741617},{"element":"SELECT","value":"","foreground":"#E8EAED","background":"#181B20","contrast":14.322753879741617},{"element":"OPTION","value":"","foreground":"#E8EAED","background":"#181B20","contrast":14.322753879741617},{"element":"OPTION","value":"alien-state","foreground":"#E8EAED","background":"#181B20","contrast":14.322753879741617},{"element":"OPTION","value":"queued","foreground":"#E8EAED","background":"#181B20","contrast":14.322753879741617},{"element":"SELECT","value":"asc","foreground":"#E8EAED","background":"#181B20","contrast":14.322753879741617},{"element":"OPTION","value":"asc","foreground":"#E8EAED","background":"#181B20","contrast":14.322753879741617},{"element":"OPTION","value":"desc","foreground":"#E8EAED","background":"#181B20","contrast":14.322753879741617},{"element":"SELECT","value":"UTC","foreground":"#E8EAED","background":"#181B20","contrast":14.322753879741617},{"element":"OPTION","value":"UTC","foreground":"#E8EAED","background":"#181B20","contrast":14.322753879741617},{"element":"OPTION","value":"America/Los_Angeles","foreground":"#E8EAED","background":"#181B20","contrast":14.322753879741617},{"element":"OPTION","value":"America/New_York","foreground":"#E8EAED","background":"#181B20","contrast":14.322753879741617},{"element":"OPTION","value":"Europe/London","foreground":"#E8EAED","background":"#181B20","contrast":14.322753879741617},{"element":"OPTION","value":"Europe/Berlin","foreground":"#E8EAED","background":"#181B20","contrast":14.322753879741617},{"element":"OPTION","value":"Asia/Shanghai","foreground":"#E8EAED","background":"#181B20","contrast":14.322753879741617},{"element":"OPTION","value":"Asia/Kolkata","foreground":"#E8EAED","background":"#181B20","contrast":14.322753879741617},{"element":"OPTION","value":"Pacific/Auckland","foreground":"#E8EAED","background":"#181B20","contrast":14.322753879741617}]}

stdout | src/product/publication/PublicationWorkspace.test.tsx > Publication select values and options have readable contrast in light theme
Publication computed style evidence (happy-dom; inherited colors resolved) {"theme":"light","colors":[{"element":"SELECT","value":"","foreground":"#111827","background":"#F3F4F6","contrast":16.119468339438853},{"element":"OPTION","value":"","foreground":"#111827","background":"#F3F4F6","contrast":16.119468339438853},{"element":"OPTION","value":"a","foreground":"#111827","background":"#F3F4F6","contrast":16.119468339438853},{"element":"OPTION","value":"b","foreground":"#111827","background":"#F3F4F6","contrast":16.119468339438853},{"element":"SELECT","value":"","foreground":"#111827","background":"#F3F4F6","contrast":16.119468339438853},{"element":"OPTION","value":"","foreground":"#111827","background":"#F3F4F6","contrast":16.119468339438853},{"element":"OPTION","value":"alien-state","foreground":"#111827","background":"#F3F4F6","contrast":16.119468339438853},{"element":"OPTION","value":"queued","foreground":"#111827","background":"#F3F4F6","contrast":16.119468339438853},{"element":"SELECT","value":"asc","foreground":"#111827","background":"#F3F4F6","contrast":16.119468339438853},{"element":"OPTION","value":"asc","foreground":"#111827","background":"#F3F4F6","contrast":16.119468339438853},{"element":"OPTION","value":"desc","foreground":"#111827","background":"#F3F4F6","contrast":16.119468339438853},{"element":"SELECT","value":"UTC","foreground":"#111827","background":"#F3F4F6","contrast":16.119468339438853},{"element":"OPTION","value":"UTC","foreground":"#111827","background":"#F3F4F6","contrast":16.119468339438853},{"element":"OPTION","value":"America/Los_Angeles","foreground":"#111827","background":"#F3F4F6","contrast":16.119468339438853},{"element":"OPTION","value":"America/New_York","foreground":"#111827","background":"#F3F4F6","contrast":16.119468339438853},{"element":"OPTION","value":"Europe/London","foreground":"#111827","background":"#F3F4F6","contrast":16.119468339438853},{"element":"OPTION","value":"Europe/Berlin","foreground":"#111827","background":"#F3F4F6","contrast":16.119468339438853},{"element":"OPTION","value":"Asia/Shanghai","foreground":"#111827","background":"#F3F4F6","contrast":16.119468339438853},{"element":"OPTION","value":"Asia/Kolkata","foreground":"#111827","background":"#F3F4F6","contrast":16.119468339438853},{"element":"OPTION","value":"Pacific/Auckland","foreground":"#111827","background":"#F3F4F6","contrast":16.119468339438853}]}

 ✓ src/product/publication/PublicationWorkspace.test.tsx (17 tests) 2441ms
   ✓ publication workspace discovery and lifecycle > keeps unscheduled and indeterminate separate, month overflow opens a complete selected-day agenda  452ms
stderr | src/interaction/InteractionShell.test.tsx > Slice1C malformed or missing route IDs and unsupported surface /w/w/projects/p/unsupported expose no old owner
Warning: A notFoundError was encountered on the route with ID "__root__", but a notFoundComponent option was not configured, nor was a router level defaultNotFoundComponent configured. Consider configuring at least one of these to avoid TanStack Router's overly generic defaultNotFoundComponent (<p>Not Found</p>)

stderr | src/interaction/InteractionShell.test.tsx > Slice1C malformed or missing route IDs and unsupported surface /w/w/projects/canvas expose no old owner
Warning: A notFoundError was encountered on the route with ID "__root__", but a notFoundComponent option was not configured, nor was a router level defaultNotFoundComponent configured. Consider configuring at least one of these to avoid TanStack Router's overly generic defaultNotFoundComponent (<p>Not Found</p>)

 ✓ src/interaction/InteractionShell.test.tsx (50 tests) 3255ms
   ✓ converges direct keyboard, toolbar, inspector, command and Agent reveal on the same selection  305ms
   ✓ Slice1C actual route query and hash preserve the same live exact owner and proposal; focus is independent  423ms
 ✓ src/app/routeTree.test.tsx (44 tests) 7806ms
   ✓ runtime route registration and deep-link restoration > restores Workspace, Project, and surface identity from a creative deep link and fails unauthorized commands closed  505ms
   ✓ runtime route registration and deep-link restoration > integrates the disposable sketch on the Workflow route while invoke remains unavailable  373ms
   ✓ runtime route registration and deep-link restoration > retires Workflow drafts and confirmations when host tenant or effective access changes without granting invocation  325ms
   ✓ runtime route registration and deep-link restoration > reaches the post-H7 edit route and loads explicit canonical HEAD authority  378ms
   ✓ runtime route registration and deep-link restoration > renders the Workspace to Projects entry without synthesizing a Project selection  348ms
   ✓ runtime route registration and deep-link restoration > routes the existing Projects destination to the fail-closed recent-project browser without using Workspace home as its source  324ms
   ✓ runtime route registration and deep-link restoration > routes Operations renders to the fail-closed source browser and leaves Storage behavior unchanged  345ms
   ✓ runtime route registration and deep-link restoration > registers the Project Production consumer with exact route scope and no implicit fixture or request  344ms
   ✓ V10 publication route has an ordinary unavailable entry and an explicit host with native renewal continuity and retirement  510ms

 Test Files  8 passed (8)
      Tests  197 passed (197)
   Start at  13:08:54
   Duration  10.96s (transform 4.13s, setup 0ms, collect 9.87s, tests 15.57s, environment 2.31s, prepare 1.04s)

JSON report written to /home/user/Documents/workspace/audit-runs/FRONTEND_WAVE2_PUBLICATION_WORKSPACE_CALENDAR_AND_INSPECTION_V10/writer/correction-01/affected-green/results.json
