vite v6.4.3 building for production...
transforming...
✓ 2 modules transformed.
✗ Build failed in 88ms
node:internal/modules/run_main:123
    triggerUncaughtException(
    ^

[vite]: Rollup failed to resolve import "react/jsx-runtime" from "/home/user/Documents/workspace/audit-runs/FRONTEND_WAVE2_NLE_TIMELINE_NAVIGATION_AND_INSPECTION_V9/browser-v9/fixture-continuation-01/entry.tsx".
This is most likely unintended because it can break your application at runtime.
If you do want to externalize this module explicitly add it to
`build.rollupOptions.external`
    at viteLog (file:///home/user/Documents/workspace/projects/.worktrees/frontend-wave2-product-ux-v1/frontend/node_modules/vite/dist/node/chunks/dep-Dm0c1Wj2.js:46504:15)
    at file:///home/user/Documents/workspace/projects/.worktrees/frontend-wave2-product-ux-v1/frontend/node_modules/vite/dist/node/chunks/dep-Dm0c1Wj2.js:46562:18
    at onwarn (file:///home/user/Documents/workspace/projects/.worktrees/frontend-wave2-product-ux-v1/frontend/node_modules/@vitejs/plugin-react-swc/index.js:74:7)
    at file:///home/user/Documents/workspace/projects/.worktrees/frontend-wave2-product-ux-v1/frontend/node_modules/vite/dist/node/chunks/dep-Dm0c1Wj2.js:46560:7
    at onRollupLog (file:///home/user/Documents/workspace/projects/.worktrees/frontend-wave2-product-ux-v1/frontend/node_modules/vite/dist/node/chunks/dep-Dm0c1Wj2.js:46552:5)
    at onLog (file:///home/user/Documents/workspace/projects/.worktrees/frontend-wave2-product-ux-v1/frontend/node_modules/vite/dist/node/chunks/dep-Dm0c1Wj2.js:46202:7)
    at file:///home/user/Documents/workspace/projects/.worktrees/frontend-wave2-product-ux-v1/frontend/node_modules/rollup/dist/es/shared/node-entry.js:21390:32
    at Object.logger [as onLog] (file:///home/user/Documents/workspace/projects/.worktrees/frontend-wave2-product-ux-v1/frontend/node_modules/rollup/dist/es/shared/node-entry.js:23374:9)
    at ModuleLoader.handleInvalidResolvedId (file:///home/user/Documents/workspace/projects/.worktrees/frontend-wave2-product-ux-v1/frontend/node_modules/rollup/dist/es/shared/node-entry.js:22121:26)
    at file:///home/user/Documents/workspace/projects/.worktrees/frontend-wave2-product-ux-v1/frontend/node_modules/rollup/dist/es/shared/node-entry.js:22079:26 {
  watchFiles: [
    '/home/user/Documents/workspace/audit-runs/FRONTEND_WAVE2_NLE_TIMELINE_NAVIGATION_AND_INSPECTION_V9/browser-v9/fixture-continuation-01/fixture.html',
    '/home/user/Documents/workspace/audit-runs/FRONTEND_WAVE2_NLE_TIMELINE_NAVIGATION_AND_INSPECTION_V9/browser-v9/fixture-continuation-01/entry.tsx'
  ]
}

Node.js v22.23.2
