vite v6.4.3 building for production...
transforming...
✓ 398 modules transformed.
rendering chunks...
computing gzip size...
../build-continuation-01/fixture.html                           0.28 kB │ gzip:   0.22 kB
../build-continuation-01/.vite/manifest.json                    2.63 kB │ gzip:   0.46 kB
../build-continuation-01/assets/FoundationPages-WKc1tMsE.css    4.76 kB │ gzip:   1.21 kB
../build-continuation-01/assets/fixture-3RmvBcNF.css           68.65 kB │ gzip:  12.11 kB
../build-continuation-01/assets/ReviewWorkspace-BKkc8N10.js     7.54 kB │ gzip:   2.69 kB
../build-continuation-01/assets/SemanticDiff-CqidJ3aw.js        7.94 kB │ gzip:   2.94 kB
../build-continuation-01/assets/WorkspaceCanvas-BPqNEk3K.js    18.21 kB │ gzip:   6.08 kB
../build-continuation-01/assets/NleWorkspace-CcYc67uJ.js       28.83 kB │ gzip:   7.99 kB
../build-continuation-01/assets/FoundationPages-COUgE7d6.js    94.32 kB │ gzip:  24.40 kB
../build-continuation-01/assets/fixture-DQ75UpKB.js           705.69 kB │ gzip: 208.81 kB

(!) Some chunks are larger than 500 kB after minification. Consider:
- Using dynamic import() to code-split the application
- Use build.rollupOptions.output.manualChunks to improve chunking: https://rollupjs.org/configuration-options/#output-manualchunks
- Adjust chunk size limit for this warning via build.chunkSizeWarningLimit.
✓ built in 3.64s
