vite v6.4.3 building for production...
transforming...
✓ 398 modules transformed.
rendering chunks...
computing gzip size...
../build-final03/fixture.html                           0.28 kB │ gzip:   0.22 kB
../build-final03/.vite/manifest.json                    2.63 kB │ gzip:   0.46 kB
../build-final03/assets/FoundationPages-WKc1tMsE.css    4.76 kB │ gzip:   1.21 kB
../build-final03/assets/fixture-3RmvBcNF.css           68.65 kB │ gzip:  12.11 kB
../build-final03/assets/ReviewWorkspace-CgYDAytW.js     7.54 kB │ gzip:   2.69 kB
../build-final03/assets/SemanticDiff-BG5VPy2Q.js        7.94 kB │ gzip:   2.94 kB
../build-final03/assets/WorkspaceCanvas-CSbBlV0L.js    18.21 kB │ gzip:   6.08 kB
../build-final03/assets/NleWorkspace-Db6gebFY.js       28.83 kB │ gzip:   7.99 kB
../build-final03/assets/FoundationPages-D_nF17jU.js    94.32 kB │ gzip:  24.40 kB
../build-final03/assets/fixture-CZwE13qG.js           705.70 kB │ gzip: 208.81 kB

(!) Some chunks are larger than 500 kB after minification. Consider:
- Using dynamic import() to code-split the application
- Use build.rollupOptions.output.manualChunks to improve chunking: https://rollupjs.org/configuration-options/#output-manualchunks
- Adjust chunk size limit for this warning via build.chunkSizeWarningLimit.
✓ built in 3.60s
