{
  "schema": "v11-review-correction-frontend-pure-model-v1",
  "execution": "synchronous-node-no-vite-no-vitest-no-server-no-event-loop-socket",
  "loader": {
    "typescript": "5.7.3",
    "transpileModule": true,
    "format": "CommonJS",
    "boundedSources": [
      "/home/user/Documents/workspace/projects/.worktrees/frontend-wave2-product-ux-v1/frontend/src/product/publication/model.ts",
      "/home/user/Documents/workspace/projects/.worktrees/frontend-wave2-product-ux-v1/frontend/src/product/publication/types.ts"
    ],
    "zod": "/home/user/Documents/workspace/projects/.worktrees/frontend-wave2-product-ux-v1/frontend/node_modules/zod/index.cjs"
  },
  "testedSourceHashes": {
    "/home/user/Documents/workspace/projects/.worktrees/frontend-wave2-product-ux-v1/frontend/src/product/publication/model.ts": "39369c83aabb0e5c196c51bd7ce685b35a5cc044d5811c74d020b25cf5b6871b",
    "/home/user/Documents/workspace/projects/.worktrees/frontend-wave2-product-ux-v1/frontend/src/product/publication/types.ts": "251237d65945cc9945aefd774ecd75b24be3d2019f0749da031aa251696be35d"
  },
  "counts": {
    "total": 6,
    "passed": 6,
    "failures": 0,
    "errors": 0,
    "skipped": 0
  },
  "tests": [
    {
      "id": "frontend-pure.actual-modules-and-generic-status-boundary",
      "status": "passed"
    },
    {
      "id": "frontend-pure.parse-publication-exact-request-scope-and-safe-envelope-status",
      "status": "passed"
    },
    {
      "id": "frontend-pure.relation-unavailable-known-empty-and-restricted-remain-distinct",
      "status": "passed"
    },
    {
      "id": "frontend-pure.parse-external-observations-retains-scoped-unbound-references",
      "status": "passed"
    },
    {
      "id": "frontend-pure.parse-external-observations-rejects-binding-and-account-mismatches",
      "status": "passed"
    },
    {
      "id": "frontend-pure.calendar-and-filter-behavior-is-retained",
      "status": "passed"
    }
  ],
  "claimsNotMade": [
    "Vite/Vitest equivalence",
    "DOM/lifecycle equivalence",
    "HTTP behavior",
    "live provider data"
  ]
}
