{
  "tree": "414d6ed80f6d4c01699d56403a043b84b390d1e7",
  "changed": [
    "docs/architecture/governance/frontend-backend-application-api-gap-ledger-v1.md",
    "docs/architecture/governance/frontend-current-governed-scope-ledger-v1.tsv",
    "docs/architecture/governance/frontend-product-information-architecture-v1.md",
    "docs/architecture/governance/frontend-product-path-classification-v1.tsv",
    "frontend/governance/BACKEND_ENABLEMENT_REQUESTS.tsv",
    "frontend/governance/UX_WAVE_1_REVIEW.md",
    "frontend/src/app/routeTree.test.tsx",
    "frontend/src/localization/catalogs.ts",
    "frontend/src/localization/source-manifest.json",
    "frontend/src/product/render-browser/RenderBrowser.test.tsx",
    "frontend/src/product/render-browser/RenderBrowser.tsx",
    "frontend/src/product/render-browser/fixture.ts",
    "frontend/src/product/render-browser/render-browser.css",
    "frontend/src/product/render-browser/source.test.ts",
    "frontend/src/product/render-browser/source.ts"
  ],
  "snapshot": "/home/user/Documents/workspace/audit-runs/FRONTEND_WAVE2_RENDER_OBSERVABILITY_V7/final-validation-01/snapshot"
}
GATE_START targeted-final
{"name": "targeted-final", "implementation_tree": "414d6ed80f6d4c01699d56403a043b84b390d1e7", "command": ["./node_modules/.bin/vitest", "run", "src/product/render-browser", "src/components/app-shell/AppShell.test.tsx", "src/interaction", "src/localization/localization.test.tsx", "src/app/routeTree.test.tsx", "--configLoader", "runner", "--no-cache", "--reporter=json", "--outputFile=/home/user/Documents/workspace/audit-runs/FRONTEND_WAVE2_RENDER_OBSERVABILITY_V7/final-validation-01/TARGETED_FINAL.json"], "containment": ["bwrap", "--die-with-parent", "--ro-bind", "/", "/", "--bind", "/home/user/Documents/workspace/audit-runs/FRONTEND_WAVE2_RENDER_OBSERVABILITY_V7/final-validation-01", "/home/user/Documents/workspace/audit-runs/FRONTEND_WAVE2_RENDER_OBSERVABILITY_V7/final-validation-01", "--ro-bind", "/home/user/Documents/workspace/audit-runs/FRONTEND_WAVE2_RENDER_OBSERVABILITY_V7/final-validation-01/snapshot", "/home/user/Documents/workspace/audit-runs/FRONTEND_WAVE2_RENDER_OBSERVABILITY_V7/final-validation-01/snapshot", "--ro-bind", "/home/user/Documents/workspace/projects/.worktrees/frontend-wave2-product-ux-v1/frontend/node_modules", "/home/user/Documents/workspace/projects/.worktrees/frontend-wave2-product-ux-v1/frontend/node_modules", "--proc", "/proc", "--dev", "/dev", "--tmpfs", "/tmp", "--chdir", "/home/user/Documents/workspace/audit-runs/FRONTEND_WAVE2_RENDER_OBSERVABILITY_V7/final-validation-01/snapshot/frontend", "--"], "exit_code": 0, "elapsed_seconds": 7.989539623260498}
GATE_END targeted-final 0
GATE_START type-policy
{"name": "type-policy", "implementation_tree": "414d6ed80f6d4c01699d56403a043b84b390d1e7", "command": ["npm", "run", "typecheck"], "containment": ["bwrap", "--die-with-parent", "--ro-bind", "/", "/", "--bind", "/home/user/Documents/workspace/audit-runs/FRONTEND_WAVE2_RENDER_OBSERVABILITY_V7/final-validation-01", "/home/user/Documents/workspace/audit-runs/FRONTEND_WAVE2_RENDER_OBSERVABILITY_V7/final-validation-01", "--ro-bind", "/home/user/Documents/workspace/audit-runs/FRONTEND_WAVE2_RENDER_OBSERVABILITY_V7/final-validation-01/snapshot", "/home/user/Documents/workspace/audit-runs/FRONTEND_WAVE2_RENDER_OBSERVABILITY_V7/final-validation-01/snapshot", "--ro-bind", "/home/user/Documents/workspace/projects/.worktrees/frontend-wave2-product-ux-v1/frontend/node_modules", "/home/user/Documents/workspace/projects/.worktrees/frontend-wave2-product-ux-v1/frontend/node_modules", "--proc", "/proc", "--dev", "/dev", "--tmpfs", "/tmp", "--chdir", "/home/user/Documents/workspace/audit-runs/FRONTEND_WAVE2_RENDER_OBSERVABILITY_V7/final-validation-01/snapshot/frontend", "--"], "exit_code": 0, "elapsed_seconds": 10.90155839920044}
GATE_END type-policy 0
GATE_START lint
{"name": "lint", "implementation_tree": "414d6ed80f6d4c01699d56403a043b84b390d1e7", "command": ["./node_modules/.bin/eslint", "src/**/*.{ts,tsx}"], "containment": ["bwrap", "--die-with-parent", "--ro-bind", "/", "/", "--bind", "/home/user/Documents/workspace/audit-runs/FRONTEND_WAVE2_RENDER_OBSERVABILITY_V7/final-validation-01", "/home/user/Documents/workspace/audit-runs/FRONTEND_WAVE2_RENDER_OBSERVABILITY_V7/final-validation-01", "--ro-bind", "/home/user/Documents/workspace/audit-runs/FRONTEND_WAVE2_RENDER_OBSERVABILITY_V7/final-validation-01/snapshot", "/home/user/Documents/workspace/audit-runs/FRONTEND_WAVE2_RENDER_OBSERVABILITY_V7/final-validation-01/snapshot", "--ro-bind", "/home/user/Documents/workspace/projects/.worktrees/frontend-wave2-product-ux-v1/frontend/node_modules", "/home/user/Documents/workspace/projects/.worktrees/frontend-wave2-product-ux-v1/frontend/node_modules", "--proc", "/proc", "--dev", "/dev", "--tmpfs", "/tmp", "--chdir", "/home/user/Documents/workspace/audit-runs/FRONTEND_WAVE2_RENDER_OBSERVABILITY_V7/final-validation-01/snapshot/frontend", "--"], "exit_code": 0, "elapsed_seconds": 5.231803894042969}
GATE_END lint 0
GATE_START architecture
{"name": "architecture", "implementation_tree": "414d6ed80f6d4c01699d56403a043b84b390d1e7", "command": ["node", "scripts/frontend-architecture-guard.mjs"], "containment": ["bwrap", "--die-with-parent", "--ro-bind", "/", "/", "--bind", "/home/user/Documents/workspace/audit-runs/FRONTEND_WAVE2_RENDER_OBSERVABILITY_V7/final-validation-01", "/home/user/Documents/workspace/audit-runs/FRONTEND_WAVE2_RENDER_OBSERVABILITY_V7/final-validation-01", "--ro-bind", "/home/user/Documents/workspace/audit-runs/FRONTEND_WAVE2_RENDER_OBSERVABILITY_V7/final-validation-01/snapshot", "/home/user/Documents/workspace/audit-runs/FRONTEND_WAVE2_RENDER_OBSERVABILITY_V7/final-validation-01/snapshot", "--ro-bind", "/home/user/Documents/workspace/projects/.worktrees/frontend-wave2-product-ux-v1/frontend/node_modules", "/home/user/Documents/workspace/projects/.worktrees/frontend-wave2-product-ux-v1/frontend/node_modules", "--proc", "/proc", "--dev", "/dev", "--tmpfs", "/tmp", "--chdir", "/home/user/Documents/workspace/audit-runs/FRONTEND_WAVE2_RENDER_OBSERVABILITY_V7/final-validation-01/snapshot/frontend", "--"], "exit_code": 0, "elapsed_seconds": 1.5699729919433594}
GATE_END architecture 0
GATE_START architecture-controls
{"name": "architecture-controls", "implementation_tree": "414d6ed80f6d4c01699d56403a043b84b390d1e7", "command": ["node", "scripts/frontend-architecture-guard.test.mjs"], "containment": ["bwrap", "--die-with-parent", "--ro-bind", "/", "/", "--bind", "/home/user/Documents/workspace/audit-runs/FRONTEND_WAVE2_RENDER_OBSERVABILITY_V7/final-validation-01", "/home/user/Documents/workspace/audit-runs/FRONTEND_WAVE2_RENDER_OBSERVABILITY_V7/final-validation-01", "--ro-bind", "/home/user/Documents/workspace/audit-runs/FRONTEND_WAVE2_RENDER_OBSERVABILITY_V7/final-validation-01/snapshot", "/home/user/Documents/workspace/audit-runs/FRONTEND_WAVE2_RENDER_OBSERVABILITY_V7/final-validation-01/snapshot", "--ro-bind", "/home/user/Documents/workspace/projects/.worktrees/frontend-wave2-product-ux-v1/frontend/node_modules", "/home/user/Documents/workspace/projects/.worktrees/frontend-wave2-product-ux-v1/frontend/node_modules", "--proc", "/proc", "--dev", "/dev", "--tmpfs", "/tmp", "--chdir", "/home/user/Documents/workspace/audit-runs/FRONTEND_WAVE2_RENDER_OBSERVABILITY_V7/final-validation-01/snapshot/frontend", "--"], "exit_code": 0, "elapsed_seconds": 2.1718101501464844}
GATE_END architecture-controls 0
GATE_START full-frontend-final
{"name": "full-frontend-final", "implementation_tree": "414d6ed80f6d4c01699d56403a043b84b390d1e7", "command": ["./node_modules/.bin/vitest", "run", "--configLoader", "runner", "--no-cache", "--reporter=json", "--outputFile=/home/user/Documents/workspace/audit-runs/FRONTEND_WAVE2_RENDER_OBSERVABILITY_V7/final-validation-01/FULL_UNIT.json"], "containment": ["bwrap", "--die-with-parent", "--ro-bind", "/", "/", "--bind", "/home/user/Documents/workspace/audit-runs/FRONTEND_WAVE2_RENDER_OBSERVABILITY_V7/final-validation-01", "/home/user/Documents/workspace/audit-runs/FRONTEND_WAVE2_RENDER_OBSERVABILITY_V7/final-validation-01", "--ro-bind", "/home/user/Documents/workspace/audit-runs/FRONTEND_WAVE2_RENDER_OBSERVABILITY_V7/final-validation-01/snapshot", "/home/user/Documents/workspace/audit-runs/FRONTEND_WAVE2_RENDER_OBSERVABILITY_V7/final-validation-01/snapshot", "--ro-bind", "/home/user/Documents/workspace/projects/.worktrees/frontend-wave2-product-ux-v1/frontend/node_modules", "/home/user/Documents/workspace/projects/.worktrees/frontend-wave2-product-ux-v1/frontend/node_modules", "--proc", "/proc", "--dev", "/dev", "--tmpfs", "/tmp", "--chdir", "/home/user/Documents/workspace/audit-runs/FRONTEND_WAVE2_RENDER_OBSERVABILITY_V7/final-validation-01/snapshot/frontend", "--"], "exit_code": 0, "elapsed_seconds": 9.596649408340454}
GATE_END full-frontend-final 0
GATE_START build-final
{"name": "build-final", "implementation_tree": "414d6ed80f6d4c01699d56403a043b84b390d1e7", "command": ["node", "--input-type=module", "-e", "import {build,resolveConfig} from 'vite';import path from 'node:path';import fs from 'node:fs';const output=\"/home/user/Documents/workspace/audit-runs/FRONTEND_WAVE2_RENDER_OBSERVABILITY_V7/final-validation-01/build\";if(fs.existsSync(output))throw Error('External output must be new');const opts={configLoader:'bundle',build:{outDir:output,emptyOutDir:false,manifest:true,rollupOptions:{input:{application:\"/home/user/Documents/workspace/audit-runs/FRONTEND_WAVE2_RENDER_OBSERVABILITY_V7/final-validation-01/snapshot/frontend/index.html\",fixture:\"/home/user/Documents/workspace/audit-runs/FRONTEND_WAVE2_RENDER_OBSERVABILITY_V7/final-validation-01/fixture-host/entry.tsx\"}}}};const c=await resolveConfig(opts,'build');if(path.resolve(c.root,c.build.outDir)!==output)throw Error('Unexpected effective output');console.log('EFFECTIVE_EXTERNAL_OUTPUT='+output);await build(opts);const manifest=JSON.parse(fs.readFileSync(path.join(output,'.vite/manifest.json'),'utf8'));const fixture=Object.values(manifest).find(x=>x.isEntry&&x.name==='fixture');if(!fixture)throw Error('Missing explicit fixture entry');const html=fs.readFileSync(path.join(output,'index.html'),'utf8');const fixtureHtml=html.replace(/(<script[^>]+src=\")([^\"]+)(\")/,(_,a,b,c)=>a+'/'+fixture.file+c);if(fixtureHtml===html)throw Error('Missing standard module entry');fs.writeFileSync(path.join(output,'fixture.html'),fixtureHtml);console.log('EXPLICIT_FIXTURE_ENTRY='+fixture.file);"], "containment": ["bwrap", "--die-with-parent", "--ro-bind", "/", "/", "--bind", "/home/user/Documents/workspace/audit-runs/FRONTEND_WAVE2_RENDER_OBSERVABILITY_V7/final-validation-01", "/home/user/Documents/workspace/audit-runs/FRONTEND_WAVE2_RENDER_OBSERVABILITY_V7/final-validation-01", "--ro-bind", "/home/user/Documents/workspace/audit-runs/FRONTEND_WAVE2_RENDER_OBSERVABILITY_V7/final-validation-01/snapshot", "/home/user/Documents/workspace/audit-runs/FRONTEND_WAVE2_RENDER_OBSERVABILITY_V7/final-validation-01/snapshot", "--ro-bind", "/home/user/Documents/workspace/projects/.worktrees/frontend-wave2-product-ux-v1/frontend/node_modules", "/home/user/Documents/workspace/projects/.worktrees/frontend-wave2-product-ux-v1/frontend/node_modules", "--proc", "/proc", "--dev", "/dev", "--tmpfs", "/tmp", "--chdir", "/home/user/Documents/workspace/audit-runs/FRONTEND_WAVE2_RENDER_OBSERVABILITY_V7/final-validation-01/snapshot/frontend", "--bind", "/home/user/Documents/workspace/audit-runs/FRONTEND_WAVE2_RENDER_OBSERVABILITY_V7/final-validation-01/vite-temp", "/home/user/Documents/workspace/projects/.worktrees/frontend-wave2-product-ux-v1/frontend/node_modules/.vite-temp", "--"], "exit_code": 0, "elapsed_seconds": 6.084237337112427}
GATE_END build-final 0
{"baseline": 797, "final": 789, "files": 38, "passed": 789, "failures": 0, "skips": 0, "added": 41, "removed": 49, "duplicates": 0}
{"tree": "414d6ed80f6d4c01699d56403a043b84b390d1e7", "files": 15, "references": 40, "required_missing": 0, "optional_historical_missing": 2, "manifest_sha256": "2dcf0c845b06036ada04b083ad279de202d5a550f8793490cda5ef7e9d3b4d7e"}
{"head": "f5e19cf53fd010eea2935dd29557e82a879e042c", "branch": "refs/heads/agent/frontend-wave2-product-ux-v1", "final_tree": "414d6ed80f6d4c01699d56403a043b84b390d1e7", "real_index_unchanged": true, "final_scoped_paths": 1005, "final_bytes_modes_membership_match": true, "unchanged_baseline_paths_outside_allowlist": 990, "bounded_historical_and_dist_files": 12, "bounded_preservation_differences": [], "product_git_mutations": 0, "backend_task_checks": 0, "scope": "Named frontend worktree and task-recorded predecessor public/build/receipt plus tracked frontend dist. No parallel backend or whole-system stationarity claim."}
COMPLETE_PATCH_REPLAY=PASS 414d6ed80f6d4c01699d56403a043b84b390d1e7
FINAL_GATES_COMPLETE /home/user/Documents/workspace/audit-runs/FRONTEND_WAVE2_RENDER_OBSERVABILITY_V7/final-validation-01
