
 RUN  v3.2.6 /home/user/Documents/workspace/projects/.worktrees/frontend-wave2-product-ux-v1/frontend

stderr | src/product/timeline/TimelineNavigation.test.tsx > bounded Timeline navigation > aborts late reads on revision and identity/access/adapter/owner changes and rejects retained controls
An update to NavigationSession inside a test was not wrapped in act(...).

When testing, code that causes React state updates should be wrapped into act(...):

act(() => {
  /* fire events that update state */
});
/* assert on the output */

This ensures that you're testing the behavior the user would see in the browser. Learn more at https://react.dev/link/wrap-tests-with-act
An update to NavigationSession inside a test was not wrapped in act(...).

When testing, code that causes React state updates should be wrapped into act(...):

act(() => {
  /* fire events that update state */
});
/* assert on the output */

This ensures that you're testing the behavior the user would see in the browser. Learn more at https://react.dev/link/wrap-tests-with-act

 ✓ src/product/timeline/TimelineNavigation.test.tsx (13 tests) 1052ms

 Test Files  1 passed (1)
      Tests  13 passed (13)
   Start at  09:21:45
   Duration  3.12s (transform 772ms, setup 0ms, collect 1.17s, tests 1.05s, environment 250ms, prepare 119ms)

JSON report written to /home/user/Documents/workspace/audit-runs/FRONTEND_WAVE2_NLE_TIMELINE_NAVIGATION_AND_INSPECTION_V9/writer/navigation-01.tests.json
